/home/zuofengrui.zfr/.local/lib/python3.10/site-packages/torch/cuda/__init__.py:63: FutureWarning: The pynvml package is deprecated. Please install nvidia-ml-py instead. If you did not install pynvml directly, please report this to the maintainers of the package that installed pynvml for you.
  import pynvml  # type: ignore[import]
数据: 5653618 样本, 合法率验证通过
初始化: models/bc_base_50k.pt, 6.77M 参数
训练前评估: 胜率 24.2%, 场均 +0.06
  ep 1/20  dqn=1.0558  cql=1.4211  v=0.3590
  ep 2/20  dqn=0.3847  cql=0.7427  v=0.3476
  ep 3/20  dqn=0.3607  cql=0.1789  v=0.3447
  ep 4/20  dqn=0.3486  cql=0.1066  v=0.3403
  ep 5/20  dqn=0.3436  cql=0.0871  v=0.3377
  ep 6/20  dqn=0.3409  cql=0.0775  v=0.3364
  ep 7/20  dqn=0.3392  cql=0.0718  v=0.3355
  ep 8/20  dqn=0.3379  cql=0.0681  v=0.3348
  ep 9/20  dqn=0.3369  cql=0.0651  v=0.3343
  ep 10/20  dqn=0.3360  cql=0.0628  v=0.3339
  ep 11/20  dqn=0.3353  cql=0.0608  v=0.3335
  ep 12/20  dqn=0.3348  cql=0.0591  v=0.3332
  ep 13/20  dqn=0.3343  cql=0.0579  v=0.3330
  ep 14/20  dqn=0.3339  cql=0.0569  v=0.3328
  ep 15/20  dqn=0.3335  cql=0.0560  v=0.3326
  ep 16/20  dqn=0.3333  cql=0.0554  v=0.3325
  ep 17/20  dqn=0.3331  cql=0.0548  v=0.3323
  ep 18/20  dqn=0.3329  cql=0.0546  v=0.3323
  ep 19/20  dqn=0.3328  cql=0.0543  v=0.3322
  ep 20/20  dqn=0.3327  cql=0.0543  v=0.3322
[20ep] 评估: 胜率 26.7%, 场均 +0.18 ★
  ep 1/20  dqn=0.3340  cql=0.0577  v=0.3328
  ep 2/20  dqn=0.3333  cql=0.0562  v=0.3324
  ep 3/20  dqn=0.3327  cql=0.0548  v=0.3321
  ep 4/20  dqn=0.3321  cql=0.0534  v=0.3317
  ep 5/20  dqn=0.3315  cql=0.0520  v=0.3314
  ep 6/20  dqn=0.3309  cql=0.0508  v=0.3310
  ep 7/20  dqn=0.3303  cql=0.0498  v=0.3308
  ep 8/20  dqn=0.3298  cql=0.0488  v=0.3303
  ep 9/20  dqn=0.3292  cql=0.0479  v=0.3300
  ep 10/20  dqn=0.3287  cql=0.0469  v=0.3297
  ep 11/20  dqn=0.3282  cql=0.0464  v=0.3294
  ep 12/20  dqn=0.3277  cql=0.0457  v=0.3291
  ep 13/20  dqn=0.3273  cql=0.0452  v=0.3288
  ep 14/20  dqn=0.3269  cql=0.0447  v=0.3286
  ep 15/20  dqn=0.3266  cql=0.0443  v=0.3284
  ep 16/20  dqn=0.3263  cql=0.0440  v=0.3282
  ep 17/20  dqn=0.3261  cql=0.0438  v=0.3280
  ep 18/20  dqn=0.3260  cql=0.0436  v=0.3279
  ep 19/20  dqn=0.3259  cql=0.0435  v=0.3279
  ep 20/20  dqn=0.3258  cql=0.0435  v=0.3278
[40ep] 评估: 胜率 26.8%, 场均 +0.21 ★
  ep 1/20  dqn=0.3276  cql=0.0463  v=0.3288
  ep 2/20  dqn=0.3272  cql=0.0462  v=0.3285
  ep 3/20  dqn=0.3268  cql=0.0462  v=0.3282
  ep 4/20  dqn=0.3261  cql=0.0451  v=0.3278
  ep 5/20  dqn=0.3255  cql=0.0448  v=0.3273
  ep 6/20  dqn=0.3249  cql=0.0442  v=0.3268
  ep 7/20  dqn=0.3243  cql=0.0436  v=0.3263
  ep 8/20  dqn=0.3237  cql=0.0432  v=0.3260
  ep 9/20  dqn=0.3230  cql=0.0426  v=0.3254
  ep 10/20  dqn=0.3224  cql=0.0421  v=0.3249
  ep 11/20  dqn=0.3218  cql=0.0418  v=0.3244
  ep 12/20  dqn=0.3212  cql=0.0414  v=0.3239
  ep 13/20  dqn=0.3207  cql=0.0410  v=0.3235
  ep 14/20  dqn=0.3203  cql=0.0408  v=0.3232
  ep 15/20  dqn=0.3198  cql=0.0405  v=0.3228
  ep 16/20  dqn=0.3195  cql=0.0403  v=0.3225
  ep 17/20  dqn=0.3192  cql=0.0402  v=0.3223
  ep 18/20  dqn=0.3190  cql=0.0400  v=0.3221
  ep 19/20  dqn=0.3188  cql=0.0400  v=0.3220
  ep 20/20  dqn=0.3187  cql=0.0399  v=0.3219
[60ep] 评估: 胜率 26.7%, 场均 +0.20
完成。最优场均 +0.21
