/home/zuofengrui.zfr/.local/lib/python3.10/site-packages/torch/cuda/__init__.py:63: FutureWarning: The pynvml package is deprecated. Please install nvidia-ml-py instead. If you did not install pynvml directly, please report this to the maintainers of the package that installed pynvml for you.
  import pynvml  # type: ignore[import]
数据: 5653618 样本, 合法率验证通过
初始化: models/bc_base_50k.pt, 6.77M 参数
训练前评估: 胜率 24.2%, 场均 +0.06
  ep 1/20  dqn=1.3079  cql=0.1815  v=0.3618
  ep 2/20  dqn=0.3981  cql=0.0484  v=0.3513
  ep 3/20  dqn=0.3718  cql=0.0405  v=0.3471
  ep 4/20  dqn=0.3621  cql=0.0370  v=0.3442
  ep 5/20  dqn=0.3568  cql=0.0346  v=0.3421
  ep 6/20  dqn=0.3534  cql=0.0329  v=0.3406
  ep 7/20  dqn=0.3510  cql=0.0316  v=0.3395
  ep 8/20  dqn=0.3490  cql=0.0304  v=0.3386
  ep 9/20  dqn=0.3475  cql=0.0293  v=0.3379
  ep 10/20  dqn=0.3462  cql=0.0284  v=0.3374
  ep 11/20  dqn=0.3452  cql=0.0277  v=0.3370
  ep 12/20  dqn=0.3444  cql=0.0270  v=0.3367
  ep 13/20  dqn=0.3437  cql=0.0265  v=0.3364
  ep 14/20  dqn=0.3431  cql=0.0260  v=0.3362
  ep 15/20  dqn=0.3427  cql=0.0256  v=0.3360
  ep 16/20  dqn=0.3423  cql=0.0253  v=0.3359
  ep 17/20  dqn=0.3420  cql=0.0251  v=0.3358
  ep 18/20  dqn=0.3418  cql=0.0249  v=0.3357
  ep 19/20  dqn=0.3417  cql=0.0248  v=0.3357
  ep 20/20  dqn=0.3417  cql=0.0248  v=0.3356
[20ep] 评估: 胜率 26.9%, 场均 +0.20 ★
  ep 1/20  dqn=0.3433  cql=0.0264  v=0.3361
  ep 2/20  dqn=0.3422  cql=0.0256  v=0.3356
  ep 3/20  dqn=0.3414  cql=0.0249  v=0.3353
  ep 4/20  dqn=0.3406  cql=0.0242  v=0.3350
  ep 5/20  dqn=0.3399  cql=0.0235  v=0.3347
  ep 6/20  dqn=0.3391  cql=0.0228  v=0.3344
  ep 7/20  dqn=0.3385  cql=0.0222  v=0.3342
  ep 8/20  dqn=0.3379  cql=0.0216  v=0.3339
  ep 9/20  dqn=0.3373  cql=0.0210  v=0.3337
  ep 10/20  dqn=0.3367  cql=0.0205  v=0.3335
  ep 11/20  dqn=0.3363  cql=0.0200  v=0.3333
  ep 12/20  dqn=0.3358  cql=0.0196  v=0.3331
  ep 13/20  dqn=0.3354  cql=0.0192  v=0.3330
  ep 14/20  dqn=0.3351  cql=0.0189  v=0.3328
  ep 15/20  dqn=0.3348  cql=0.0187  v=0.3327
  ep 16/20  dqn=0.3346  cql=0.0184  v=0.3326
  ep 17/20  dqn=0.3344  cql=0.0183  v=0.3325
  ep 18/20  dqn=0.3343  cql=0.0182  v=0.3325
  ep 19/20  dqn=0.3341  cql=0.0181  v=0.3324
  ep 20/20  dqn=0.3341  cql=0.0180  v=0.3324
[40ep] 评估: 胜率 27.2%, 场均 +0.25 ★
  ep 1/20  dqn=0.3363  cql=0.0198  v=0.3331
  ep 2/20  dqn=0.3356  cql=0.0193  v=0.3329
  ep 3/20  dqn=0.3352  cql=0.0189  v=0.3327
  ep 4/20  dqn=0.3347  cql=0.0184  v=0.3325
  ep 5/20  dqn=0.3343  cql=0.0180  v=0.3323
  ep 6/20  dqn=0.3337  cql=0.0175  v=0.3320
  ep 7/20  dqn=0.3333  cql=0.0170  v=0.3319
  ep 8/20  dqn=0.3328  cql=0.0165  v=0.3317
  ep 9/20  dqn=0.3323  cql=0.0160  v=0.3314
  ep 10/20  dqn=0.3318  cql=0.0156  v=0.3312
  ep 11/20  dqn=0.3314  cql=0.0152  v=0.3310
  ep 12/20  dqn=0.3310  cql=0.0148  v=0.3308
  ep 13/20  dqn=0.3306  cql=0.0145  v=0.3306
  ep 14/20  dqn=0.3303  cql=0.0143  v=0.3305
  ep 15/20  dqn=0.3300  cql=0.0140  v=0.3303
  ep 16/20  dqn=0.3298  cql=0.0139  v=0.3302
  ep 17/20  dqn=0.3296  cql=0.0137  v=0.3301
  ep 18/20  dqn=0.3294  cql=0.0136  v=0.3300
  ep 19/20  dqn=0.3293  cql=0.0135  v=0.3300
  ep 20/20  dqn=0.3293  cql=0.0135  v=0.3299
[60ep] 评估: 胜率 27.1%, 场均 +0.23
完成。最优场均 +0.25
