热启动 models/hv_value_pretrained.pt (size=small, value 头重新初始化)
iter    1 样本  8887 步  7/1ep pi +0.0163 v 0.5912 ent 0.58 kl +0.0207 clip 0.15 vR² -0.176 名次奖励均+0.00 采集2.2s
iter    2 样本  8788 步 27/3ep pi -0.0080 v 0.4562 ent 0.60 kl +0.0201 clip 0.13 vR² -0.009 名次奖励均+0.00 采集2.1s
iter    3 样本  9023 步 36/4ep pi -0.0154 v 0.4203 ent 0.60 kl +0.0155 clip 0.12 vR² +0.030 名次奖励均+0.00 采集2.2s
iter    4 样本  8947 步 36/4ep pi -0.0181 v 0.4144 ent 0.59 kl +0.0152 clip 0.11 vR² +0.047 名次奖励均+0.00 采集2.2s
iter    5 样本  8858 步 36/4ep pi -0.0191 v 0.4091 ent 0.57 kl +0.0105 clip 0.11 vR² +0.059 名次奖励均+0.00 采集2.1s
iter    6 样本  9018 步 36/4ep pi -0.0170 v 0.4014 ent 0.57 kl +0.0104 clip 0.11 vR² +0.068 名次奖励均+0.00 采集2.2s
iter    7 样本  8981 步 36/4ep pi -0.0159 v 0.3748 ent 0.56 kl +0.0097 clip 0.11 vR² +0.082 名次奖励均+0.00 采集2.2s
iter    8 样本  8796 步 36/4ep pi -0.0184 v 0.3866 ent 0.56 kl +0.0125 clip 0.10 vR² +0.102 名次奖励均+0.00 采集2.2s
iter    9 样本  9059 步 36/4ep pi -0.0183 v 0.3779 ent 0.55 kl +0.0139 clip 0.11 vR² +0.110 名次奖励均+0.00 采集2.2s
iter   10 样本  8622 步 36/4ep pi -0.0176 v 0.3824 ent 0.55 kl +0.0128 clip 0.11 vR² +0.103 名次奖励均+0.00 采集2.1s
   [评估 150seed×4座位 vs v31n] 名次差 -0.488±0.091 (t=-5.3)  得分差 -1.168±0.298  用时31s
iter   11 样本  8885 步 36/4ep pi -0.0170 v 0.4020 ent 0.55 kl +0.0105 clip 0.10 vR² +0.091 名次奖励均+0.00 采集2.3s
iter   12 样本  9015 步 36/4ep pi -0.0176 v 0.3875 ent 0.56 kl +0.0127 clip 0.12 vR² +0.108 名次奖励均+0.00 采集2.3s
iter   13 样本  9017 步 36/4ep pi -0.0178 v 0.3840 ent 0.53 kl +0.0108 clip 0.11 vR² +0.116 名次奖励均+0.00 采集2.2s
iter   14 样本  8983 步 36/4ep pi -0.0155 v 0.3767 ent 0.53 kl +0.0148 clip 0.12 vR² +0.109 名次奖励均+0.00 采集2.2s
iter   15 样本  8779 步 36/4ep pi -0.0172 v 0.3512 ent 0.53 kl +0.0157 clip 0.11 vR² +0.145 名次奖励均+0.00 采集2.2s
iter   16 样本  9162 步 36/4ep pi -0.0188 v 0.3620 ent 0.54 kl +0.0151 clip 0.12 vR² +0.157 名次奖励均+0.00 采集2.3s
iter   17 样本  9122 步 36/4ep pi -0.0156 v 0.3549 ent 0.52 kl +0.0149 clip 0.12 vR² +0.163 名次奖励均+0.00 采集2.2s
iter   18 样本  8964 步 36/4ep pi -0.0155 v 0.3632 ent 0.53 kl +0.0149 clip 0.13 vR² +0.180 名次奖励均+0.00 采集2.2s
iter   19 样本  8913 步 36/4ep pi -0.0150 v 0.3600 ent 0.51 kl +0.0163 clip 0.12 vR² +0.122 名次奖励均+0.00 采集2.3s
iter   20 样本  8893 步 36/4ep pi -0.0170 v 0.3475 ent 0.51 kl +0.0110 clip 0.11 vR² +0.152 名次奖励均+0.00 采集2.2s
   [评估 150seed×4座位 vs v31n] 名次差 -0.510±0.090 (t=-5.7)  得分差 -1.338±0.296  用时30s
iter   21 样本  8753 步 36/4ep pi -0.0151 v 0.3422 ent 0.51 kl +0.0125 clip 0.11 vR² +0.188 名次奖励均+0.00 采集2.3s
iter   22 样本  9120 步 36/4ep pi -0.0148 v 0.3425 ent 0.51 kl +0.0134 clip 0.11 vR² +0.188 名次奖励均+0.00 采集2.3s
iter   23 样本  8837 步 36/4ep pi -0.0153 v 0.3604 ent 0.49 kl +0.0112 clip 0.11 vR² +0.169 名次奖励均+0.00 采集2.2s
iter   24 样本  8954 步 36/4ep pi -0.0163 v 0.3472 ent 0.50 kl +0.0122 clip 0.11 vR² +0.186 名次奖励均+0.00 采集2.2s
iter   25 样本  8944 步 36/4ep pi -0.0160 v 0.3220 ent 0.48 kl +0.0154 clip 0.12 vR² +0.203 名次奖励均+0.00 采集2.3s
iter   26 样本  8929 步 36/4ep pi -0.0148 v 0.3298 ent 0.47 kl +0.0106 clip 0.11 vR² +0.224 名次奖励均+0.00 采集2.3s
iter   27 样本  8964 步 36/4ep pi -0.0172 v 0.3349 ent 0.47 kl +0.0093 clip 0.11 vR² +0.169 名次奖励均+0.00 采集2.2s
iter   28 样本  8947 步 36/4ep pi -0.0156 v 0.3345 ent 0.47 kl +0.0120 clip 0.11 vR² +0.204 名次奖励均+0.00 采集2.2s
iter   29 样本  9008 步 36/4ep pi -0.0150 v 0.3324 ent 0.46 kl +0.0131 clip 0.11 vR² +0.207 名次奖励均+0.00 采集2.3s
iter   30 样本  9020 步 36/4ep pi -0.0161 v 0.3416 ent 0.45 kl +0.0125 clip 0.11 vR² +0.181 名次奖励均+0.00 采集2.2s
   [评估 150seed×4座位 vs v31n] 名次差 -0.492±0.094 (t=-5.2)  得分差 -1.410±0.308  用时30s
iter   31 样本  9050 步 36/4ep pi -0.0146 v 0.3396 ent 0.45 kl +0.0145 clip 0.12 vR² +0.179 名次奖励均+0.00 采集2.4s
iter   32 样本  8916 步 36/4ep pi -0.0168 v 0.3516 ent 0.45 kl +0.0129 clip 0.10 vR² +0.195 名次奖励均+0.00 采集2.2s
iter   33 样本  8972 步 36/4ep pi -0.0162 v 0.3390 ent 0.44 kl +0.0134 clip 0.11 vR² +0.180 名次奖励均+0.00 采集2.3s
iter   34 样本  9100 步 36/4ep pi -0.0152 v 0.3285 ent 0.43 kl +0.0116 clip 0.11 vR² +0.221 名次奖励均+0.00 采集2.2s
iter   35 样本  9018 步 36/4ep pi -0.0154 v 0.3492 ent 0.43 kl +0.0127 clip 0.11 vR² +0.186 名次奖励均+0.00 采集2.3s
iter   36 样本  9030 步 36/4ep pi -0.0159 v 0.3319 ent 0.44 kl +0.0124 clip 0.10 vR² +0.224 名次奖励均+0.00 采集2.2s
iter   37 样本  8952 步 36/4ep pi -0.0139 v 0.3153 ent 0.42 kl +0.0147 clip 0.11 vR² +0.227 名次奖励均+0.00 采集2.2s
iter   38 样本  9167 步 36/4ep pi -0.0139 v 0.3153 ent 0.44 kl +0.0149 clip 0.12 vR² +0.233 名次奖励均+0.00 采集2.3s
iter   39 样本  9256 步 40/4ep pi -0.0133 v 0.3073 ent 0.42 kl +0.0122 clip 0.11 vR² +0.221 名次奖励均+0.00 采集2.3s
iter   40 样本  8968 步 36/4ep pi -0.0141 v 0.3232 ent 0.43 kl +0.0133 clip 0.11 vR² +0.240 名次奖励均+0.00 采集2.2s
   [评估 150seed×4座位 vs v31n] 名次差 -0.552±0.092 (t=-6.0)  得分差 -1.553±0.298  用时30s
完成。最佳 名次差 -0.488 分/局 vs v31n, 模型 models/ab_gentle_best.pt
