热启动 models/hv_value_pretrained.pt (size=small, value 头重新初始化)
iter    1 样本  8882 步  2/1ep pi +0.0507 v 0.5408 ent 0.56 kl +0.1182 clip 0.19 vR² -0.091 名次奖励均+0.00 采集2.2s
iter    2 样本  9133 步  2/1ep pi -0.0312 v 0.4544 ent 0.60 kl +0.0236 clip 0.13 vR² -0.048 名次奖励均+0.00 采集2.2s
iter    3 样本  8849 步  3/1ep pi +0.0146 v 0.4726 ent 0.59 kl +0.0207 clip 0.15 vR² -0.014 名次奖励均+0.00 采集2.1s
iter    4 样本  9169 步  4/1ep pi +0.0226 v 0.4151 ent 0.62 kl +0.0202 clip 0.16 vR² -0.011 名次奖励均+0.00 采集2.2s
iter    5 样本  9189 步  6/1ep pi +0.0074 v 0.4037 ent 0.63 kl +0.0208 clip 0.15 vR² +0.029 名次奖励均+0.00 采集2.2s
iter    6 样本  9107 步  9/1ep pi +0.0132 v 0.3973 ent 0.67 kl +0.0219 clip 0.17 vR² +0.048 名次奖励均+0.00 采集2.2s
iter    7 样本  9201 步 13/2ep pi -0.0009 v 0.3933 ent 0.71 kl +0.0215 clip 0.17 vR² +0.063 名次奖励均+0.00 采集2.2s
iter    8 样本  9341 步 11/2ep pi +0.0262 v 0.3666 ent 0.73 kl +0.0225 clip 0.18 vR² +0.089 名次奖励均+0.00 采集2.4s
iter    9 样本  9412 步  8/1ep pi +0.0166 v 0.3734 ent 0.73 kl +0.0210 clip 0.17 vR² +0.083 名次奖励均+0.00 采集2.2s
iter   10 样本  9528 步 13/2ep pi +0.0100 v 0.3538 ent 0.72 kl +0.0202 clip 0.17 vR² +0.111 名次奖励均+0.00 采集2.3s
   [评估 150seed×4座位 vs v31n] 名次差 -0.715±0.094 (t=-7.6)  得分差 -2.093±0.299  用时31s
iter   11 样本  9471 步 14/2ep pi +0.0067 v 0.3432 ent 0.78 kl +0.0202 clip 0.19 vR² +0.114 名次奖励均+0.00 采集2.4s
iter   12 样本  9607 步 18/2ep pi +0.0004 v 0.3467 ent 0.82 kl +0.0205 clip 0.18 vR² +0.152 名次奖励均+0.00 采集2.3s
iter   13 样本  9728 步 16/2ep pi +0.0042 v 0.3417 ent 0.80 kl +0.0208 clip 0.18 vR² +0.126 名次奖励均+0.00 采集2.4s
iter   14 样本  9656 步 16/2ep pi +0.0011 v 0.3371 ent 0.87 kl +0.0205 clip 0.22 vR² +0.152 名次奖励均+0.00 采集2.3s
iter   15 样本  9615 步 15/2ep pi +0.0024 v 0.3491 ent 0.88 kl +0.0212 clip 0.18 vR² +0.138 名次奖励均+0.00 采集2.3s
iter   16 样本 10003 步 12/2ep pi +0.0045 v 0.3055 ent 0.92 kl +0.0213 clip 0.20 vR² +0.156 名次奖励均+0.00 采集2.4s
iter   17 样本  9892 步  6/1ep pi +0.0047 v 0.3149 ent 0.93 kl +0.0217 clip 0.17 vR² +0.143 名次奖励均+0.00 采集2.4s
iter   18 样本  9843 步 16/2ep pi +0.0060 v 0.2999 ent 0.94 kl +0.0209 clip 0.21 vR² +0.201 名次奖励均+0.00 采集2.4s
iter   19 样本  9935 步 18/2ep pi -0.0017 v 0.2903 ent 0.89 kl +0.0202 clip 0.19 vR² +0.197 名次奖励均+0.00 采集2.4s
iter   20 样本  9961 步 19/2ep pi -0.0039 v 0.2919 ent 0.95 kl +0.0204 clip 0.21 vR² +0.217 名次奖励均+0.00 采集2.5s
   [评估 150seed×4座位 vs v31n] 名次差 -0.867±0.092 (t=-9.4)  得分差 -2.443±0.296  用时31s
iter   21 样本  9870 步 19/2ep pi -0.0053 v 0.2667 ent 0.95 kl +0.0205 clip 0.19 vR² +0.231 名次奖励均+0.00 采集2.6s
iter   22 样本  9846 步 17/2ep pi +0.0047 v 0.3093 ent 0.96 kl +0.0204 clip 0.20 vR² +0.191 名次奖励均+0.00 采集2.4s
iter   23 样本 10090 步 13/2ep pi +0.0045 v 0.2841 ent 0.97 kl +0.0204 clip 0.20 vR² +0.206 名次奖励均+0.00 采集2.5s
iter   24 样本 10085 步  6/1ep pi +0.0003 v 0.2816 ent 1.02 kl +0.0201 clip 0.18 vR² +0.202 名次奖励均+0.00 采集2.4s
iter   25 样本  9900 步 23/3ep pi -0.0138 v 0.2770 ent 1.00 kl +0.0200 clip 0.22 vR² +0.258 名次奖励均+0.00 采集2.4s
iter   26 样本  9943 步 21/3ep pi -0.0098 v 0.2831 ent 1.00 kl +0.0201 clip 0.19 vR² +0.252 名次奖励均+0.00 采集2.4s
iter   27 样本 10167 步 23/3ep pi -0.0080 v 0.2845 ent 1.04 kl +0.0211 clip 0.21 vR² +0.223 名次奖励均+0.00 采集2.4s
iter   28 样本 10055 步 16/2ep pi -0.0008 v 0.2929 ent 1.06 kl +0.0210 clip 0.20 vR² +0.199 名次奖励均+0.00 采集2.4s
iter   29 样本 10153 步 23/3ep pi -0.0075 v 0.2580 ent 1.06 kl +0.0206 clip 0.21 vR² +0.270 名次奖励均+0.00 采集2.5s
iter   30 样本 10157 步 21/3ep pi -0.0023 v 0.2551 ent 1.08 kl +0.0200 clip 0.20 vR² +0.257 名次奖励均+0.00 采集2.5s
   [评估 150seed×4座位 vs v31n] 名次差 -0.908±0.090 (t=-10.1)  得分差 -2.652±0.291  用时31s
iter   31 样本 10282 步 20/2ep pi -0.0088 v 0.2613 ent 1.09 kl +0.0206 clip 0.20 vR² +0.257 名次奖励均+0.00 采集2.7s
iter   32 样本  9912 步 18/2ep pi +0.0011 v 0.2933 ent 1.10 kl +0.0206 clip 0.21 vR² +0.227 名次奖励均+0.00 采集2.4s
iter   33 样本 10239 步 26/3ep pi -0.0152 v 0.2559 ent 1.12 kl +0.0202 clip 0.20 vR² +0.278 名次奖励均+0.00 采集2.5s
iter   34 样本 10278 步 22/2ep pi -0.0071 v 0.2596 ent 1.14 kl +0.0220 clip 0.22 vR² +0.270 名次奖励均+0.00 采集2.5s
iter   35 样本 10117 步 28/3ep pi -0.0134 v 0.2631 ent 1.16 kl +0.0203 clip 0.21 vR² +0.273 名次奖励均+0.00 采集2.4s
iter   36 样本 10257 步 15/2ep pi +0.0197 v 0.2781 ent 1.18 kl +0.0207 clip 0.18 vR² +0.212 名次奖励均+0.00 采集2.5s
iter   37 样本 10164 步 31/4ep pi -0.0184 v 0.2456 ent 1.20 kl +0.0205 clip 0.23 vR² +0.276 名次奖励均+0.00 采集2.4s
iter   38 样本 10318 步 29/3ep pi -0.0171 v 0.2637 ent 1.22 kl +0.0204 clip 0.22 vR² +0.225 名次奖励均+0.00 采集2.4s
iter   39 样本 10183 步 25/3ep pi -0.0109 v 0.2432 ent 1.24 kl +0.0202 clip 0.22 vR² +0.216 名次奖励均+0.00 采集2.5s
iter   40 样本 10457 步 29/3ep pi -0.0177 v 0.2526 ent 1.24 kl +0.0201 clip 0.24 vR² +0.216 名次奖励均+0.00 采集2.5s
   [评估 150seed×4座位 vs v31n] 名次差 -1.063±0.089 (t=-11.9)  得分差 -3.090±0.288  用时30s
完成。最佳 名次差 -0.715 分/局 vs v31n, 模型 models/ab_shuf_best.pt
