models/k0_nn.npz: 103934 条 (验证 5196) 软标签
models/k0_v31.npz: 55046 条 (验证 2752) 软标签
models/k0_nn_fw.npz: 42416 条 (验证 2120) 软标签
models/k0_nn_r2.npz: 56180 条 (验证 2809) 软标签
训练样本(加权后) 244699   权重 [1.0, 1.0, 1.0, 1.0]
epoch  1 loss 1.7945 | k0_nn.npz 命中 0.5067 | k0_v31.npz 命中 0.5153 | k0_nn_fw.npz 命中 0.4509 | k0_nn_r2.npz 命中 0.5155 
epoch  2 loss 1.5252 | k0_nn.npz 命中 0.5370 | k0_v31.npz 命中 0.5516 | k0_nn_fw.npz 命中 0.4774 | k0_nn_r2.npz 命中 0.5489 
epoch  3 loss 1.4437 | k0_nn.npz 命中 0.5498 | k0_v31.npz 命中 0.5756 | k0_nn_fw.npz 命中 0.4882 | k0_nn_r2.npz 命中 0.5568 
epoch  4 loss 1.3859 | k0_nn.npz 命中 0.5448 | k0_v31.npz 命中 0.5854 | k0_nn_fw.npz 命中 0.4981 | k0_nn_r2.npz 命中 0.5457 
epoch  5 loss 1.3434 | k0_nn.npz 命中 0.5570 | k0_v31.npz 命中 0.5847 | k0_nn_fw.npz 命中 0.5052 | k0_nn_r2.npz 命中 0.5596 
epoch  6 loss 1.3096 | k0_nn.npz 命中 0.5695 | k0_v31.npz 命中 0.5923 | k0_nn_fw.npz 命中 0.5061 | k0_nn_r2.npz 命中 0.5650 
epoch  7 loss 1.2845 | k0_nn.npz 命中 0.5760 | k0_v31.npz 命中 0.6076 | k0_nn_fw.npz 命中 0.5292 | k0_nn_r2.npz 命中 0.5728 
epoch  8 loss 1.2634 | k0_nn.npz 命中 0.5774 | k0_v31.npz 命中 0.6014 | k0_nn_fw.npz 命中 0.5264 | k0_nn_r2.npz 命中 0.5714 
epoch  9 loss 1.2457 | k0_nn.npz 命中 0.5870 | k0_v31.npz 命中 0.6097 | k0_nn_fw.npz 命中 0.5288 | k0_nn_r2.npz 命中 0.5789 
epoch 10 loss 1.2288 | k0_nn.npz 命中 0.5845 | k0_v31.npz 命中 0.6094 | k0_nn_fw.npz 命中 0.5297 | k0_nn_r2.npz 命中 0.5824 
epoch 11 loss 1.2121 | k0_nn.npz 命中 0.5935 | k0_v31.npz 命中 0.6152 | k0_nn_fw.npz 命中 0.5335 | k0_nn_r2.npz 命中 0.5838 
epoch 12 loss 1.1991 | k0_nn.npz 命中 0.5937 | k0_v31.npz 命中 0.6221 | k0_nn_fw.npz 命中 0.5495 | k0_nn_r2.npz 命中 0.5959 
epoch 13 loss 1.1858 | k0_nn.npz 命中 0.5870 | k0_v31.npz 命中 0.6243 | k0_nn_fw.npz 命中 0.5387 | k0_nn_r2.npz 命中 0.5927 
epoch 14 loss 1.1730 | k0_nn.npz 命中 0.5951 | k0_v31.npz 命中 0.6330 | k0_nn_fw.npz 命中 0.5429 | k0_nn_r2.npz 命中 0.5799 
epoch 15 loss 1.1601 | k0_nn.npz 命中 0.5903 | k0_v31.npz 命中 0.6275 | k0_nn_fw.npz 命中 0.5670 | k0_nn_r2.npz 命中 0.5949 
epoch 16 loss 1.1478 | k0_nn.npz 命中 0.5968 | k0_v31.npz 命中 0.6246 | k0_nn_fw.npz 命中 0.5613 | k0_nn_r2.npz 命中 0.5934 
epoch 17 loss 1.1373 | k0_nn.npz 命中 0.5982 | k0_v31.npz 命中 0.6384 | k0_nn_fw.npz 命中 0.5552 | k0_nn_r2.npz 命中 0.5977 
epoch 18 loss 1.1272 | k0_nn.npz 命中 0.6018 | k0_v31.npz 命中 0.6366 | k0_nn_fw.npz 命中 0.5528 | k0_nn_r2.npz 命中 0.5984 
epoch 19 loss 1.1157 | k0_nn.npz 命中 0.6010 | k0_v31.npz 命中 0.6330 | k0_nn_fw.npz 命中 0.5566 | k0_nn_r2.npz 命中 0.5970 
epoch 20 loss 1.1080 | k0_nn.npz 命中 0.6068 | k0_v31.npz 命中 0.6217 | k0_nn_fw.npz 命中 0.5646 | k0_nn_r2.npz 命中 0.5942 
epoch 21 loss 1.0960 | k0_nn.npz 命中 0.6053 | k0_v31.npz 命中 0.6435 | k0_nn_fw.npz 命中 0.5608 | k0_nn_r2.npz 命中 0.6102 
epoch 22 loss 1.0875 | k0_nn.npz 命中 0.6072 | k0_v31.npz 命中 0.6417 | k0_nn_fw.npz 命中 0.5514 | k0_nn_r2.npz 命中 0.5963 
epoch 23 loss 1.0791 | k0_nn.npz 命中 0.6064 | k0_v31.npz 命中 0.6377 | k0_nn_fw.npz 命中 0.5509 | k0_nn_r2.npz 命中 0.5988 
epoch 24 loss 1.0706 | k0_nn.npz 命中 0.6051 | k0_v31.npz 命中 0.6363 | k0_nn_fw.npz 命中 0.5599 | k0_nn_r2.npz 命中 0.6009 
epoch 25 loss 1.0632 | k0_nn.npz 命中 0.6082 | k0_v31.npz 命中 0.6424 | k0_nn_fw.npz 命中 0.5519 | k0_nn_r2.npz 命中 0.6006 
epoch 26 loss 1.0561 | k0_nn.npz 命中 0.6018 | k0_v31.npz 命中 0.6472 | k0_nn_fw.npz 命中 0.5698 | k0_nn_r2.npz 命中 0.6034 
epoch 27 loss 1.0489 | k0_nn.npz 命中 0.6035 | k0_v31.npz 命中 0.6359 | k0_nn_fw.npz 命中 0.5580 | k0_nn_r2.npz 命中 0.6009 
epoch 28 loss 1.0421 | k0_nn.npz 命中 0.6043 | k0_v31.npz 命中 0.6370 | k0_nn_fw.npz 命中 0.5660 | k0_nn_r2.npz 命中 0.5995 
epoch 29 loss 1.0360 | k0_nn.npz 命中 0.6016 | k0_v31.npz 命中 0.6344 | k0_nn_fw.npz 命中 0.5604 | k0_nn_r2.npz 命中 0.5927 
epoch 30 loss 1.0309 | k0_nn.npz 命中 0.6041 | k0_v31.npz 命中 0.6450 | k0_nn_fw.npz 命中 0.5594 | k0_nn_r2.npz 命中 0.6084 
epoch 31 loss 1.0258 | k0_nn.npz 命中 0.6072 | k0_v31.npz 命中 0.6359 | k0_nn_fw.npz 命中 0.5561 | k0_nn_r2.npz 命中 0.5991 
epoch 32 loss 1.0206 | k0_nn.npz 命中 0.6057 | k0_v31.npz 命中 0.6432 | k0_nn_fw.npz 命中 0.5618 | k0_nn_r2.npz 命中 0.6045 
epoch 33 loss 1.0160 | k0_nn.npz 命中 0.6087 | k0_v31.npz 命中 0.6414 | k0_nn_fw.npz 命中 0.5580 | k0_nn_r2.npz 命中 0.6052 
epoch 34 loss 1.0117 | k0_nn.npz 命中 0.6055 | k0_v31.npz 命中 0.6406 | k0_nn_fw.npz 命中 0.5547 | k0_nn_r2.npz 命中 0.6052 
epoch 35 loss 1.0083 | k0_nn.npz 命中 0.6091 | k0_v31.npz 命中 0.6424 | k0_nn_fw.npz 命中 0.5670 | k0_nn_r2.npz 命中 0.6038 
epoch 36 loss 1.0051 | k0_nn.npz 命中 0.6043 | k0_v31.npz 命中 0.6472 | k0_nn_fw.npz 命中 0.5566 | k0_nn_r2.npz 命中 0.6009 
epoch 37 loss 1.0022 | k0_nn.npz 命中 0.6074 | k0_v31.npz 命中 0.6457 | k0_nn_fw.npz 命中 0.5566 | k0_nn_r2.npz 命中 0.6041 
epoch 38 loss 0.9998 | k0_nn.npz 命中 0.6064 | k0_v31.npz 命中 0.6493 | k0_nn_fw.npz 命中 0.5632 | k0_nn_r2.npz 命中 0.6070 
epoch 39 loss 0.9975 | k0_nn.npz 命中 0.6064 | k0_v31.npz 命中 0.6446 | k0_nn_fw.npz 命中 0.5637 | k0_nn_r2.npz 命中 0.6038 
epoch 40 loss 0.9955 | k0_nn.npz 命中 0.6059 | k0_v31.npz 命中 0.6435 | k0_nn_fw.npz 命中 0.5604 | k0_nn_r2.npz 命中 0.6041 
epoch 41 loss 0.9940 | k0_nn.npz 命中 0.6062 | k0_v31.npz 命中 0.6424 | k0_nn_fw.npz 命中 0.5627 | k0_nn_r2.npz 命中 0.6034 
epoch 42 loss 0.9927 | k0_nn.npz 命中 0.6072 | k0_v31.npz 命中 0.6424 | k0_nn_fw.npz 命中 0.5604 | k0_nn_r2.npz 命中 0.6013 
epoch 43 loss 0.9918 | k0_nn.npz 命中 0.6072 | k0_v31.npz 命中 0.6421 | k0_nn_fw.npz 命中 0.5571 | k0_nn_r2.npz 命中 0.6031 
epoch 44 loss 0.9911 | k0_nn.npz 命中 0.6064 | k0_v31.npz 命中 0.6439 | k0_nn_fw.npz 命中 0.5623 | k0_nn_r2.npz 命中 0.6027 
epoch 45 loss 0.9907 | k0_nn.npz 命中 0.6076 | k0_v31.npz 命中 0.6424 | k0_nn_fw.npz 命中 0.5585 | k0_nn_r2.npz 命中 0.6023 
已保存 models/bc_k0_r2.pt  (自身分布命中 0.5698)
