models/k0_nn.npz: 103934 条 (验证 5196) 软标签
models/k0_v31.npz: 55046 条 (验证 2752) 软标签
models/k0_nn_fw.npz: 42416 条 (验证 2120) 软标签
models/k0_nn_r2.npz: 56180 条 (验证 2809) 软标签
models/k0_nn_r3.npz: 39820 条 (验证 1991) 软标签
训练样本(加权后) 282528   权重 [1.0, 1.0, 1.0, 1.0, 1.0]
epoch  1 loss 1.7709 | k0_nn.npz 命中 0.5062 | k0_v31.npz 命中 0.5051 | k0_nn_fw.npz 命中 0.4505 | k0_nn_r2.npz 命中 0.5183 | k0_nn_r3.npz 命中 0.5133 
epoch  2 loss 1.4975 | k0_nn.npz 命中 0.5329 | k0_v31.npz 命中 0.5541 | k0_nn_fw.npz 命中 0.4849 | k0_nn_r2.npz 命中 0.5397 | k0_nn_r3.npz 命中 0.5309 
epoch  3 loss 1.4077 | k0_nn.npz 命中 0.5485 | k0_v31.npz 命中 0.5730 | k0_nn_fw.npz 命中 0.4910 | k0_nn_r2.npz 命中 0.5564 | k0_nn_r3.npz 命中 0.5570 
epoch  4 loss 1.3547 | k0_nn.npz 命中 0.5583 | k0_v31.npz 命中 0.5930 | k0_nn_fw.npz 命中 0.5137 | k0_nn_r2.npz 命中 0.5742 | k0_nn_r3.npz 命中 0.5691 
epoch  5 loss 1.3179 | k0_nn.npz 命中 0.5677 | k0_v31.npz 命中 0.5883 | k0_nn_fw.npz 命中 0.5099 | k0_nn_r2.npz 命中 0.5707 | k0_nn_r3.npz 命中 0.5671 
epoch  6 loss 1.2901 | k0_nn.npz 命中 0.5726 | k0_v31.npz 命中 0.5996 | k0_nn_fw.npz 命中 0.5255 | k0_nn_r2.npz 命中 0.5689 | k0_nn_r3.npz 命中 0.5841 
epoch  7 loss 1.2711 | k0_nn.npz 命中 0.5778 | k0_v31.npz 命中 0.6105 | k0_nn_fw.npz 命中 0.5311 | k0_nn_r2.npz 命中 0.5813 | k0_nn_r3.npz 命中 0.5751 
epoch  8 loss 1.2521 | k0_nn.npz 命中 0.5914 | k0_v31.npz 命中 0.6065 | k0_nn_fw.npz 命中 0.5302 | k0_nn_r2.npz 命中 0.5753 | k0_nn_r3.npz 命中 0.5781 
epoch  9 loss 1.2336 | k0_nn.npz 命中 0.5870 | k0_v31.npz 命中 0.6145 | k0_nn_fw.npz 命中 0.5382 | k0_nn_r2.npz 命中 0.5831 | k0_nn_r3.npz 命中 0.5942 
epoch 10 loss 1.2178 | k0_nn.npz 命中 0.5891 | k0_v31.npz 命中 0.6170 | k0_nn_fw.npz 命中 0.5292 | k0_nn_r2.npz 命中 0.5835 | k0_nn_r3.npz 命中 0.5801 
epoch 11 loss 1.2037 | k0_nn.npz 命中 0.5893 | k0_v31.npz 命中 0.6297 | k0_nn_fw.npz 命中 0.5462 | k0_nn_r2.npz 命中 0.5881 | k0_nn_r3.npz 命中 0.5912 
epoch 12 loss 1.1893 | k0_nn.npz 命中 0.5957 | k0_v31.npz 命中 0.6250 | k0_nn_fw.npz 命中 0.5547 | k0_nn_r2.npz 命中 0.6006 | k0_nn_r3.npz 命中 0.5952 
epoch 13 loss 1.1770 | k0_nn.npz 命中 0.5943 | k0_v31.npz 命中 0.6301 | k0_nn_fw.npz 命中 0.5571 | k0_nn_r2.npz 命中 0.5945 | k0_nn_r3.npz 命中 0.6062 
epoch 14 loss 1.1661 | k0_nn.npz 命中 0.5966 | k0_v31.npz 命中 0.6308 | k0_nn_fw.npz 命中 0.5467 | k0_nn_r2.npz 命中 0.5934 | k0_nn_r3.npz 命中 0.5937 
epoch 15 loss 1.1529 | k0_nn.npz 命中 0.6049 | k0_v31.npz 命中 0.6286 | k0_nn_fw.npz 命中 0.5618 | k0_nn_r2.npz 命中 0.6006 | k0_nn_r3.npz 命中 0.6022 
epoch 16 loss 1.1404 | k0_nn.npz 命中 0.6089 | k0_v31.npz 命中 0.6435 | k0_nn_fw.npz 命中 0.5660 | k0_nn_r2.npz 命中 0.6016 | k0_nn_r3.npz 命中 0.6072 
epoch 17 loss 1.1320 | k0_nn.npz 命中 0.6064 | k0_v31.npz 命中 0.6443 | k0_nn_fw.npz 命中 0.5594 | k0_nn_r2.npz 命中 0.6023 | k0_nn_r3.npz 命中 0.6087 
epoch 18 loss 1.1214 | k0_nn.npz 命中 0.5982 | k0_v31.npz 命中 0.6341 | k0_nn_fw.npz 命中 0.5613 | k0_nn_r2.npz 命中 0.5913 | k0_nn_r3.npz 命中 0.5962 
epoch 19 loss 1.1111 | k0_nn.npz 命中 0.6099 | k0_v31.npz 命中 0.6453 | k0_nn_fw.npz 命中 0.5660 | k0_nn_r2.npz 命中 0.6091 | k0_nn_r3.npz 命中 0.6102 
epoch 20 loss 1.1014 | k0_nn.npz 命中 0.6064 | k0_v31.npz 命中 0.6352 | k0_nn_fw.npz 命中 0.5632 | k0_nn_r2.npz 命中 0.5974 | k0_nn_r3.npz 命中 0.6148 
epoch 21 loss 1.0919 | k0_nn.npz 命中 0.6026 | k0_v31.npz 命中 0.6363 | k0_nn_fw.npz 命中 0.5646 | k0_nn_r2.npz 命中 0.5981 | k0_nn_r3.npz 命中 0.6092 
epoch 22 loss 1.0829 | k0_nn.npz 命中 0.6112 | k0_v31.npz 命中 0.6486 | k0_nn_fw.npz 命中 0.5660 | k0_nn_r2.npz 命中 0.6109 | k0_nn_r3.npz 命中 0.6072 
epoch 23 loss 1.0750 | k0_nn.npz 命中 0.6110 | k0_v31.npz 命中 0.6410 | k0_nn_fw.npz 命中 0.5618 | k0_nn_r2.npz 命中 0.6063 | k0_nn_r3.npz 命中 0.6123 
epoch 24 loss 1.0665 | k0_nn.npz 命中 0.6074 | k0_v31.npz 命中 0.6472 | k0_nn_fw.npz 命中 0.5632 | k0_nn_r2.npz 命中 0.6073 | k0_nn_r3.npz 命中 0.6133 
epoch 25 loss 1.0607 | k0_nn.npz 命中 0.6080 | k0_v31.npz 命中 0.6504 | k0_nn_fw.npz 命中 0.5764 | k0_nn_r2.npz 命中 0.5991 | k0_nn_r3.npz 命中 0.6153 
epoch 26 loss 1.0519 | k0_nn.npz 命中 0.6101 | k0_v31.npz 命中 0.6501 | k0_nn_fw.npz 命中 0.5698 | k0_nn_r2.npz 命中 0.6141 | k0_nn_r3.npz 命中 0.6107 
epoch 27 loss 1.0451 | k0_nn.npz 命中 0.6132 | k0_v31.npz 命中 0.6403 | k0_nn_fw.npz 命中 0.5759 | k0_nn_r2.npz 命中 0.6091 | k0_nn_r3.npz 命中 0.6092 
epoch 28 loss 1.0392 | k0_nn.npz 命中 0.6024 | k0_v31.npz 命中 0.6453 | k0_nn_fw.npz 命中 0.5646 | k0_nn_r2.npz 命中 0.6041 | k0_nn_r3.npz 命中 0.6072 
epoch 29 loss 1.0334 | k0_nn.npz 命中 0.6128 | k0_v31.npz 命中 0.6443 | k0_nn_fw.npz 命中 0.5689 | k0_nn_r2.npz 命中 0.6023 | k0_nn_r3.npz 命中 0.6123 
epoch 30 loss 1.0280 | k0_nn.npz 命中 0.6149 | k0_v31.npz 命中 0.6446 | k0_nn_fw.npz 命中 0.5750 | k0_nn_r2.npz 命中 0.6162 | k0_nn_r3.npz 命中 0.6173 
epoch 31 loss 1.0221 | k0_nn.npz 命中 0.6099 | k0_v31.npz 命中 0.6461 | k0_nn_fw.npz 命中 0.5759 | k0_nn_r2.npz 命中 0.5984 | k0_nn_r3.npz 命中 0.6138 
epoch 32 loss 1.0175 | k0_nn.npz 命中 0.6134 | k0_v31.npz 命中 0.6457 | k0_nn_fw.npz 命中 0.5698 | k0_nn_r2.npz 命中 0.6077 | k0_nn_r3.npz 命中 0.6208 
epoch 33 loss 1.0133 | k0_nn.npz 命中 0.6182 | k0_v31.npz 命中 0.6533 | k0_nn_fw.npz 命中 0.5792 | k0_nn_r2.npz 命中 0.6109 | k0_nn_r3.npz 命中 0.6183 
epoch 34 loss 1.0093 | k0_nn.npz 命中 0.6128 | k0_v31.npz 命中 0.6457 | k0_nn_fw.npz 命中 0.5722 | k0_nn_r2.npz 命中 0.6102 | k0_nn_r3.npz 命中 0.6168 
epoch 35 loss 1.0056 | k0_nn.npz 命中 0.6120 | k0_v31.npz 命中 0.6479 | k0_nn_fw.npz 命中 0.5660 | k0_nn_r2.npz 命中 0.6102 | k0_nn_r3.npz 命中 0.6128 
epoch 36 loss 1.0025 | k0_nn.npz 命中 0.6153 | k0_v31.npz 命中 0.6497 | k0_nn_fw.npz 命中 0.5708 | k0_nn_r2.npz 命中 0.6134 | k0_nn_r3.npz 命中 0.6163 
epoch 37 loss 0.9995 | k0_nn.npz 命中 0.6120 | k0_v31.npz 命中 0.6486 | k0_nn_fw.npz 命中 0.5679 | k0_nn_r2.npz 命中 0.6102 | k0_nn_r3.npz 命中 0.6158 
epoch 38 loss 0.9970 | k0_nn.npz 命中 0.6155 | k0_v31.npz 命中 0.6457 | k0_nn_fw.npz 命中 0.5774 | k0_nn_r2.npz 命中 0.6145 | k0_nn_r3.npz 命中 0.6138 
epoch 39 loss 0.9947 | k0_nn.npz 命中 0.6112 | k0_v31.npz 命中 0.6515 | k0_nn_fw.npz 命中 0.5759 | k0_nn_r2.npz 命中 0.6116 | k0_nn_r3.npz 命中 0.6153 
epoch 40 loss 0.9929 | k0_nn.npz 命中 0.6193 | k0_v31.npz 命中 0.6515 | k0_nn_fw.npz 命中 0.5741 | k0_nn_r2.npz 命中 0.6105 | k0_nn_r3.npz 命中 0.6193 
epoch 41 loss 0.9914 | k0_nn.npz 命中 0.6155 | k0_v31.npz 命中 0.6519 | k0_nn_fw.npz 命中 0.5717 | k0_nn_r2.npz 命中 0.6070 | k0_nn_r3.npz 命中 0.6188 
epoch 42 loss 0.9902 | k0_nn.npz 命中 0.6147 | k0_v31.npz 命中 0.6501 | k0_nn_fw.npz 命中 0.5774 | k0_nn_r2.npz 命中 0.6088 | k0_nn_r3.npz 命中 0.6148 
epoch 43 loss 0.9892 | k0_nn.npz 命中 0.6153 | k0_v31.npz 命中 0.6519 | k0_nn_fw.npz 命中 0.5778 | k0_nn_r2.npz 命中 0.6112 | k0_nn_r3.npz 命中 0.6168 
epoch 44 loss 0.9885 | k0_nn.npz 命中 0.6143 | k0_v31.npz 命中 0.6504 | k0_nn_fw.npz 命中 0.5774 | k0_nn_r2.npz 命中 0.6098 | k0_nn_r3.npz 命中 0.6173 
epoch 45 loss 0.9881 | k0_nn.npz 命中 0.6162 | k0_v31.npz 命中 0.6530 | k0_nn_fw.npz 命中 0.5778 | k0_nn_r2.npz 命中 0.6116 | k0_nn_r3.npz 命中 0.6168 
已保存 models/bc_k0_r3.pt  (自身分布命中 0.5792)
