热启动 models/hv_value_pretrained.pt (size=small, value 头重新初始化)
iter    1 样本  8764 步  2/1ep pi +0.0410 v 0.7918 ent 0.56 kl +0.1064 clip 0.21 vR² -0.201 名次奖励均+0.00 采集2.2s
iter    2 样本  9232 步  2/1ep pi +0.0280 v 0.4920 ent 0.62 kl +0.0238 clip 0.12 vR² -0.171 名次奖励均+0.00 采集2.2s
iter    3 样本  9214 步  3/1ep pi +0.0065 v 0.4941 ent 0.69 kl +0.0254 clip 0.18 vR² -0.077 名次奖励均+0.00 采集2.2s
iter    4 样本  9242 步  4/1ep pi +0.0055 v 0.4171 ent 0.69 kl +0.0253 clip 0.16 vR² -0.019 名次奖励均+0.00 采集2.2s
iter    5 样本  9158 步  5/1ep pi +0.0220 v 0.4043 ent 0.77 kl +0.0206 clip 0.16 vR² +0.009 名次奖励均+0.00 采集2.2s
iter    6 样本  9449 步 12/2ep pi +0.0138 v 0.3884 ent 0.75 kl +0.0230 clip 0.19 vR² +0.057 名次奖励均+0.00 采集2.3s
iter    7 样本  9564 步 10/1ep pi +0.0131 v 0.3744 ent 0.80 kl +0.0205 clip 0.18 vR² +0.045 名次奖励均+0.00 采集2.3s
iter    8 样本  9342 步 11/2ep pi +0.0080 v 0.3739 ent 0.83 kl +0.0212 clip 0.18 vR² +0.073 名次奖励均+0.00 采集2.4s
iter    9 样本  9546 步 12/2ep pi +0.0095 v 0.3471 ent 0.80 kl +0.0223 clip 0.20 vR² +0.075 名次奖励均+0.00 采集2.3s
iter   10 样本  9600 步 13/2ep pi -0.0057 v 0.3474 ent 0.81 kl +0.0212 clip 0.20 vR² +0.108 名次奖励均+0.00 采集2.3s
   [评估 200seed×4座位 vs v31n] 名次差 -0.667±0.078 (t=-8.5)  得分差 -2.044±0.257  用时41s
iter   11 样本  9581 步  5/1ep pi +0.0120 v 0.3611 ent 0.83 kl +0.0226 clip 0.18 vR² +0.070 名次奖励均+0.00 采集2.4s
iter   12 样本  9500 步 12/2ep pi +0.0067 v 0.3587 ent 0.84 kl +0.0204 clip 0.18 vR² +0.123 名次奖励均+0.00 采集2.3s
iter   13 样本  9688 步 11/2ep pi +0.0110 v 0.3504 ent 0.82 kl +0.0200 clip 0.19 vR² +0.110 名次奖励均+0.00 采集2.3s
iter   14 样本  9616 步 13/2ep pi +0.0008 v 0.3269 ent 0.84 kl +0.0208 clip 0.18 vR² +0.147 名次奖励均+0.00 采集2.3s
iter   15 样本  9655 步  9/1ep pi +0.0111 v 0.3354 ent 0.84 kl +0.0202 clip 0.19 vR² +0.152 名次奖励均+0.00 采集2.4s
iter   16 样本  9797 步 14/2ep pi +0.0038 v 0.3339 ent 0.84 kl +0.0208 clip 0.18 vR² +0.169 名次奖励均+0.00 采集2.3s
iter   17 样本  9523 步 13/2ep pi -0.0033 v 0.3296 ent 0.84 kl +0.0212 clip 0.17 vR² +0.192 名次奖励均+0.00 采集2.3s
iter   18 样本  9718 步 11/2ep pi +0.0101 v 0.3288 ent 0.87 kl +0.0217 clip 0.20 vR² +0.172 名次奖励均+0.00 采集2.3s
iter   19 样本  9520 步 17/2ep pi +0.0037 v 0.3335 ent 0.85 kl +0.0205 clip 0.20 vR² +0.190 名次奖励均+0.00 采集2.3s
iter   20 样本  9722 步 16/2ep pi +0.0034 v 0.3114 ent 0.85 kl +0.0215 clip 0.17 vR² +0.194 名次奖励均+0.00 采集2.4s
   [评估 200seed×4座位 vs v31n] 名次差 -0.642±0.080 (t=-8.1)  得分差 -1.976±0.264  用时40s
iter   21 样本  9731 步 16/2ep pi -0.0048 v 0.2953 ent 0.84 kl +0.0211 clip 0.18 vR² +0.230 名次奖励均+0.00 采集2.5s
iter   22 样本  9717 步 15/2ep pi +0.0029 v 0.3041 ent 0.83 kl +0.0218 clip 0.19 vR² +0.223 名次奖励均+0.00 采集2.4s
iter   23 样本  9642 步 18/2ep pi -0.0037 v 0.3288 ent 0.87 kl +0.0220 clip 0.18 vR² +0.216 名次奖励均+0.00 采集2.4s
iter   24 样本  9724 步 15/2ep pi +0.0061 v 0.3029 ent 0.86 kl +0.0204 clip 0.20 vR² +0.221 名次奖励均+0.00 采集2.3s
iter   25 样本  9670 步 15/2ep pi +0.0070 v 0.2885 ent 0.85 kl +0.0207 clip 0.19 vR² +0.247 名次奖励均+0.00 采集2.4s
iter   26 样本  9804 步 18/2ep pi -0.0040 v 0.2805 ent 0.87 kl +0.0205 clip 0.20 vR² +0.250 名次奖励均+0.00 采集2.4s
iter   27 样本  9829 步 16/2ep pi -0.0037 v 0.3050 ent 0.87 kl +0.0202 clip 0.20 vR² +0.195 名次奖励均+0.00 采集2.4s
iter   28 样本  9680 步 15/2ep pi -0.0007 v 0.3007 ent 0.89 kl +0.0205 clip 0.19 vR² +0.234 名次奖励均+0.00 采集2.3s
iter   29 样本  9873 步 14/2ep pi +0.0016 v 0.2963 ent 0.86 kl +0.0207 clip 0.20 vR² +0.239 名次奖励均+0.00 采集2.4s
iter   30 样本  9631 步 13/2ep pi +0.0038 v 0.3078 ent 0.88 kl +0.0207 clip 0.19 vR² +0.202 名次奖励均+0.00 采集2.4s
   [评估 200seed×4座位 vs v31n] 名次差 -0.698±0.081 (t=-8.7)  得分差 -2.011±0.264  用时40s
iter   31 样本  9652 步 14/2ep pi +0.0017 v 0.3197 ent 0.85 kl +0.0209 clip 0.20 vR² +0.178 名次奖励均+0.00 采集2.6s
iter   32 样本  9736 步 15/2ep pi +0.0086 v 0.2968 ent 0.88 kl +0.0204 clip 0.20 vR² +0.243 名次奖励均+0.00 采集2.4s
iter   33 样本  9616 步 11/2ep pi +0.0101 v 0.2950 ent 0.86 kl +0.0210 clip 0.20 vR² +0.245 名次奖励均+0.00 采集2.3s
iter   34 样本  9885 步 20/2ep pi -0.0033 v 0.2871 ent 0.90 kl +0.0208 clip 0.19 vR² +0.266 名次奖励均+0.00 采集2.4s
iter   35 样本  9951 步 12/2ep pi +0.0105 v 0.2759 ent 0.87 kl +0.0209 clip 0.19 vR² +0.245 名次奖励均+0.00 采集2.4s
iter   36 样本  9594 步 18/2ep pi -0.0024 v 0.3156 ent 0.86 kl +0.0209 clip 0.19 vR² +0.220 名次奖励均+0.00 采集2.3s
iter   37 样本  9446 步 13/2ep pi +0.0093 v 0.2881 ent 0.86 kl +0.0207 clip 0.18 vR² +0.219 名次奖励均+0.00 采集2.3s
iter   38 样本  9936 步 18/2ep pi +0.0006 v 0.2925 ent 0.88 kl +0.0202 clip 0.20 vR² +0.233 名次奖励均+0.00 采集2.4s
iter   39 样本  9643 步 20/2ep pi -0.0055 v 0.2781 ent 0.86 kl +0.0213 clip 0.19 vR² +0.277 名次奖励均+0.00 采集2.3s
iter   40 样本  9696 步 10/1ep pi +0.0110 v 0.3005 ent 0.87 kl +0.0219 clip 0.18 vR² +0.218 名次奖励均+0.00 采集2.4s
   [评估 200seed×4座位 vs v31n] 名次差 -0.654±0.080 (t=-8.2)  得分差 -1.905±0.259  用时40s
iter   41 样本  9538 步 18/2ep pi +0.0038 v 0.2851 ent 0.90 kl +0.0208 clip 0.20 vR² +0.249 名次奖励均+0.00 采集2.6s
iter   42 样本  9842 步 13/2ep pi +0.0133 v 0.2691 ent 0.89 kl +0.0201 clip 0.19 vR² +0.248 名次奖励均+0.00 采集2.4s
iter   43 样本  9768 步 16/2ep pi -0.0008 v 0.3061 ent 0.85 kl +0.0218 clip 0.19 vR² +0.225 名次奖励均+0.00 采集2.4s
iter   44 样本  9689 步 11/2ep pi +0.0087 v 0.2825 ent 0.88 kl +0.0204 clip 0.19 vR² +0.256 名次奖励均+0.00 采集2.4s
iter   45 样本  9985 步 21/3ep pi -0.0049 v 0.2737 ent 0.89 kl +0.0203 clip 0.18 vR² +0.290 名次奖励均+0.00 采集2.4s
iter   46 样本  9763 步 17/2ep pi -0.0002 v 0.2800 ent 0.90 kl +0.0204 clip 0.20 vR² +0.256 名次奖励均+0.00 采集2.4s
iter   47 样本  9613 步 22/3ep pi +0.0005 v 0.2819 ent 0.87 kl +0.0204 clip 0.20 vR² +0.257 名次奖励均+0.00 采集2.3s
iter   48 样本  9709 步 14/2ep pi +0.0035 v 0.2776 ent 0.90 kl +0.0200 clip 0.18 vR² +0.285 名次奖励均+0.00 采集2.3s
iter   49 样本  9628 步 17/2ep pi -0.0026 v 0.2882 ent 0.86 kl +0.0206 clip 0.19 vR² +0.234 名次奖励均+0.00 采集2.4s
iter   50 样本  9629 步 17/2ep pi +0.0038 v 0.2792 ent 0.89 kl +0.0200 clip 0.18 vR² +0.250 名次奖励均+0.00 采集2.3s
   [评估 200seed×4座位 vs v31n] 名次差 -0.674±0.077 (t=-8.7)  得分差 -1.974±0.248  用时41s
iter   51 样本  9808 步 20/2ep pi -0.0040 v 0.2893 ent 0.89 kl +0.0203 clip 0.18 vR² +0.227 名次奖励均+0.00 采集2.7s
iter   52 样本  9704 步 11/2ep pi +0.0181 v 0.2788 ent 0.88 kl +0.0208 clip 0.20 vR² +0.258 名次奖励均+0.00 采集2.4s
iter   53 样本  9676 步  5/1ep pi -0.0041 v 0.2919 ent 0.88 kl +0.0201 clip 0.16 vR² +0.230 名次奖励均+0.00 采集2.4s
iter   54 样本  9709 步 24/3ep pi -0.0108 v 0.2826 ent 0.87 kl +0.0201 clip 0.20 vR² +0.298 名次奖励均+0.00 采集2.4s
iter   55 样本  9895 步 22/3ep pi -0.0031 v 0.2864 ent 0.85 kl +0.0204 clip 0.19 vR² +0.283 名次奖励均+0.00 采集2.4s
iter   56 样本  9700 步 19/2ep pi -0.0057 v 0.3045 ent 0.89 kl +0.0210 clip 0.20 vR² +0.246 名次奖励均+0.00 采集2.3s
iter   57 样本  9755 步 24/3ep pi -0.0121 v 0.2927 ent 0.85 kl +0.0201 clip 0.20 vR² +0.254 名次奖励均+0.00 采集2.4s
iter   58 样本  9757 步 15/2ep pi +0.0007 v 0.2841 ent 0.88 kl +0.0201 clip 0.18 vR² +0.269 名次奖励均+0.00 采集2.3s
iter   59 样本  9599 步 11/2ep pi +0.0156 v 0.2823 ent 0.89 kl +0.0202 clip 0.19 vR² +0.275 名次奖励均+0.00 采集2.3s
iter   60 样本  9765 步 15/2ep pi -0.0014 v 0.2920 ent 0.89 kl +0.0200 clip 0.17 vR² +0.259 名次奖励均+0.00 采集2.4s
   [评估 200seed×4座位 vs v31n] 名次差 -0.770±0.080 (t=-9.6)  得分差 -2.204±0.256  用时41s
iter   61 样本  9792 步 17/2ep pi +0.0020 v 0.2792 ent 0.91 kl +0.0206 clip 0.20 vR² +0.284 名次奖励均+0.00 采集2.7s
iter   62 样本  9846 步 20/2ep pi -0.0044 v 0.2854 ent 0.93 kl +0.0201 clip 0.19 vR² +0.254 名次奖励均+0.00 采集2.3s
iter   63 样本  9875 步 21/3ep pi -0.0036 v 0.2646 ent 0.93 kl +0.0203 clip 0.20 vR² +0.278 名次奖励均+0.00 采集2.4s
iter   64 样本  9715 步 21/3ep pi -0.0016 v 0.3061 ent 0.87 kl +0.0206 clip 0.19 vR² +0.239 名次奖励均+0.00 采集2.4s
iter   65 样本  9893 步 15/2ep pi +0.0055 v 0.2940 ent 0.88 kl +0.0208 clip 0.18 vR² +0.265 名次奖励均+0.00 采集2.4s
iter   66 样本  9724 步 18/2ep pi +0.0037 v 0.2858 ent 0.88 kl +0.0209 clip 0.20 vR² +0.261 名次奖励均+0.00 采集2.4s
iter   67 样本  9955 步 17/2ep pi +0.0030 v 0.2640 ent 0.92 kl +0.0205 clip 0.17 vR² +0.256 名次奖励均+0.00 采集2.4s
iter   68 样本 10078 步 20/2ep pi -0.0028 v 0.2869 ent 0.90 kl +0.0200 clip 0.19 vR² +0.243 名次奖励均+0.00 采集2.4s
iter   69 样本  9595 步 19/2ep pi -0.0013 v 0.2805 ent 0.93 kl +0.0208 clip 0.20 vR² +0.281 名次奖励均+0.00 采集2.4s
iter   70 样本  9948 步 21/3ep pi -0.0045 v 0.2648 ent 0.93 kl +0.0204 clip 0.19 vR² +0.283 名次奖励均+0.00 采集2.4s
   [评估 200seed×4座位 vs v31n] 名次差 -0.877±0.078 (t=-11.2)  得分差 -2.542±0.254  用时41s
iter   71 样本  9846 步 15/2ep pi +0.0028 v 0.2896 ent 0.91 kl +0.0203 clip 0.18 vR² +0.231 名次奖励均+0.00 采集2.7s
iter   72 样本 10069 步 17/2ep pi -0.0013 v 0.2747 ent 0.95 kl +0.0202 clip 0.20 vR² +0.237 名次奖励均+0.00 采集2.4s
iter   73 样本 10089 步 25/3ep pi -0.0113 v 0.2625 ent 0.94 kl +0.0201 clip 0.20 vR² +0.284 名次奖励均+0.00 采集2.5s
iter   74 样本  9950 步 21/3ep pi -0.0043 v 0.2664 ent 0.93 kl +0.0206 clip 0.21 vR² +0.305 名次奖励均+0.00 采集2.4s
iter   75 样本  9632 步 20/2ep pi -0.0015 v 0.2670 ent 0.92 kl +0.0201 clip 0.19 vR² +0.312 名次奖励均+0.00 采集2.3s
iter   76 样本  9703 步 14/2ep pi +0.0092 v 0.2702 ent 0.90 kl +0.0202 clip 0.20 vR² +0.285 名次奖励均+0.00 采集2.4s
iter   77 样本 10048 步 28/3ep pi -0.0128 v 0.2784 ent 0.93 kl +0.0204 clip 0.20 vR² +0.262 名次奖励均+0.00 采集2.5s
iter   78 样本  9843 步 24/3ep pi -0.0058 v 0.2685 ent 0.93 kl +0.0206 clip 0.18 vR² +0.260 名次奖励均+0.00 采集2.4s
iter   79 样本  9916 步 20/2ep pi -0.0002 v 0.2744 ent 0.94 kl +0.0203 clip 0.19 vR² +0.263 名次奖励均+0.00 采集2.4s
iter   80 样本  9828 步 22/3ep pi -0.0065 v 0.2545 ent 0.89 kl +0.0209 clip 0.20 vR² +0.274 名次奖励均+0.00 采集2.4s
   [评估 200seed×4座位 vs v31n] 名次差 -0.861±0.080 (t=-10.8)  得分差 -2.485±0.253  用时41s
