冠军起点 models/bc_k0_r2.pt (size=small)  闸门 300 seed, t>1.5
round   1 样本 50401 adv标准差 2.327 训练比分差 -1.285 | 闸门 候选-冠军 -0.0425±0.0495 t=-0.86 -> 丢弃  训练279s 闸门87s
round   2 样本 50036 adv标准差 2.342 训练比分差 -1.197 | 闸门 候选-冠军 -0.0050±0.0505 t=-0.10 -> 丢弃  训练255s 闸门83s
round   3 样本 50850 adv标准差 2.301 训练比分差 -1.092 | 闸门 候选-冠军 -0.0225±0.0542 t=-0.41 -> 丢弃  训练259s 闸门84s
round   4 样本 50639 adv标准差 2.295 训练比分差 -1.126 | 闸门 候选-冠军 +0.0325±0.0539 t=+0.60 -> 丢弃  训练264s 闸门85s
round   5 样本 50478 adv标准差 2.361 训练比分差 -1.223 | 闸门 候选-冠军 -0.0467±0.0491 t=-0.95 -> 丢弃  训练258s 闸门84s
round   6 样本 50933 adv标准差 2.337 训练比分差 -1.163 | 闸门 候选-冠军 -0.0083±0.0497 t=-0.17 -> 丢弃  训练262s 闸门82s
round   7 样本 50120 adv标准差 2.343 训练比分差 -0.965 | 闸门 候选-冠军 -0.1283±0.0526 t=-2.44 -> 丢弃  训练273s 闸门83s
round   8 样本 50522 adv标准差 2.329 训练比分差 -1.238 | 闸门 候选-冠军 -0.0483±0.0506 t=-0.96 -> 丢弃  训练267s 闸门82s
round   9 样本 50192 adv标准差 2.320 训练比分差 -1.010 | 闸门 候选-冠军 +0.0625±0.0524 t=+1.19 -> 丢弃  训练259s 闸门85s
round  10 样本 50451 adv标准差 2.324 训练比分差 -1.264 | 闸门 候选-冠军 -0.0708±0.0533 t=-1.33 -> 丢弃  训练249s 闸门83s
round  11 样本 50156 adv标准差 2.341 训练比分差 -1.248 | 闸门 候选-冠军 -0.0442±0.0499 t=-0.89 -> 丢弃  训练257s 闸门86s
round  12 样本 50485 adv标准差 2.312 训练比分差 -1.103 | 闸门 候选-冠军 -0.0017±0.0524 t=-0.03 -> 丢弃  训练245s 闸门83s
round  13 样本 50713 adv标准差 2.287 训练比分差 -1.121 | 闸门 候选-冠军 +0.0258±0.0543 t=+0.48 -> 丢弃  训练289s 闸门82s
round  14 样本 50272 adv标准差 2.341 训练比分差 -1.071 | 闸门 候选-冠军 -0.0300±0.0508 t=-0.59 -> 丢弃  训练270s 闸门85s
round  15 样本 50042 adv标准差 2.337 训练比分差 -1.099 | 闸门 候选-冠军 -0.0367±0.0537 t=-0.68 -> 丢弃  训练244s 闸门84s
round  16 样本 49855 adv标准差 2.322 训练比分差 -1.122 | 闸门 候选-冠军 -0.0817±0.0533 t=-1.53 -> 丢弃  训练257s 闸门82s
round  17 样本 50439 adv标准差 2.369 训练比分差 -1.025 | 闸门 候选-冠军 -0.0692±0.0500 t=-1.38 -> 丢弃  训练260s 闸门86s
round  18 样本 50841 adv标准差 2.330 训练比分差 -1.130 | 闸门 候选-冠军 -0.0800±0.0506 t=-1.58 -> 丢弃  训练255s 闸门85s
round  19 样本 50775 adv标准差 2.331 训练比分差 -1.135 | 闸门 候选-冠军 -0.0033±0.0533 t=-0.06 -> 丢弃  训练261s 闸门87s
round  20 样本 50385 adv标准差 2.343 训练比分差 -0.963 | 闸门 候选-冠军 +0.0492±0.0501 t=+0.98 -> 丢弃  训练262s 闸门84s
完成。20 轮中接受 0 次
