/home/zuofengrui.zfr/.local/lib/python3.10/site-packages/torch/cuda/__init__.py:63: FutureWarning: The pynvml package is deprecated. Please install nvidia-ml-py instead. If you did not install pynvml directly, please report this to the maintainers of the package that installed pynvml for you.
  import pynvml  # type: ignore[import]
数据: 16946017 样本, 合法率验证通过
初始化: models/bc_base_50k.pt, 6.77M 参数
训练前评估: 胜率 25.9%, 场均 +0.27
  ep 1/10  dqn=0.6320  cql=0.2288  v=0.3517
  ep 2/10  dqn=0.3497  cql=0.0454  v=0.3391
  ep 3/10  dqn=0.3432  cql=0.0404  v=0.3358
  ep 4/10  dqn=0.3406  cql=0.0375  v=0.3346
  ep 5/10  dqn=0.3390  cql=0.0355  v=0.3340
  ep 6/10  dqn=0.3380  cql=0.0340  v=0.3335
  ep 7/10  dqn=0.3372  cql=0.0327  v=0.3332
  ep 8/10  dqn=0.3366  cql=0.0319  v=0.3330
  ep 9/10  dqn=0.3362  cql=0.0314  v=0.3329
  ep 10/10  dqn=0.3360  cql=0.0311  v=0.3328
[10ep] 评估: 胜率 27.9%, 场均 +0.38 ★
  ep 1/10  dqn=0.3370  cql=0.0327  v=0.3332
  ep 2/10  dqn=0.3363  cql=0.0316  v=0.3329
  ep 3/10  dqn=0.3356  cql=0.0304  v=0.3326
  ep 4/10  dqn=0.3349  cql=0.0294  v=0.3323
  ep 5/10  dqn=0.3343  cql=0.0284  v=0.3321
  ep 6/10  dqn=0.3339  cql=0.0275  v=0.3319
  ep 7/10  dqn=0.3334  cql=0.0268  v=0.3316
  ep 8/10  dqn=0.3330  cql=0.0262  v=0.3315
  ep 9/10  dqn=0.3327  cql=0.0259  v=0.3313
  ep 10/10  dqn=0.3325  cql=0.0257  v=0.3313
[20ep] 评估: 胜率 28.1%, 场均 +0.39 ★
  ep 1/10  dqn=0.3338  cql=0.0276  v=0.3318
  ep 2/10  dqn=0.3334  cql=0.0270  v=0.3316
  ep 3/10  dqn=0.3330  cql=0.0263  v=0.3314
  ep 4/10  dqn=0.3325  cql=0.0256  v=0.3312
  ep 5/10  dqn=0.3321  cql=0.0249  v=0.3310
  ep 6/10  dqn=0.3316  cql=0.0242  v=0.3308
  ep 7/10  dqn=0.3312  cql=0.0236  v=0.3306
  ep 8/10  dqn=0.3308  cql=0.0231  v=0.3304
  ep 9/10  dqn=0.3305  cql=0.0228  v=0.3302
  ep 10/10  dqn=0.3303  cql=0.0227  v=0.3301
[30ep] 评估: 胜率 27.9%, 场均 +0.38
  ep 1/10  dqn=0.3319  cql=0.0247  v=0.3308
  ep 2/10  dqn=0.3315  cql=0.0243  v=0.3306
  ep 3/10  dqn=0.3311  cql=0.0237  v=0.3304
  ep 4/10  dqn=0.3307  cql=0.0231  v=0.3302
  ep 5/10  dqn=0.3302  cql=0.0225  v=0.3300
  ep 6/10  dqn=0.3297  cql=0.0219  v=0.3297
  ep 7/10  dqn=0.3293  cql=0.0215  v=0.3295
  ep 8/10  dqn=0.3289  cql=0.0211  v=0.3293
  ep 9/10  dqn=0.3286  cql=0.0208  v=0.3291
  ep 10/10  dqn=0.3284  cql=0.0206  v=0.3290
[40ep] 评估: 胜率 28.0%, 场均 +0.39
  ep 1/10  dqn=0.3301  cql=0.0226  v=0.3298
  ep 2/10  dqn=0.3298  cql=0.0224  v=0.3296
  ep 3/10  dqn=0.3294  cql=0.0220  v=0.3294
  ep 4/10  dqn=0.3290  cql=0.0214  v=0.3291
  ep 5/10  dqn=0.3284  cql=0.0209  v=0.3288
  ep 6/10  dqn=0.3279  cql=0.0203  v=0.3285
  ep 7/10  dqn=0.3274  cql=0.0199  v=0.3282
  ep 8/10  dqn=0.3269  cql=0.0195  v=0.3279
  ep 9/10  dqn=0.3266  cql=0.0193  v=0.3277
  ep 10/10  dqn=0.3264  cql=0.0191  v=0.3276
[50ep] 评估: 胜率 28.1%, 场均 +0.41 ★
  ep 1/10  dqn=0.3284  cql=0.0211  v=0.3286
  ep 2/10  dqn=0.3281  cql=0.0209  v=0.3284
  ep 3/10  dqn=0.3276  cql=0.0205  v=0.3281
  ep 4/10  dqn=0.3272  cql=0.0201  v=0.3278
  ep 5/10  dqn=0.3266  cql=0.0196  v=0.3274
  ep 6/10  dqn=0.3259  cql=0.0191  v=0.3270
  ep 7/10  dqn=0.3254  cql=0.0187  v=0.3266
  ep 8/10  dqn=0.3248  cql=0.0183  v=0.3262
  ep 9/10  dqn=0.3244  cql=0.0181  v=0.3259
  ep 10/10  dqn=0.3242  cql=0.0180  v=0.3258
[60ep] 评估: 胜率 28.1%, 场均 +0.41 ★
  ep 1/10  dqn=0.3266  cql=0.0199  v=0.3272
  ep 2/10  dqn=0.3263  cql=0.0198  v=0.3270
  ep 3/10  dqn=0.3259  cql=0.0195  v=0.3267
  ep 4/10  dqn=0.3252  cql=0.0190  v=0.3262
  ep 5/10  dqn=0.3245  cql=0.0185  v=0.3257
  ep 6/10  dqn=0.3239  cql=0.0181  v=0.3252
  ep 7/10  dqn=0.3232  cql=0.0178  v=0.3247
  ep 8/10  dqn=0.3226  cql=0.0175  v=0.3243
  ep 9/10  dqn=0.3221  cql=0.0173  v=0.3239
  ep 10/10  dqn=0.3218  cql=0.0171  v=0.3236
[70ep] 评估: 胜率 28.0%, 场均 +0.40
  ep 1/10  dqn=0.3247  cql=0.0190  v=0.3256
  ep 2/10  dqn=0.3243  cql=0.0189  v=0.3253
  ep 3/10  dqn=0.3238  cql=0.0187  v=0.3249
  ep 4/10  dqn=0.3232  cql=0.0182  v=0.3244
  ep 5/10  dqn=0.3225  cql=0.0178  v=0.3238
  ep 6/10  dqn=0.3217  cql=0.0174  v=0.3232
  ep 7/10  dqn=0.3209  cql=0.0170  v=0.3226
  ep 8/10  dqn=0.3202  cql=0.0168  v=0.3220
  ep 9/10  dqn=0.3197  cql=0.0166  v=0.3215
  ep 10/10  dqn=0.3193  cql=0.0165  v=0.3212
[80ep] 评估: 胜率 28.1%, 场均 +0.40
  ep 1/10  dqn=0.3227  cql=0.0183  v=0.3237
  ep 2/10  dqn=0.3222  cql=0.0181  v=0.3234
  ep 3/10  dqn=0.3218  cql=0.0179  v=0.3230
  ep 4/10  dqn=0.3210  cql=0.0175  v=0.3224
  ep 5/10  dqn=0.3203  cql=0.0172  v=0.3217
  ep 6/10  dqn=0.3193  cql=0.0168  v=0.3209
  ep 7/10  dqn=0.3185  cql=0.0165  v=0.3202
  ep 8/10  dqn=0.3177  cql=0.0162  v=0.3196
  ep 9/10  dqn=0.3171  cql=0.0160  v=0.3190
  ep 10/10  dqn=0.3167  cql=0.0159  v=0.3187
[90ep] 评估: 胜率 28.1%, 场均 +0.41
  ep 1/10  dqn=0.3205  cql=0.0177  v=0.3218
  ep 2/10  dqn=0.3202  cql=0.0176  v=0.3214
  ep 3/10  dqn=0.3196  cql=0.0173  v=0.3209
  ep 4/10  dqn=0.3188  cql=0.0170  v=0.3203
  ep 5/10  dqn=0.3179  cql=0.0167  v=0.3195
  ep 6/10  dqn=0.3170  cql=0.0163  v=0.3187
  ep 7/10  dqn=0.3160  cql=0.0160  v=0.3178
  ep 8/10  dqn=0.3152  cql=0.0158  v=0.3171
  ep 9/10  dqn=0.3145  cql=0.0156  v=0.3164
  ep 10/10  dqn=0.3141  cql=0.0155  v=0.3161
[100ep] 评估: 胜率 28.0%, 场均 +0.39
完成。最优场均 +0.41
