/home/zuofengrui.zfr/.local/lib/python3.10/site-packages/torch/cuda/__init__.py:63: FutureWarning: The pynvml package is deprecated. Please install nvidia-ml-py instead. If you did not install pynvml directly, please report this to the maintainers of the package that installed pynvml for you.
  import pynvml  # type: ignore[import]
数据: 5653618 样本, 合法率验证通过
初始化: models/bc_base_50k.pt, 6.77M 参数
训练前评估: 胜率 25.9%, 场均 +0.27
  ep 1/20  dqn=1.1643  cql=0.5448  v=0.3605
  ep 2/20  dqn=0.3871  cql=0.0730  v=0.3499
  ep 3/20  dqn=0.3621  cql=0.0525  v=0.3452
  ep 4/20  dqn=0.3536  cql=0.0466  v=0.3419
  ep 5/20  dqn=0.3491  cql=0.0435  v=0.3398
  ep 6/20  dqn=0.3462  cql=0.0413  v=0.3383
  ep 7/20  dqn=0.3441  cql=0.0396  v=0.3373
  ep 8/20  dqn=0.3425  cql=0.0381  v=0.3364
  ep 9/20  dqn=0.3412  cql=0.0370  v=0.3358
  ep 10/20  dqn=0.3402  cql=0.0360  v=0.3354
  ep 11/20  dqn=0.3393  cql=0.0351  v=0.3349
  ep 12/20  dqn=0.3386  cql=0.0344  v=0.3346
  ep 13/20  dqn=0.3380  cql=0.0337  v=0.3343
  ep 14/20  dqn=0.3375  cql=0.0333  v=0.3341
  ep 15/20  dqn=0.3371  cql=0.0328  v=0.3340
  ep 16/20  dqn=0.3368  cql=0.0325  v=0.3338
  ep 17/20  dqn=0.3365  cql=0.0323  v=0.3337
  ep 18/20  dqn=0.3363  cql=0.0321  v=0.3336
  ep 19/20  dqn=0.3362  cql=0.0320  v=0.3336
  ep 20/20  dqn=0.3362  cql=0.0319  v=0.3336
[20ep] 评估: 胜率 28.3%, 场均 +0.45 ★
  ep 1/20  dqn=0.3377  cql=0.0337  v=0.3341
  ep 2/20  dqn=0.3368  cql=0.0329  v=0.3337
  ep 3/20  dqn=0.3361  cql=0.0321  v=0.3334
  ep 4/20  dqn=0.3353  cql=0.0313  v=0.3329
  ep 5/20  dqn=0.3346  cql=0.0305  v=0.3327
  ep 6/20  dqn=0.3339  cql=0.0298  v=0.3324
  ep 7/20  dqn=0.3334  cql=0.0293  v=0.3321
  ep 8/20  dqn=0.3328  cql=0.0287  v=0.3318
  ep 9/20  dqn=0.3323  cql=0.0282  v=0.3316
  ep 10/20  dqn=0.3317  cql=0.0276  v=0.3312
  ep 11/20  dqn=0.3312  cql=0.0272  v=0.3310
  ep 12/20  dqn=0.3307  cql=0.0267  v=0.3308
  ep 13/20  dqn=0.3303  cql=0.0264  v=0.3306
  ep 14/20  dqn=0.3300  cql=0.0261  v=0.3304
  ep 15/20  dqn=0.3297  cql=0.0259  v=0.3302
  ep 16/20  dqn=0.3294  cql=0.0257  v=0.3301
  ep 17/20  dqn=0.3292  cql=0.0256  v=0.3300
  ep 18/20  dqn=0.3290  cql=0.0255  v=0.3299
  ep 19/20  dqn=0.3289  cql=0.0254  v=0.3298
  ep 20/20  dqn=0.3288  cql=0.0253  v=0.3298
[40ep] 评估: 胜率 28.2%, 场均 +0.43
  ep 1/20  dqn=0.3309  cql=0.0272  v=0.3307
  ep 2/20  dqn=0.3302  cql=0.0265  v=0.3305
  ep 3/20  dqn=0.3299  cql=0.0264  v=0.3301
  ep 4/20  dqn=0.3293  cql=0.0259  v=0.3298
  ep 5/20  dqn=0.3287  cql=0.0254  v=0.3295
  ep 6/20  dqn=0.3282  cql=0.0250  v=0.3291
  ep 7/20  dqn=0.3276  cql=0.0246  v=0.3288
  ep 8/20  dqn=0.3271  cql=0.0243  v=0.3285
  ep 9/20  dqn=0.3265  cql=0.0239  v=0.3282
  ep 10/20  dqn=0.3260  cql=0.0235  v=0.3278
  ep 11/20  dqn=0.3254  cql=0.0232  v=0.3274
  ep 12/20  dqn=0.3249  cql=0.0230  v=0.3271
  ep 13/20  dqn=0.3245  cql=0.0227  v=0.3268
  ep 14/20  dqn=0.3240  cql=0.0225  v=0.3265
  ep 15/20  dqn=0.3237  cql=0.0224  v=0.3262
  ep 16/20  dqn=0.3234  cql=0.0222  v=0.3260
  ep 17/20  dqn=0.3231  cql=0.0221  v=0.3259
  ep 18/20  dqn=0.3229  cql=0.0220  v=0.3257
  ep 19/20  dqn=0.3228  cql=0.0220  v=0.3257
  ep 20/20  dqn=0.3227  cql=0.0220  v=0.3256
[60ep] 评估: 胜率 28.2%, 场均 +0.44
  ep 1/20  dqn=0.3254  cql=0.0236  v=0.3271
  ep 2/20  dqn=0.3248  cql=0.0233  v=0.3267
  ep 3/20  dqn=0.3242  cql=0.0229  v=0.3263
  ep 4/20  dqn=0.3238  cql=0.0229  v=0.3261
  ep 5/20  dqn=0.3232  cql=0.0225  v=0.3255
  ep 6/20  dqn=0.3225  cql=0.0222  v=0.3251
  ep 7/20  dqn=0.3220  cql=0.0220  v=0.3246
  ep 8/20  dqn=0.3211  cql=0.0216  v=0.3240
  ep 9/20  dqn=0.3205  cql=0.0214  v=0.3235
  ep 10/20  dqn=0.3199  cql=0.0211  v=0.3231
  ep 11/20  dqn=0.3192  cql=0.0209  v=0.3226
  ep 12/20  dqn=0.3187  cql=0.0207  v=0.3221
  ep 13/20  dqn=0.3181  cql=0.0205  v=0.3216
  ep 14/20  dqn=0.3175  cql=0.0203  v=0.3212
  ep 15/20  dqn=0.3171  cql=0.0202  v=0.3208
  ep 16/20  dqn=0.3167  cql=0.0201  v=0.3205
  ep 17/20  dqn=0.3164  cql=0.0200  v=0.3203
  ep 18/20  dqn=0.3162  cql=0.0200  v=0.3201
  ep 19/20  dqn=0.3160  cql=0.0199  v=0.3200
  ep 20/20  dqn=0.3159  cql=0.0199  v=0.3199
[80ep] 评估: 胜率 28.2%, 场均 +0.43
  ep 1/20  dqn=0.3192  cql=0.0212  v=0.3222
  ep 2/20  dqn=0.3190  cql=0.0214  v=0.3220
  ep 3/20  dqn=0.3182  cql=0.0210  v=0.3212
  ep 4/20  dqn=0.3176  cql=0.0208  v=0.3208
  ep 5/20  dqn=0.3169  cql=0.0206  v=0.3203
  ep 6/20  dqn=0.3162  cql=0.0203  v=0.3196
  ep 7/20  dqn=0.3154  cql=0.0202  v=0.3189
  ep 8/20  dqn=0.3147  cql=0.0199  v=0.3184
  ep 9/20  dqn=0.3138  cql=0.0197  v=0.3176
  ep 10/20  dqn=0.3131  cql=0.0195  v=0.3169
  ep 11/20  dqn=0.3124  cql=0.0193  v=0.3162
  ep 12/20  dqn=0.3117  cql=0.0192  v=0.3156
  ep 13/20  dqn=0.3110  cql=0.0190  v=0.3152
  ep 14/20  dqn=0.3104  cql=0.0189  v=0.3146
  ep 15/20  dqn=0.3099  cql=0.0188  v=0.3141
  ep 16/20  dqn=0.3094  cql=0.0187  v=0.3137
  ep 17/20  dqn=0.3091  cql=0.0186  v=0.3134
  ep 18/20  dqn=0.3088  cql=0.0186  v=0.3131
  ep 19/20  dqn=0.3086  cql=0.0185  v=0.3130
  ep 20/20  dqn=0.3084  cql=0.0185  v=0.3129
[100ep] 评估: 胜率 28.2%, 场均 +0.43
完成。最优场均 +0.45
