/home/zuofengrui.zfr/.local/lib/python3.10/site-packages/torch/cuda/__init__.py:63: FutureWarning: The pynvml package is deprecated. Please install nvidia-ml-py instead. If you did not install pynvml directly, please report this to the maintainers of the package that installed pynvml for you.
  import pynvml  # type: ignore[import]
数据: 16989412 样本, 合法率验证通过
随机初始化(从零训练)
small: 1.25M 参数
训练前评估: 胜率 0.4%, 场均 -2.52
  ep 1/20  dqn=0.4096  cql=1.7836  v=0.3421
  ep 2/20  dqn=0.4285  cql=1.3709  v=0.3381
  ep 3/20  dqn=0.4324  cql=1.1872  v=0.3378
  ep 4/20  dqn=0.4340  cql=1.0564  v=0.3368
  ep 5/20  dqn=0.4346  cql=0.9511  v=0.3365
  ep 6/20  dqn=0.4325  cql=0.8714  v=0.3362
  ep 7/20  dqn=0.4293  cql=0.8026  v=0.3361
  ep 8/20  dqn=0.4258  cql=0.7449  v=0.3359
  ep 9/20  dqn=0.4214  cql=0.6921  v=0.3357
  ep 10/20  dqn=0.4178  cql=0.6474  v=0.3355
  ep 11/20  dqn=0.4141  cql=0.6065  v=0.3354
  ep 12/20  dqn=0.4110  cql=0.5699  v=0.3352
  ep 13/20  dqn=0.4084  cql=0.5381  v=0.3351
  ep 14/20  dqn=0.4062  cql=0.5116  v=0.3350
  ep 15/20  dqn=0.4043  cql=0.4895  v=0.3349
  ep 16/20  dqn=0.4028  cql=0.4727  v=0.3349
  ep 17/20  dqn=0.4016  cql=0.4602  v=0.3348
  ep 18/20  dqn=0.4008  cql=0.4513  v=0.3348
  ep 19/20  dqn=0.4002  cql=0.4457  v=0.3348
  ep 20/20  dqn=0.3999  cql=0.4430  v=0.3347
[20ep] 评估: 胜率 27.0%, 场均 +0.29 ★
  ep 1/20  dqn=0.4200  cql=0.5203  v=0.3364
  ep 2/20  dqn=0.4030  cql=0.4598  v=0.3351
  ep 3/20  dqn=0.4003  cql=0.4316  v=0.3352
  ep 4/20  dqn=0.3963  cql=0.4009  v=0.3351
  ep 5/20  dqn=0.3931  cql=0.3700  v=0.3347
  ep 6/20  dqn=0.3905  cql=0.3448  v=0.3347
  ep 7/20  dqn=0.3871  cql=0.3204  v=0.3346
  ep 8/20  dqn=0.3845  cql=0.2977  v=0.3344
  ep 9/20  dqn=0.3818  cql=0.2764  v=0.3343
  ep 10/20  dqn=0.3794  cql=0.2573  v=0.3341
  ep 11/20  dqn=0.3770  cql=0.2405  v=0.3339
  ep 12/20  dqn=0.3750  cql=0.2255  v=0.3339
  ep 13/20  dqn=0.3732  cql=0.2131  v=0.3338
  ep 14/20  dqn=0.3715  cql=0.2026  v=0.3337
  ep 15/20  dqn=0.3702  cql=0.1938  v=0.3336
  ep 16/20  dqn=0.3691  cql=0.1871  v=0.3336
  ep 17/20  dqn=0.3681  cql=0.1817  v=0.3335
  ep 18/20  dqn=0.3674  cql=0.1777  v=0.3335
  ep 19/20  dqn=0.3669  cql=0.1750  v=0.3334
  ep 20/20  dqn=0.3666  cql=0.1736  v=0.3334
[40ep] 评估: 胜率 27.4%, 场均 +0.34 ★
  ep 1/20  dqn=0.3901  cql=0.2448  v=0.3356
  ep 2/20  dqn=0.3727  cql=0.2079  v=0.3344
  ep 3/20  dqn=0.3711  cql=0.1965  v=0.3344
  ep 4/20  dqn=0.3683  cql=0.1855  v=0.3339
  ep 5/20  dqn=0.3665  cql=0.1718  v=0.3340
  ep 6/20  dqn=0.3643  cql=0.1599  v=0.3341
  ep 7/20  dqn=0.3623  cql=0.1496  v=0.3337
  ep 8/20  dqn=0.3607  cql=0.1395  v=0.3336
  ep 9/20  dqn=0.3590  cql=0.1296  v=0.3335
  ep 10/20  dqn=0.3576  cql=0.1220  v=0.3334
  ep 11/20  dqn=0.3559  cql=0.1137  v=0.3333
  ep 12/20  dqn=0.3547  cql=0.1072  v=0.3332
  ep 13/20  dqn=0.3535  cql=0.1019  v=0.3331
  ep 14/20  dqn=0.3525  cql=0.0973  v=0.3331
  ep 15/20  dqn=0.3516  cql=0.0932  v=0.3330
  ep 16/20  dqn=0.3508  cql=0.0900  v=0.3329
  ep 17/20  dqn=0.3502  cql=0.0873  v=0.3329
  ep 18/20  dqn=0.3496  cql=0.0853  v=0.3328
  ep 19/20  dqn=0.3492  cql=0.0837  v=0.3328
  ep 20/20  dqn=0.3488  cql=0.0828  v=0.3328
[60ep] 评估: 胜率 27.5%, 场均 +0.37 ★
  ep 1/20  dqn=0.3884  cql=0.1637  v=0.3359
  ep 2/20  dqn=0.3579  cql=0.1213  v=0.3345
  ep 3/20  dqn=0.3567  cql=0.1185  v=0.3339
  ep 4/20  dqn=0.3561  cql=0.1136  v=0.3338
  ep 5/20  dqn=0.3546  cql=0.1079  v=0.3333
  ep 6/20  dqn=0.3532  cql=0.1022  v=0.3333
  ep 7/20  dqn=0.3519  cql=0.0960  v=0.3334
  ep 8/20  dqn=0.3506  cql=0.0891  v=0.3333
  ep 9/20  dqn=0.3495  cql=0.0845  v=0.3331
  ep 10/20  dqn=0.3483  cql=0.0793  v=0.3331
  ep 11/20  dqn=0.3471  cql=0.0746  v=0.3330
  ep 12/20  dqn=0.3463  cql=0.0707  v=0.3329
  ep 13/20  dqn=0.3455  cql=0.0678  v=0.3328
  ep 14/20  dqn=0.3447  cql=0.0647  v=0.3327
  ep 15/20  dqn=0.3439  cql=0.0623  v=0.3327
  ep 16/20  dqn=0.3433  cql=0.0601  v=0.3326
  ep 17/20  dqn=0.3428  cql=0.0582  v=0.3326
  ep 18/20  dqn=0.3423  cql=0.0569  v=0.3325
  ep 19/20  dqn=0.3420  cql=0.0557  v=0.3325
  ep 20/20  dqn=0.3416  cql=0.0550  v=0.3325
[80ep] 评估: 胜率 27.8%, 场均 +0.40 ★
  ep 1/20  dqn=0.3783  cql=0.1262  v=0.3358
  ep 2/20  dqn=0.3521  cql=0.0933  v=0.3344
  ep 3/20  dqn=0.3512  cql=0.0906  v=0.3334
  ep 4/20  dqn=0.3502  cql=0.0862  v=0.3333
  ep 5/20  dqn=0.3493  cql=0.0828  v=0.3338
  ep 6/20  dqn=0.3478  cql=0.0774  v=0.3336
  ep 7/20  dqn=0.3467  cql=0.0727  v=0.3330
  ep 8/20  dqn=0.3459  cql=0.0682  v=0.3332
  ep 9/20  dqn=0.3447  cql=0.0648  v=0.3328
  ep 10/20  dqn=0.3438  cql=0.0611  v=0.3327
  ep 11/20  dqn=0.3431  cql=0.0579  v=0.3327
  ep 12/20  dqn=0.3422  cql=0.0551  v=0.3326
  ep 13/20  dqn=0.3416  cql=0.0527  v=0.3324
  ep 14/20  dqn=0.3409  cql=0.0505  v=0.3324
  ep 15/20  dqn=0.3403  cql=0.0486  v=0.3323
  ep 16/20  dqn=0.3398  cql=0.0469  v=0.3323
  ep 17/20  dqn=0.3394  cql=0.0455  v=0.3323
  ep 18/20  dqn=0.3389  cql=0.0443  v=0.3322
  ep 19/20  dqn=0.3386  cql=0.0434  v=0.3322
  ep 20/20  dqn=0.3383  cql=0.0428  v=0.3322
[100ep] 评估: 胜率 27.8%, 场均 +0.40
完成。最优场均 +0.40
