/home/zuofengrui.zfr/.local/lib/python3.10/site-packages/torch/cuda/__init__.py:63: FutureWarning: The pynvml package is deprecated. Please install nvidia-ml-py instead. If you did not install pynvml directly, please report this to the maintainers of the package that installed pynvml for you.
  import pynvml  # type: ignore[import]
数据: 5653618 样本, 合法率验证通过
初始化: models/bc_base_50k.pt, 6.77M 参数
训练前评估: 胜率 25.9%, 场均 +0.27
  ep 1/60  dqn=0.4953  cql=0.1564  v=0.3494
  ep 2/60  dqn=0.3491  cql=0.0464  v=0.3389
  ep 3/60  dqn=0.3434  cql=0.0417  v=0.3362
  ep 4/60  dqn=0.3406  cql=0.0387  v=0.3350
  ep 5/60  dqn=0.3388  cql=0.0366  v=0.3342
  ep 6/60  dqn=0.3373  cql=0.0347  v=0.3335
  ep 7/60  dqn=0.3361  cql=0.0332  v=0.3330
  ep 8/60  dqn=0.3351  cql=0.0318  v=0.3325
  ep 9/60  dqn=0.3341  cql=0.0306  v=0.3320
  ep 10/60  dqn=0.3333  cql=0.0297  v=0.3316
  ep 11/60  dqn=0.3324  cql=0.0287  v=0.3312
  ep 12/60  dqn=0.3317  cql=0.0278  v=0.3307
  ep 13/60  dqn=0.3309  cql=0.0270  v=0.3302
  ep 14/60  dqn=0.3300  cql=0.0261  v=0.3297
  ep 15/60  dqn=0.3292  cql=0.0254  v=0.3291
  ep 16/60  dqn=0.3283  cql=0.0247  v=0.3286
  ep 17/60  dqn=0.3274  cql=0.0241  v=0.3279
  ep 18/60  dqn=0.3265  cql=0.0234  v=0.3273
  ep 19/60  dqn=0.3255  cql=0.0228  v=0.3265
  ep 20/60  dqn=0.3246  cql=0.0223  v=0.3258
  ep 21/60  dqn=0.3235  cql=0.0218  v=0.3249
  ep 22/60  dqn=0.3225  cql=0.0212  v=0.3241
  ep 23/60  dqn=0.3214  cql=0.0207  v=0.3232
  ep 24/60  dqn=0.3203  cql=0.0203  v=0.3222
  ep 25/60  dqn=0.3192  cql=0.0199  v=0.3212
  ep 26/60  dqn=0.3180  cql=0.0195  v=0.3202
  ep 27/60  dqn=0.3168  cql=0.0190  v=0.3190
  ep 28/60  dqn=0.3156  cql=0.0187  v=0.3179
  ep 29/60  dqn=0.3143  cql=0.0184  v=0.3167
  ep 30/60  dqn=0.3130  cql=0.0181  v=0.3155
  ep 31/60  dqn=0.3118  cql=0.0177  v=0.3143
  ep 32/60  dqn=0.3105  cql=0.0174  v=0.3131
  ep 33/60  dqn=0.3092  cql=0.0172  v=0.3119
  ep 34/60  dqn=0.3080  cql=0.0169  v=0.3107
  ep 35/60  dqn=0.3067  cql=0.0167  v=0.3095
  ep 36/60  dqn=0.3055  cql=0.0164  v=0.3083
  ep 37/60  dqn=0.3043  cql=0.0163  v=0.3071
  ep 38/60  dqn=0.3031  cql=0.0160  v=0.3059
  ep 39/60  dqn=0.3019  cql=0.0159  v=0.3048
  ep 40/60  dqn=0.3008  cql=0.0157  v=0.3037
  ep 41/60  dqn=0.2998  cql=0.0155  v=0.3027
  ep 42/60  dqn=0.2987  cql=0.0154  v=0.3017
  ep 43/60  dqn=0.2978  cql=0.0153  v=0.3007
  ep 44/60  dqn=0.2968  cql=0.0152  v=0.2998
  ep 45/60  dqn=0.2960  cql=0.0151  v=0.2990
  ep 46/60  dqn=0.2951  cql=0.0150  v=0.2981
  ep 47/60  dqn=0.2944  cql=0.0149  v=0.2974
  ep 48/60  dqn=0.2937  cql=0.0148  v=0.2967
  ep 49/60  dqn=0.2931  cql=0.0147  v=0.2961
  ep 50/60  dqn=0.2925  cql=0.0147  v=0.2955
  ep 51/60  dqn=0.2920  cql=0.0146  v=0.2950
  ep 52/60  dqn=0.2916  cql=0.0146  v=0.2946
  ep 53/60  dqn=0.2912  cql=0.0145  v=0.2942
  ep 54/60  dqn=0.2909  cql=0.0145  v=0.2939
  ep 55/60  dqn=0.2906  cql=0.0145  v=0.2936
  ep 56/60  dqn=0.2904  cql=0.0145  v=0.2934
  ep 57/60  dqn=0.2902  cql=0.0145  v=0.2932
  ep 58/60  dqn=0.2901  cql=0.0144  v=0.2931
  ep 59/60  dqn=0.2900  cql=0.0144  v=0.2930
  ep 60/60  dqn=0.2899  cql=0.0144  v=0.2930
训练后评估: 胜率 28.1%, 场均 +0.38
★ 优于初始化
