/home/zuofengrui.zfr/.local/lib/python3.10/site-packages/torch/cuda/__init__.py:63: FutureWarning: The pynvml package is deprecated. Please install nvidia-ml-py instead. If you did not install pynvml directly, please report this to the maintainers of the package that installed pynvml for you.
  import pynvml  # type: ignore[import]
数据: 16989412 样本, 合法率验证通过
随机初始化(从零训练)
large: 43.18M 参数
训练前评估: 胜率 1.7%, 场均 -2.42
  ep 1/10  dqn=0.4398  cql=1.2682  v=0.3437
  ep 2/10  dqn=0.4092  cql=0.5790  v=0.3376
  ep 3/10  dqn=0.3817  cql=0.3434  v=0.3350
  ep 4/10  dqn=0.3680  cql=0.2317  v=0.3341
  ep 5/10  dqn=0.3585  cql=0.1554  v=0.3335
  ep 6/10  dqn=0.3499  cql=0.1034  v=0.3327
  ep 7/10  dqn=0.3440  cql=0.0697  v=0.3323
  ep 8/10  dqn=0.3397  cql=0.0500  v=0.3318
  ep 9/10  dqn=0.3366  cql=0.0387  v=0.3314
  ep 10/10  dqn=0.3345  cql=0.0320  v=0.3312
[10ep] 评估: 胜率 27.7%, 场均 +0.36 ★
  ep 1/10  dqn=0.4037  cql=0.2777  v=0.3375
  ep 2/10  dqn=0.3565  cql=0.1260  v=0.3332
  ep 3/10  dqn=0.3514  cql=0.0967  v=0.3327
  ep 4/10  dqn=0.3454  cql=0.0695  v=0.3321
  ep 5/10  dqn=0.3410  cql=0.0516  v=0.3317
  ep 6/10  dqn=0.3372  cql=0.0396  v=0.3310
  ep 7/10  dqn=0.3347  cql=0.0316  v=0.3304
  ep 8/10  dqn=0.3325  cql=0.0254  v=0.3298
  ep 9/10  dqn=0.3305  cql=0.0210  v=0.3292
  ep 10/10  dqn=0.3292  cql=0.0185  v=0.3286
[20ep] 评估: 胜率 27.8%, 场均 +0.38 ★
  ep 1/10  dqn=0.3656  cql=0.1069  v=0.3341
  ep 2/10  dqn=0.3455  cql=0.0626  v=0.3311
  ep 3/10  dqn=0.3419  cql=0.0511  v=0.3315
  ep 4/10  dqn=0.3383  cql=0.0418  v=0.3305
  ep 5/10  dqn=0.3350  cql=0.0337  v=0.3299
  ep 6/10  dqn=0.3327  cql=0.0278  v=0.3290
  ep 7/10  dqn=0.3304  cql=0.0224  v=0.3283
  ep 8/10  dqn=0.3280  cql=0.0181  v=0.3271
  ep 9/10  dqn=0.3259  cql=0.0154  v=0.3257
  ep 10/10  dqn=0.3244  cql=0.0140  v=0.3247
[30ep] 评估: 胜率 27.8%, 场均 +0.37
  ep 1/10  dqn=0.3504  cql=0.0577  v=0.3364
  ep 2/10  dqn=0.3364  cql=0.0399  v=0.3287
  ep 3/10  dqn=0.3337  cql=0.0335  v=0.3283
  ep 4/10  dqn=0.3318  cql=0.0293  v=0.3275
  ep 5/10  dqn=0.3293  cql=0.0244  v=0.3264
  ep 6/10  dqn=0.3264  cql=0.0203  v=0.3246
  ep 7/10  dqn=0.3231  cql=0.0163  v=0.3223
  ep 8/10  dqn=0.3191  cql=0.0132  v=0.3191
  ep 9/10  dqn=0.3151  cql=0.0115  v=0.3156
  ep 10/10  dqn=0.3120  cql=0.0106  v=0.3128
[40ep] 评估: 胜率 27.8%, 场均 +0.37
  ep 1/10  dqn=0.3324  cql=0.0333  v=0.3252
  ep 2/10  dqn=0.3269  cql=0.0268  v=0.3230
  ep 3/10  dqn=0.3245  cql=0.0243  v=0.3214
  ep 4/10  dqn=0.3217  cql=0.0209  v=0.3195
  ep 5/10  dqn=0.3173  cql=0.0177  v=0.3159
  ep 6/10  dqn=0.3117  cql=0.0147  v=0.3110
  ep 7/10  dqn=0.3048  cql=0.0119  v=0.3048
  ep 8/10  dqn=0.2972  cql=0.0098  v=0.2977
  ep 9/10  dqn=0.2902  cql=0.0086  v=0.2911
  ep 10/10  dqn=0.2852  cql=0.0078  v=0.2864
[50ep] 评估: 胜率 28.1%, 场均 +0.42 ★
  ep 1/10  dqn=0.3164  cql=0.0233  v=0.3118
  ep 2/10  dqn=0.3098  cql=0.0198  v=0.3076
  ep 3/10  dqn=0.3059  cql=0.0180  v=0.3041
  ep 4/10  dqn=0.3005  cql=0.0159  v=0.2992
  ep 5/10  dqn=0.2932  cql=0.0132  v=0.2926
  ep 6/10  dqn=0.2843  cql=0.0110  v=0.2841
  ep 7/10  dqn=0.2745  cql=0.0090  v=0.2748
  ep 8/10  dqn=0.2646  cql=0.0073  v=0.2653
  ep 9/10  dqn=0.2562  cql=0.0063  v=0.2572
  ep 10/10  dqn=0.2505  cql=0.0057  v=0.2516
[60ep] 评估: 胜率 28.1%, 场均 +0.42 ★
  ep 1/10  dqn=0.2951  cql=0.0175  v=0.2926
  ep 2/10  dqn=0.2848  cql=0.0155  v=0.2833
  ep 3/10  dqn=0.2794  cql=0.0140  v=0.2784
  ep 4/10  dqn=0.2719  cql=0.0127  v=0.2711
  ep 5/10  dqn=0.2641  cql=0.0104  v=0.2638
  ep 6/10  dqn=0.2533  cql=0.0086  v=0.2533
  ep 7/10  dqn=0.2427  cql=0.0068  v=0.2430
  ep 8/10  dqn=0.2324  cql=0.0053  v=0.2330
  ep 9/10  dqn=0.2240  cql=0.0044  v=0.2249
  ep 10/10  dqn=0.2184  cql=0.0038  v=0.2195
[70ep] 评估: 胜率 28.2%, 场均 +0.42 ★
  ep 1/10  dqn=0.2664  cql=0.0133  v=0.2646
  ep 2/10  dqn=0.2585  cql=0.0133  v=0.2571
  ep 3/10  dqn=0.2519  cql=0.0118  v=0.2510
  ep 4/10  dqn=0.2441  cql=0.0100  v=0.2435
  ep 5/10  dqn=0.2349  cql=0.0083  v=0.2346
  ep 6/10  dqn=0.2248  cql=0.0066  v=0.2247
  ep 7/10  dqn=0.2145  cql=0.0050  v=0.2147
  ep 8/10  dqn=0.2047  cql=0.0037  v=0.2052
  ep 9/10  dqn=0.1969  cql=0.0028  v=0.1976
  ep 10/10  dqn=0.1917  cql=0.0023  v=0.1926
[80ep] 评估: 胜率 28.3%, 场均 +0.44 ★
  ep 1/10  dqn=0.2392  cql=0.0111  v=0.2377
  ep 2/10  dqn=0.2329  cql=0.0110  v=0.2317
  ep 3/10  dqn=0.2263  cql=0.0092  v=0.2255
  ep 4/10  dqn=0.2191  cql=0.0083  v=0.2185
  ep 5/10  dqn=0.2098  cql=0.0064  v=0.2095
  ep 6/10  dqn=0.2007  cql=0.0051  v=0.2006
  ep 7/10  dqn=0.1908  cql=0.0036  v=0.1910
  ep 8/10  dqn=0.1817  cql=0.0024  v=0.1820
  ep 9/10  dqn=0.1743  cql=0.0016  v=0.1748
  ep 10/10  dqn=0.1698  cql=0.0012  v=0.1705
[90ep] 评估: 胜率 28.2%, 场均 +0.43
  ep 1/10  dqn=0.2133  cql=0.0087  v=0.2120
  ep 2/10  dqn=0.2123  cql=0.0085  v=0.2114
  ep 3/10  dqn=0.2049  cql=0.0077  v=0.2041
  ep 4/10  dqn=0.1973  cql=0.0066  v=0.1967
  ep 5/10  dqn=0.1895  cql=0.0053  v=0.1891
  ep 6/10  dqn=0.1799  cql=0.0037  v=0.1798
  ep 7/10  dqn=0.1710  cql=0.0024  v=0.1711
  ep 8/10  dqn=0.1624  cql=0.0014  v=0.1627
  ep 9/10  dqn=0.1557  cql=0.0008  v=0.1561
  ep 10/10  dqn=0.1518  cql=0.0006  v=0.1523
[100ep] 评估: 胜率 28.1%, 场均 +0.41
完成。最优场均 +0.44
