/home/zuofengrui.zfr/mahjong159/tools/rl_bloody_train.py:290: UserWarning: Converting a tensor with requires_grad=True to a scalar may lead to unexpected behavior.
Consider using tensor.detach() first. (Triggered internally at /__w/pytorch/pytorch/torch/csrc/autograd/generated/python_variable_methods.cpp:822.)
  stats["klref"] += float(klref)
热启动 models/hv_value_pretrained_v2.pt (size=small, value 头重新初始化)
KL 锚定参考策略 models/hv_value_pretrained_v2.pt (权重 0.05)
iter    1 样本 11694 步 36/3ep pi -0.0087 v 0.5473 ent 0.29 kl +0.0205 clip 0.10 klref 0.014 vR² -0.114 dcorr -0.000 名次奖励均+0.00 采集2.8s
iter    2 样本 11436 步 48/4ep pi -0.0145 v 0.4439 ent 0.29 kl +0.0183 clip 0.08 klref 0.025 vR² -0.019 dcorr -0.000 名次奖励均+0.00 采集2.7s
iter    3 样本 11480 步 48/4ep pi -0.0208 v 0.4337 ent 0.30 kl +0.0140 clip 0.08 klref 0.031 vR² +0.020 dcorr +0.000 名次奖励均+0.00 采集2.7s
iter    4 样本 11367 步 48/4ep pi -0.0102 v 0.4373 ent 0.31 kl +0.0148 clip 0.08 klref 0.041 vR² +0.009 dcorr -0.000 名次奖励均+0.00 采集2.7s
iter    5 样本 11730 步 48/4ep pi -0.0176 v 0.4215 ent 0.30 kl +0.0150 clip 0.08 klref 0.047 vR² +0.018 dcorr -0.000 名次奖励均+0.00 采集2.8s
iter    6 样本 11466 步 48/4ep pi -0.0184 v 0.4229 ent 0.31 kl +0.0121 clip 0.08 klref 0.058 vR² +0.046 dcorr -0.000 名次奖励均+0.00 采集2.8s
iter    7 样本 11490 步 48/4ep pi -0.0196 v 0.4270 ent 0.31 kl +0.0113 clip 0.08 klref 0.060 vR² +0.038 dcorr -0.000 名次奖励均+0.00 采集2.8s
iter    8 样本 11834 步 48/4ep pi -0.0174 v 0.4157 ent 0.31 kl +0.0103 clip 0.08 klref 0.062 vR² +0.023 dcorr +0.000 名次奖励均+0.00 采集2.9s
iter    9 样本 11577 步 48/4ep pi -0.0185 v 0.4047 ent 0.31 kl +0.0131 clip 0.08 klref 0.069 vR² +0.039 dcorr -0.000 名次奖励均+0.00 采集2.8s
iter   10 样本 11689 步 48/4ep pi -0.0182 v 0.4106 ent 0.31 kl +0.0121 clip 0.08 klref 0.076 vR² +0.040 dcorr -0.000 名次奖励均+0.00 采集2.7s
iter   11 样本 11862 步 48/4ep pi -0.0178 v 0.4194 ent 0.32 kl +0.0127 clip 0.08 klref 0.080 vR² +0.032 dcorr +0.000 名次奖励均+0.00 采集2.9s
iter   12 样本 11911 步 48/4ep pi -0.0168 v 0.4058 ent 0.31 kl +0.0117 clip 0.08 klref 0.073 vR² +0.051 dcorr -0.000 名次奖励均+0.00 采集2.9s
iter   13 样本 11760 步 48/4ep pi -0.0194 v 0.4121 ent 0.32 kl +0.0092 clip 0.07 klref 0.081 vR² +0.045 dcorr -0.000 名次奖励均+0.00 采集2.9s
iter   14 样本 11413 步 48/4ep pi -0.0215 v 0.4125 ent 0.30 kl +0.0145 clip 0.08 klref 0.087 vR² +0.057 dcorr +0.000 名次奖励均+0.00 采集2.8s
iter   15 样本 11630 步 48/4ep pi -0.0178 v 0.4016 ent 0.30 kl +0.0119 clip 0.08 klref 0.092 vR² +0.055 dcorr -0.000 名次奖励均+0.00 采集2.9s
iter   16 样本 11598 步 48/4ep pi -0.0185 v 0.4019 ent 0.31 kl +0.0119 clip 0.08 klref 0.093 vR² +0.053 dcorr -0.000 名次奖励均+0.00 采集2.8s
iter   17 样本 11807 步 48/4ep pi -0.0183 v 0.4012 ent 0.31 kl +0.0112 clip 0.08 klref 0.101 vR² +0.054 dcorr +0.000 名次奖励均+0.00 采集2.9s
iter   18 样本 11493 步 48/4ep pi -0.0191 v 0.3972 ent 0.32 kl +0.0136 clip 0.09 klref 0.109 vR² +0.064 dcorr +0.000 名次奖励均+0.00 采集2.8s
iter   19 样本 11684 步 48/4ep pi -0.0202 v 0.3964 ent 0.31 kl +0.0107 clip 0.08 klref 0.107 vR² +0.083 dcorr +0.000 名次奖励均+0.00 采集2.9s
iter   20 样本 11425 步 48/4ep pi -0.0141 v 0.4049 ent 0.31 kl +0.0112 clip 0.08 klref 0.116 vR² +0.070 dcorr -0.000 名次奖励均+0.00 采集2.8s
   [评估 200seed×4座位 vs v31n] 名次差 -0.407±0.073 (t=-5.6)  得分差 -1.241±0.239  用时39s
iter   21 样本 11930 步 48/4ep pi -0.0190 v 0.3962 ent 0.32 kl +0.0111 clip 0.08 klref 0.116 vR² +0.087 dcorr -0.000 名次奖励均+0.00 采集3.1s
iter   22 样本 11470 步 48/4ep pi -0.0211 v 0.4079 ent 0.31 kl +0.0116 clip 0.08 klref 0.113 vR² +0.069 dcorr -0.000 名次奖励均+0.00 采集2.9s
iter   23 样本 11900 步 48/4ep pi -0.0177 v 0.4023 ent 0.30 kl +0.0103 clip 0.08 klref 0.113 vR² +0.079 dcorr +0.000 名次奖励均+0.00 采集2.9s
iter   24 样本 11462 步 48/4ep pi -0.0176 v 0.4012 ent 0.31 kl +0.0122 clip 0.08 klref 0.113 vR² +0.081 dcorr -0.000 名次奖励均+0.00 采集2.8s
iter   25 样本 11771 步 48/4ep pi -0.0178 v 0.3864 ent 0.30 kl +0.0118 clip 0.08 klref 0.114 vR² +0.083 dcorr +0.000 名次奖励均+0.00 采集2.9s
iter   26 样本 11479 步 48/4ep pi -0.0176 v 0.4169 ent 0.31 kl +0.0119 clip 0.08 klref 0.113 vR² +0.070 dcorr -0.000 名次奖励均+0.00 采集2.8s
iter   27 样本 11365 步 48/4ep pi -0.0112 v 0.4091 ent 0.32 kl +0.0130 clip 0.08 klref 0.119 vR² +0.078 dcorr -0.000 名次奖励均+0.00 采集2.8s
iter   28 样本 11434 步 48/4ep pi -0.0172 v 0.3984 ent 0.31 kl +0.0099 clip 0.08 klref 0.126 vR² +0.064 dcorr +0.000 名次奖励均+0.00 采集2.9s
iter   29 样本 11658 步 48/4ep pi -0.0180 v 0.4127 ent 0.31 kl +0.0106 clip 0.08 klref 0.125 vR² +0.067 dcorr -0.000 名次奖励均+0.00 采集2.8s
iter   30 样本 11623 步 48/4ep pi -0.0180 v 0.3837 ent 0.31 kl +0.0094 clip 0.08 klref 0.127 vR² +0.084 dcorr +0.000 名次奖励均+0.00 采集2.9s
iter   31 样本 11701 步 48/4ep pi -0.0194 v 0.3980 ent 0.31 kl +0.0118 clip 0.08 klref 0.133 vR² +0.080 dcorr -0.000 名次奖励均+0.00 采集2.9s
iter   32 样本 11813 步 48/4ep pi -0.0173 v 0.3802 ent 0.31 kl +0.0117 clip 0.08 klref 0.132 vR² +0.106 dcorr -0.000 名次奖励均+0.00 采集2.8s
iter   33 样本 11517 步 48/4ep pi -0.0145 v 0.3940 ent 0.31 kl +0.0120 clip 0.08 klref 0.135 vR² +0.075 dcorr +0.000 名次奖励均+0.00 采集2.9s
iter   34 样本 11508 步 48/4ep pi -0.0176 v 0.4080 ent 0.32 kl +0.0118 clip 0.08 klref 0.137 vR² +0.077 dcorr +0.000 名次奖励均+0.00 采集2.8s
iter   35 样本 11842 步 48/4ep pi -0.0172 v 0.3901 ent 0.30 kl +0.0099 clip 0.08 klref 0.134 vR² +0.080 dcorr -0.000 名次奖励均+0.00 采集2.9s
iter   36 样本 11332 步 48/4ep pi -0.0242 v 0.4154 ent 0.31 kl +0.0122 clip 0.08 klref 0.141 vR² +0.069 dcorr -0.000 名次奖励均+0.00 采集2.8s
iter   37 样本 11630 步 48/4ep pi -0.0160 v 0.3831 ent 0.31 kl +0.0124 clip 0.08 klref 0.147 vR² +0.111 dcorr -0.000 名次奖励均+0.00 采集2.8s
iter   38 样本 11557 步 48/4ep pi -0.0189 v 0.3922 ent 0.32 kl +0.0099 clip 0.08 klref 0.155 vR² +0.096 dcorr -0.000 名次奖励均+0.00 采集2.9s
iter   39 样本 11392 步 48/4ep pi -0.0173 v 0.3988 ent 0.31 kl +0.0130 clip 0.08 klref 0.164 vR² +0.091 dcorr -0.000 名次奖励均+0.00 采集2.7s
iter   40 样本 11886 步 48/4ep pi -0.0186 v 0.3841 ent 0.31 kl +0.0108 clip 0.08 klref 0.162 vR² +0.110 dcorr -0.000 名次奖励均+0.00 采集2.9s
   [评估 200seed×4座位 vs v31n] 名次差 -0.453±0.075 (t=-6.0)  得分差 -1.349±0.245  用时40s
iter   41 样本 11737 步 48/4ep pi -0.0192 v 0.3898 ent 0.31 kl +0.0105 clip 0.08 klref 0.152 vR² +0.101 dcorr +0.000 名次奖励均+0.00 采集3.2s
iter   42 样本 11594 步 48/4ep pi -0.0193 v 0.4002 ent 0.32 kl +0.0109 clip 0.08 klref 0.162 vR² +0.077 dcorr +0.000 名次奖励均+0.00 采集2.8s
iter   43 样本 11525 步 48/4ep pi -0.0211 v 0.3860 ent 0.31 kl +0.0109 clip 0.08 klref 0.152 vR² +0.112 dcorr +0.000 名次奖励均+0.00 采集2.8s
iter   44 样本 11416 步 48/4ep pi -0.0179 v 0.4006 ent 0.32 kl +0.0107 clip 0.08 klref 0.162 vR² +0.099 dcorr -0.000 名次奖励均+0.00 采集2.8s
iter   45 样本 11776 步 48/4ep pi -0.0179 v 0.3896 ent 0.31 kl +0.0092 clip 0.08 klref 0.165 vR² +0.107 dcorr +0.000 名次奖励均+0.00 采集2.8s
iter   46 样本 11628 步 48/4ep pi -0.0157 v 0.3703 ent 0.32 kl +0.0116 clip 0.08 klref 0.176 vR² +0.131 dcorr +0.000 名次奖励均+0.00 采集2.9s
iter   47 样本 11497 步 48/4ep pi -0.0150 v 0.3746 ent 0.31 kl +0.0101 clip 0.08 klref 0.175 vR² +0.128 dcorr +0.000 名次奖励均+0.00 采集2.8s
iter   48 样本 11625 步 48/4ep pi -0.0169 v 0.3789 ent 0.32 kl +0.0111 clip 0.08 klref 0.183 vR² +0.116 dcorr +0.000 名次奖励均+0.00 采集2.9s
iter   49 样本 11323 步 48/4ep pi -0.0203 v 0.3964 ent 0.31 kl +0.0116 clip 0.08 klref 0.177 vR² +0.107 dcorr -0.000 名次奖励均+0.00 采集2.8s
iter   50 样本 11272 步 48/4ep pi -0.0019 v 0.3880 ent 0.32 kl +0.0147 clip 0.09 klref 0.178 vR² +0.109 dcorr -0.000 名次奖励均+0.00 采集2.8s
iter   51 样本 11604 步 48/4ep pi -0.0198 v 0.3745 ent 0.32 kl +0.0103 clip 0.08 klref 0.180 vR² +0.124 dcorr +0.000 名次奖励均+0.00 采集2.9s
iter   52 样本 11645 步 48/4ep pi -0.0172 v 0.3887 ent 0.31 kl +0.0120 clip 0.08 klref 0.172 vR² +0.106 dcorr -0.000 名次奖励均+0.00 采集2.9s
iter   53 样本 11522 步 48/4ep pi -0.0172 v 0.3885 ent 0.31 kl +0.0126 clip 0.08 klref 0.174 vR² +0.111 dcorr +0.000 名次奖励均+0.00 采集2.9s
iter   54 样本 11618 步 48/4ep pi -0.0154 v 0.3848 ent 0.31 kl +0.0104 clip 0.08 klref 0.180 vR² +0.122 dcorr -0.000 名次奖励均+0.00 采集2.8s
iter   55 样本 11668 步 48/4ep pi -0.0175 v 0.3720 ent 0.31 kl +0.0100 clip 0.08 klref 0.181 vR² +0.137 dcorr +0.000 名次奖励均+0.00 采集2.9s
iter   56 样本 11710 步 48/4ep pi -0.0189 v 0.3763 ent 0.30 kl +0.0106 clip 0.08 klref 0.181 vR² +0.126 dcorr +0.000 名次奖励均+0.00 采集2.9s
iter   57 样本 11541 步 48/4ep pi -0.0192 v 0.3835 ent 0.31 kl +0.0127 clip 0.08 klref 0.180 vR² +0.115 dcorr -0.000 名次奖励均+0.00 采集2.9s
iter   58 样本 11562 步 48/4ep pi -0.0187 v 0.3831 ent 0.31 kl +0.0100 clip 0.08 klref 0.189 vR² +0.122 dcorr +0.000 名次奖励均+0.00 采集2.8s
iter   59 样本 11705 步 48/4ep pi -0.0166 v 0.3717 ent 0.31 kl +0.0115 clip 0.08 klref 0.192 vR² +0.131 dcorr -0.000 名次奖励均+0.00 采集2.9s
iter   60 样本 11381 步 48/4ep pi -0.0212 v 0.3713 ent 0.30 kl +0.0126 clip 0.08 klref 0.201 vR² +0.137 dcorr -0.000 名次奖励均+0.00 采集3.0s
   [评估 200seed×4座位 vs v31n] 名次差 -0.429±0.074 (t=-5.8)  得分差 -1.116±0.237  用时40s
iter   61 样本 11700 步 48/4ep pi -0.0186 v 0.3753 ent 0.31 kl +0.0116 clip 0.08 klref 0.213 vR² +0.126 dcorr +0.000 名次奖励均+0.00 采集3.2s
iter   62 样本 11476 步 48/4ep pi -0.0186 v 0.3770 ent 0.30 kl +0.0122 clip 0.08 klref 0.207 vR² +0.146 dcorr -0.000 名次奖励均+0.00 采集2.8s
iter   63 样本 11701 步 48/4ep pi -0.0187 v 0.3715 ent 0.31 kl +0.0087 clip 0.08 klref 0.224 vR² +0.120 dcorr +0.000 名次奖励均+0.00 采集2.9s
iter   64 样本 11762 步 48/4ep pi -0.0162 v 0.3642 ent 0.30 kl +0.0125 clip 0.08 klref 0.213 vR² +0.142 dcorr -0.000 名次奖励均+0.00 采集2.9s
iter   65 样本 11357 步 48/4ep pi -0.0248 v 0.3837 ent 0.30 kl +0.0074 clip 0.07 klref 0.200 vR² +0.136 dcorr +0.000 名次奖励均+0.00 采集2.9s
iter   66 样本 11457 步 48/4ep pi -0.0192 v 0.3710 ent 0.31 kl +0.0097 clip 0.08 klref 0.214 vR² +0.131 dcorr +0.000 名次奖励均+0.00 采集2.9s
iter   67 样本 11334 步 48/4ep pi -0.0137 v 0.3849 ent 0.31 kl +0.0106 clip 0.08 klref 0.211 vR² +0.128 dcorr -0.000 名次奖励均+0.00 采集2.7s
iter   68 样本 11523 步 48/4ep pi -0.0195 v 0.3716 ent 0.30 kl +0.0114 clip 0.08 klref 0.205 vR² +0.150 dcorr +0.000 名次奖励均+0.00 采集2.9s
iter   69 样本 11600 步 48/4ep pi -0.0173 v 0.3828 ent 0.30 kl +0.0082 clip 0.08 klref 0.204 vR² +0.139 dcorr -0.000 名次奖励均+0.00 采集2.9s
iter   70 样本 11633 步 48/4ep pi -0.0170 v 0.3890 ent 0.30 kl +0.0103 clip 0.08 klref 0.215 vR² +0.117 dcorr +0.000 名次奖励均+0.00 采集2.9s
iter   71 样本 11625 步 48/4ep pi -0.0166 v 0.3599 ent 0.30 kl +0.0129 clip 0.08 klref 0.212 vR² +0.168 dcorr -0.000 名次奖励均+0.00 采集2.8s
iter   72 样本 11225 步 44/4ep pi -0.0182 v 0.3852 ent 0.30 kl +0.0108 clip 0.08 klref 0.198 vR² +0.131 dcorr +0.000 名次奖励均+0.00 采集2.8s
iter   73 样本 11653 步 48/4ep pi -0.0162 v 0.3870 ent 0.30 kl +0.0113 clip 0.08 klref 0.211 vR² +0.122 dcorr +0.000 名次奖励均+0.00 采集2.9s
iter   74 样本 11854 步 48/4ep pi -0.0166 v 0.3861 ent 0.30 kl +0.0104 clip 0.07 klref 0.198 vR² +0.122 dcorr +0.000 名次奖励均+0.00 采集2.9s
iter   75 样本 11545 步 48/4ep pi -0.0160 v 0.3660 ent 0.30 kl +0.0111 clip 0.08 klref 0.213 vR² +0.139 dcorr +0.000 名次奖励均+0.00 采集2.9s
iter   76 样本 11508 步 48/4ep pi -0.0190 v 0.3554 ent 0.30 kl +0.0119 clip 0.08 klref 0.215 vR² +0.161 dcorr +0.000 名次奖励均+0.00 采集2.8s
iter   77 样本 11575 步 48/4ep pi -0.0198 v 0.3801 ent 0.31 kl +0.0110 clip 0.08 klref 0.219 vR² +0.152 dcorr +0.000 名次奖励均+0.00 采集2.9s
iter   78 样本 11267 步 48/4ep pi -0.0288 v 0.3623 ent 0.30 kl +0.0058 clip 0.08 klref 0.230 vR² +0.162 dcorr +0.000 名次奖励均+0.00 采集2.8s
iter   79 样本 11576 步 48/4ep pi -0.0171 v 0.3632 ent 0.30 kl +0.0097 clip 0.08 klref 0.222 vR² +0.165 dcorr -0.000 名次奖励均+0.00 采集2.9s
iter   80 样本 11629 步 48/4ep pi -0.0186 v 0.3650 ent 0.30 kl +0.0118 clip 0.08 klref 0.225 vR² +0.152 dcorr +0.000 名次奖励均+0.00 采集2.8s
   [评估 200seed×4座位 vs v31n] 名次差 -0.374±0.072 (t=-5.2)  得分差 -1.101±0.236  用时41s
iter   81 样本 11527 步 48/4ep pi -0.0189 v 0.3636 ent 0.30 kl +0.0112 clip 0.08 klref 0.216 vR² +0.146 dcorr +0.000 名次奖励均+0.00 采集3.2s
iter   82 样本 11380 步 48/4ep pi -0.0183 v 0.3746 ent 0.30 kl +0.0103 clip 0.08 klref 0.221 vR² +0.157 dcorr -0.000 名次奖励均+0.00 采集2.9s
iter   83 样本 11731 步 48/4ep pi -0.0181 v 0.3575 ent 0.30 kl +0.0110 clip 0.08 klref 0.228 vR² +0.156 dcorr -0.000 名次奖励均+0.00 采集2.9s
iter   84 样本 11582 步 48/4ep pi -0.0180 v 0.3628 ent 0.30 kl +0.0087 clip 0.08 klref 0.222 vR² +0.150 dcorr -0.000 名次奖励均+0.00 采集2.9s
iter   85 样本 11643 步 48/4ep pi -0.0191 v 0.3614 ent 0.30 kl +0.0105 clip 0.08 klref 0.213 vR² +0.158 dcorr -0.000 名次奖励均+0.00 采集2.8s
iter   86 样本 11408 步 48/4ep pi -0.0126 v 0.3798 ent 0.29 kl +0.0079 clip 0.07 klref 0.218 vR² +0.151 dcorr -0.000 名次奖励均+0.00 采集2.9s
iter   87 样本 11675 步 48/4ep pi -0.0166 v 0.3636 ent 0.30 kl +0.0097 clip 0.07 klref 0.218 vR² +0.142 dcorr +0.000 名次奖励均+0.00 采集2.9s
iter   88 样本 11451 步 48/4ep pi -0.0190 v 0.3741 ent 0.30 kl +0.0091 clip 0.07 klref 0.214 vR² +0.153 dcorr +0.000 名次奖励均+0.00 采集2.9s
iter   89 样本 11360 步 48/4ep pi -0.0205 v 0.3604 ent 0.30 kl +0.0108 clip 0.08 klref 0.228 vR² +0.171 dcorr +0.000 名次奖励均+0.00 采集2.8s
iter   90 样本 11523 步 48/4ep pi -0.0189 v 0.3657 ent 0.30 kl +0.0115 clip 0.08 klref 0.236 vR² +0.143 dcorr -0.000 名次奖励均+0.00 采集2.9s
iter   91 样本 11468 步 48/4ep pi -0.0136 v 0.3715 ent 0.30 kl +0.0113 clip 0.08 klref 0.233 vR² +0.168 dcorr -0.000 名次奖励均+0.00 采集2.8s
iter   92 样本 11629 步 48/4ep pi -0.0181 v 0.3623 ent 0.30 kl +0.0119 clip 0.08 klref 0.233 vR² +0.160 dcorr +0.000 名次奖励均+0.00 采集2.9s
iter   93 样本 11716 步 48/4ep pi -0.0182 v 0.3749 ent 0.30 kl +0.0094 clip 0.08 klref 0.236 vR² +0.133 dcorr +0.000 名次奖励均+0.00 采集2.9s
iter   94 样本 11737 步 48/4ep pi -0.0180 v 0.3682 ent 0.29 kl +0.0108 clip 0.08 klref 0.237 vR² +0.159 dcorr -0.000 名次奖励均+0.00 采集2.9s
iter   95 样本 11397 步 48/4ep pi -0.0178 v 0.3634 ent 0.29 kl +0.0117 clip 0.08 klref 0.243 vR² +0.158 dcorr +0.000 名次奖励均+0.00 采集2.9s
iter   96 样本 11374 步 48/4ep pi -0.0187 v 0.3733 ent 0.30 kl +0.0106 clip 0.08 klref 0.242 vR² +0.163 dcorr -0.000 名次奖励均+0.00 采集2.8s
iter   97 样本 11545 步 48/4ep pi -0.0199 v 0.3488 ent 0.30 kl +0.0115 clip 0.08 klref 0.238 vR² +0.180 dcorr +0.000 名次奖励均+0.00 采集2.9s
iter   98 样本 11654 步 48/4ep pi -0.0191 v 0.3684 ent 0.30 kl +0.0123 clip 0.08 klref 0.248 vR² +0.148 dcorr +0.000 名次奖励均+0.00 采集2.8s
iter   99 样本 11486 步 48/4ep pi -0.0200 v 0.3467 ent 0.29 kl +0.0095 clip 0.08 klref 0.257 vR² +0.179 dcorr +0.000 名次奖励均+0.00 采集2.9s
iter  100 样本 11534 步 48/4ep pi -0.0104 v 0.3579 ent 0.29 kl +0.0128 clip 0.08 klref 0.242 vR² +0.189 dcorr -0.000 名次奖励均+0.00 采集2.8s
   [评估 200seed×4座位 vs v31n] 名次差 -0.393±0.074 (t=-5.3)  得分差 -1.081±0.240  用时40s
iter  101 样本 11940 步 48/4ep pi -0.0171 v 0.3572 ent 0.30 kl +0.0096 clip 0.08 klref 0.249 vR² +0.170 dcorr +0.000 名次奖励均+0.00 采集3.2s
iter  102 样本 11484 步 48/4ep pi -0.0129 v 0.3623 ent 0.29 kl +0.0084 clip 0.07 klref 0.251 vR² +0.160 dcorr +0.000 名次奖励均+0.00 采集2.9s
iter  103 样本 11774 步 48/4ep pi -0.0175 v 0.3554 ent 0.29 kl +0.0104 clip 0.07 klref 0.250 vR² +0.163 dcorr -0.000 名次奖励均+0.00 采集3.0s
iter  104 样本 11588 步 48/4ep pi -0.0187 v 0.3649 ent 0.30 kl +0.0124 clip 0.08 klref 0.251 vR² +0.159 dcorr +0.000 名次奖励均+0.00 采集2.9s
iter  105 样本 11391 步 48/4ep pi -0.0136 v 0.3802 ent 0.29 kl +0.0105 clip 0.08 klref 0.242 vR² +0.150 dcorr -0.000 名次奖励均+0.00 采集3.0s
iter  106 样本 11343 步 48/4ep pi -0.0184 v 0.3488 ent 0.29 kl +0.0098 clip 0.07 klref 0.257 vR² +0.188 dcorr -0.000 名次奖励均+0.00 采集2.8s
iter  107 样本 11541 步 48/4ep pi -0.0186 v 0.3573 ent 0.29 kl +0.0111 clip 0.08 klref 0.237 vR² +0.164 dcorr +0.000 名次奖励均+0.00 采集2.8s
iter  108 样本 11660 步 48/4ep pi -0.0175 v 0.3473 ent 0.29 kl +0.0097 clip 0.08 klref 0.253 vR² +0.196 dcorr +0.000 名次奖励均+0.00 采集2.9s
iter  109 样本 11610 步 48/4ep pi -0.0180 v 0.3572 ent 0.30 kl +0.0109 clip 0.08 klref 0.254 vR² +0.168 dcorr +0.000 名次奖励均+0.00 采集2.9s
iter  110 样本 11415 步 48/4ep pi -0.0208 v 0.3443 ent 0.29 kl +0.0109 clip 0.08 klref 0.244 vR² +0.191 dcorr +0.000 名次奖励均+0.00 采集2.8s
iter  111 样本 11513 步 48/4ep pi -0.0193 v 0.3526 ent 0.30 kl +0.0098 clip 0.08 klref 0.258 vR² +0.186 dcorr +0.000 名次奖励均+0.00 采集2.8s
iter  112 样本 11497 步 48/4ep pi -0.0173 v 0.3729 ent 0.29 kl +0.0097 clip 0.07 klref 0.248 vR² +0.151 dcorr -0.000 名次奖励均+0.00 采集2.9s
iter  113 样本 11661 步 48/4ep pi -0.0164 v 0.3524 ent 0.30 kl +0.0110 clip 0.08 klref 0.256 vR² +0.179 dcorr -0.000 名次奖励均+0.00 采集2.9s
iter  114 样本 11467 步 48/4ep pi -0.0196 v 0.3513 ent 0.29 kl +0.0111 clip 0.08 klref 0.259 vR² +0.188 dcorr +0.000 名次奖励均+0.00 采集2.8s
iter  115 样本 11600 步 48/4ep pi -0.0196 v 0.3465 ent 0.29 kl +0.0105 clip 0.08 klref 0.254 vR² +0.204 dcorr +0.000 名次奖励均+0.00 采集2.9s
iter  116 样本 11602 步 48/4ep pi -0.0174 v 0.3590 ent 0.29 kl +0.0116 clip 0.08 klref 0.261 vR² +0.188 dcorr +0.000 名次奖励均+0.00 采集2.9s
iter  117 样本 11279 步 48/4ep pi +0.0094 v 0.3598 ent 0.29 kl +0.0122 clip 0.08 klref 0.247 vR² +0.178 dcorr +0.000 名次奖励均+0.00 采集2.8s
iter  118 样本 11728 步 48/4ep pi -0.0150 v 0.3710 ent 0.29 kl +0.0124 clip 0.08 klref 0.249 vR² +0.152 dcorr +0.000 名次奖励均+0.00 采集2.9s
iter  119 样本 11541 步 48/4ep pi -0.0162 v 0.3608 ent 0.29 kl +0.0119 clip 0.08 klref 0.269 vR² +0.177 dcorr -0.000 名次奖励均+0.00 采集2.9s
iter  120 样本 11675 步 48/4ep pi -0.0177 v 0.3564 ent 0.28 kl +0.0111 clip 0.08 klref 0.261 vR² +0.175 dcorr -0.000 名次奖励均+0.00 采集2.9s
   [评估 200seed×4座位 vs v31n] 名次差 -0.450±0.075 (t=-6.0)  得分差 -1.305±0.241  用时41s
iter  121 样本 11402 步 48/4ep pi -0.0165 v 0.3446 ent 0.29 kl +0.0108 clip 0.08 klref 0.278 vR² +0.193 dcorr +0.000 名次奖励均+0.00 采集3.2s
iter  122 样本 11619 步 48/4ep pi -0.0165 v 0.3716 ent 0.29 kl +0.0107 clip 0.08 klref 0.260 vR² +0.183 dcorr -0.000 名次奖励均+0.00 采集2.9s
iter  123 样本 11469 步 48/4ep pi -0.0135 v 0.3692 ent 0.29 kl +0.0114 clip 0.08 klref 0.275 vR² +0.147 dcorr +0.000 名次奖励均+0.00 采集2.9s
iter  124 样本 11253 步 44/4ep pi -0.0165 v 0.3542 ent 0.29 kl +0.0110 clip 0.08 klref 0.268 vR² +0.199 dcorr -0.000 名次奖励均+0.00 采集2.8s
iter  125 样本 11425 步 48/4ep pi -0.0195 v 0.3383 ent 0.29 kl +0.0106 clip 0.08 klref 0.276 vR² +0.222 dcorr +0.000 名次奖励均+0.00 采集2.9s
iter  126 样本 11573 步 48/4ep pi -0.0137 v 0.3518 ent 0.28 kl +0.0102 clip 0.08 klref 0.258 vR² +0.188 dcorr +0.000 名次奖励均+0.00 采集2.9s
iter  127 样本 11527 步 48/4ep pi -0.0205 v 0.3398 ent 0.29 kl +0.0106 clip 0.08 klref 0.273 vR² +0.197 dcorr -0.000 名次奖励均+0.00 采集2.8s
iter  128 样本 11353 步 48/4ep pi -0.0127 v 0.3472 ent 0.28 kl +0.0126 clip 0.07 klref 0.263 vR² +0.189 dcorr +0.000 名次奖励均+0.00 采集2.8s
iter  129 样本 11335 步 48/4ep pi -0.0118 v 0.3387 ent 0.29 kl +0.0117 clip 0.08 klref 0.285 vR² +0.190 dcorr -0.000 名次奖励均+0.00 采集2.8s
iter  130 样本 11175 步 44/4ep pi -0.0165 v 0.3567 ent 0.28 kl +0.0109 clip 0.07 klref 0.266 vR² +0.196 dcorr +0.000 名次奖励均+0.00 采集2.8s
iter  131 样本 11465 步 48/4ep pi -0.0158 v 0.3375 ent 0.28 kl +0.0094 clip 0.08 klref 0.267 vR² +0.201 dcorr -0.000 名次奖励均+0.00 采集2.9s
iter  132 样本 11438 步 48/4ep pi -0.0167 v 0.3870 ent 0.29 kl +0.0111 clip 0.08 klref 0.257 vR² +0.145 dcorr -0.000 名次奖励均+0.00 采集2.9s
iter  133 样本 11546 步 48/4ep pi -0.0139 v 0.3557 ent 0.28 kl +0.0105 clip 0.07 klref 0.262 vR² +0.169 dcorr -0.000 名次奖励均+0.00 采集2.9s
iter  134 样本 11589 步 48/4ep pi -0.0159 v 0.3457 ent 0.29 kl +0.0113 clip 0.07 klref 0.272 vR² +0.212 dcorr +0.000 名次奖励均+0.00 采集2.9s
iter  135 样本 11442 步 48/4ep pi -0.0147 v 0.3392 ent 0.28 kl +0.0122 clip 0.08 klref 0.269 vR² +0.222 dcorr -0.000 名次奖励均+0.00 采集2.9s
iter  136 样本 11328 步 48/4ep pi -0.0128 v 0.3570 ent 0.29 kl +0.0105 clip 0.08 klref 0.261 vR² +0.177 dcorr -0.000 名次奖励均+0.00 采集2.8s
iter  137 样本 11548 步 48/4ep pi -0.0157 v 0.3558 ent 0.29 kl +0.0114 clip 0.08 klref 0.272 vR² +0.195 dcorr +0.000 名次奖励均+0.00 采集2.8s
iter  138 样本 11328 步 48/4ep pi -0.0180 v 0.3868 ent 0.29 kl +0.0126 clip 0.08 klref 0.287 vR² +0.122 dcorr +0.000 名次奖励均+0.00 采集2.8s
iter  139 样本 11561 步 48/4ep pi -0.0175 v 0.3492 ent 0.29 kl +0.0115 clip 0.08 klref 0.269 vR² +0.181 dcorr +0.000 名次奖励均+0.00 采集2.9s
iter  140 样本 11774 步 48/4ep pi -0.0174 v 0.3359 ent 0.29 kl +0.0109 clip 0.08 klref 0.279 vR² +0.203 dcorr -0.000 名次奖励均+0.00 采集3.2s
   [评估 200seed×4座位 vs v31n] 名次差 -0.401±0.074 (t=-5.4)  得分差 -1.255±0.241  用时40s
iter  141 样本 11488 步 48/4ep pi -0.0130 v 0.3456 ent 0.28 kl +0.0105 clip 0.07 klref 0.274 vR² +0.201 dcorr +0.000 名次奖励均+0.00 采集2.9s
iter  142 样本 11658 步 48/4ep pi -0.0175 v 0.3368 ent 0.29 kl +0.0120 clip 0.08 klref 0.272 vR² +0.191 dcorr +0.000 名次奖励均+0.00 采集3.0s
iter  143 样本 11442 步 48/4ep pi -0.0158 v 0.3691 ent 0.29 kl +0.0106 clip 0.08 klref 0.273 vR² +0.167 dcorr -0.000 名次奖励均+0.00 采集2.8s
iter  144 样本 11700 步 48/4ep pi -0.0152 v 0.3673 ent 0.28 kl +0.0123 clip 0.08 klref 0.286 vR² +0.180 dcorr -0.000 名次奖励均+0.00 采集2.9s
iter  145 样本 11699 步 48/4ep pi -0.0156 v 0.3780 ent 0.29 kl +0.0126 clip 0.08 klref 0.270 vR² +0.161 dcorr +0.000 名次奖励均+0.00 采集2.9s
iter  146 样本 11304 步 48/4ep pi -0.0201 v 0.3557 ent 0.28 kl +0.0108 clip 0.07 klref 0.273 vR² +0.181 dcorr +0.000 名次奖励均+0.00 采集2.8s
iter  147 样本 11714 步 48/4ep pi -0.0177 v 0.3443 ent 0.29 kl +0.0117 clip 0.08 klref 0.280 vR² +0.191 dcorr +0.000 名次奖励均+0.00 采集2.9s
iter  148 样本 11603 步 48/4ep pi -0.0191 v 0.3526 ent 0.28 kl +0.0107 clip 0.08 klref 0.268 vR² +0.198 dcorr +0.000 名次奖励均+0.00 采集2.9s
iter  149 样本 11777 步 48/4ep pi -0.0168 v 0.3411 ent 0.29 kl +0.0120 clip 0.08 klref 0.280 vR² +0.223 dcorr +0.000 名次奖励均+0.00 采集2.9s
iter  150 样本 11398 步 48/4ep pi -0.0138 v 0.3578 ent 0.28 kl +0.0101 clip 0.08 klref 0.274 vR² +0.175 dcorr +0.000 名次奖励均+0.00 采集2.8s
iter  151 样本 11234 步 44/4ep pi -0.0176 v 0.3484 ent 0.29 kl +0.0091 clip 0.07 klref 0.282 vR² +0.177 dcorr +0.000 名次奖励均+0.00 采集2.9s
iter  152 样本 11194 步 44/4ep pi -0.0166 v 0.3553 ent 0.29 kl +0.0077 clip 0.07 klref 0.275 vR² +0.175 dcorr -0.000 名次奖励均+0.00 采集2.8s
iter  153 样本 11744 步 48/4ep pi -0.0156 v 0.3413 ent 0.28 kl +0.0103 clip 0.07 klref 0.282 vR² +0.198 dcorr -0.000 名次奖励均+0.00 采集2.9s
iter  154 样本 11461 步 48/4ep pi -0.0170 v 0.3428 ent 0.28 kl +0.0105 clip 0.07 klref 0.279 vR² +0.208 dcorr -0.000 名次奖励均+0.00 采集2.9s
iter  155 样本 11751 步 48/4ep pi -0.0155 v 0.3491 ent 0.29 kl +0.0100 clip 0.07 klref 0.292 vR² +0.208 dcorr +0.000 名次奖励均+0.00 采集2.9s
iter  156 样本 11491 步 48/4ep pi -0.0162 v 0.3613 ent 0.28 kl +0.0109 clip 0.08 klref 0.269 vR² +0.169 dcorr +0.000 名次奖励均+0.00 采集2.8s
iter  157 样本 11435 步 48/4ep pi -0.0164 v 0.3449 ent 0.28 kl +0.0121 clip 0.08 klref 0.280 vR² +0.199 dcorr -0.000 名次奖励均+0.00 采集2.8s
iter  158 样本 11597 步 48/4ep pi -0.0163 v 0.3302 ent 0.29 kl +0.0114 clip 0.08 klref 0.277 vR² +0.230 dcorr -0.000 名次奖励均+0.00 采集2.9s
iter  159 样本 11703 步 48/4ep pi -0.0170 v 0.3502 ent 0.28 kl +0.0088 clip 0.07 klref 0.288 vR² +0.188 dcorr +0.000 名次奖励均+0.00 采集2.8s
iter  160 样本 11504 步 48/4ep pi -0.0165 v 0.3471 ent 0.29 kl +0.0094 clip 0.08 klref 0.289 vR² +0.210 dcorr -0.000 名次奖励均+0.00 采集2.9s
   [评估 200seed×4座位 vs v31n] 名次差 -0.400±0.074 (t=-5.4)  得分差 -1.211±0.240  用时40s
iter  161 样本 11433 步 48/4ep pi -0.0193 v 0.3569 ent 0.29 kl +0.0122 clip 0.08 klref 0.303 vR² +0.201 dcorr +0.000 名次奖励均+0.00 采集3.1s
iter  162 样本 11584 步 48/4ep pi -0.0204 v 0.3499 ent 0.28 kl +0.0103 clip 0.08 klref 0.278 vR² +0.191 dcorr -0.000 名次奖励均+0.00 采集2.9s
iter  163 样本 11446 步 48/4ep pi -0.0178 v 0.3654 ent 0.28 kl +0.0111 clip 0.07 klref 0.265 vR² +0.177 dcorr +0.000 名次奖励均+0.00 采集2.8s
iter  164 样本 11469 步 48/4ep pi -0.0194 v 0.3602 ent 0.29 kl +0.0102 clip 0.08 klref 0.272 vR² +0.185 dcorr -0.000 名次奖励均+0.00 采集2.9s
iter  165 样本 11646 步 48/4ep pi -0.0193 v 0.3536 ent 0.29 kl +0.0123 clip 0.08 klref 0.281 vR² +0.201 dcorr +0.000 名次奖励均+0.00 采集2.9s
iter  166 样本 11370 步 48/4ep pi -0.0202 v 0.3392 ent 0.28 kl +0.0106 clip 0.07 klref 0.272 vR² +0.208 dcorr -0.000 名次奖励均+0.00 采集2.8s
iter  167 样本 11450 步 48/4ep pi -0.0223 v 0.3486 ent 0.28 kl +0.0091 clip 0.08 klref 0.275 vR² +0.202 dcorr +0.000 名次奖励均+0.00 采集2.9s
iter  168 样本 11354 步 48/4ep pi -0.0170 v 0.3525 ent 0.29 kl +0.0109 clip 0.08 klref 0.291 vR² +0.192 dcorr +0.000 名次奖励均+0.00 采集2.8s
iter  169 样本 11761 步 48/4ep pi -0.0168 v 0.3452 ent 0.28 kl +0.0098 clip 0.07 klref 0.294 vR² +0.208 dcorr +0.000 名次奖励均+0.00 采集2.9s
iter  170 样本 11524 步 48/4ep pi -0.0165 v 0.3521 ent 0.28 kl +0.0116 clip 0.08 klref 0.296 vR² +0.208 dcorr +0.000 名次奖励均+0.00 采集2.9s
iter  171 样本 11521 步 48/4ep pi -0.0159 v 0.3585 ent 0.28 kl +0.0096 clip 0.07 klref 0.287 vR² +0.196 dcorr +0.000 名次奖励均+0.00 采集2.9s
iter  172 样本 11351 步 48/4ep pi -0.0148 v 0.3396 ent 0.28 kl +0.0109 clip 0.07 klref 0.275 vR² +0.217 dcorr -0.000 名次奖励均+0.00 采集2.8s
iter  173 样本 11554 步 48/4ep pi -0.0168 v 0.3416 ent 0.28 kl +0.0124 clip 0.08 klref 0.284 vR² +0.232 dcorr +0.000 名次奖励均+0.00 采集2.9s
iter  174 样本 11742 步 48/4ep pi -0.0170 v 0.3572 ent 0.28 kl +0.0080 clip 0.08 klref 0.279 vR² +0.180 dcorr -0.000 名次奖励均+0.00 采集2.9s
iter  175 样本 11453 步 48/4ep pi -0.0158 v 0.3542 ent 0.29 kl +0.0102 clip 0.08 klref 0.283 vR² +0.189 dcorr +0.000 名次奖励均+0.00 采集2.8s
iter  176 样本 11605 步 48/4ep pi -0.0182 v 0.3459 ent 0.28 kl +0.0115 clip 0.07 klref 0.283 vR² +0.208 dcorr -0.000 名次奖励均+0.00 采集2.9s
iter  177 样本 11556 步 48/4ep pi -0.0200 v 0.3301 ent 0.29 kl +0.0123 clip 0.08 klref 0.290 vR² +0.219 dcorr +0.000 名次奖励均+0.00 采集2.8s
iter  178 样本 11599 步 48/4ep pi -0.0187 v 0.3502 ent 0.29 kl +0.0098 clip 0.08 klref 0.301 vR² +0.198 dcorr +0.000 名次奖励均+0.00 采集2.9s
iter  179 样本 11416 步 48/4ep pi -0.0157 v 0.3471 ent 0.28 kl +0.0130 clip 0.08 klref 0.286 vR² +0.217 dcorr +0.000 名次奖励均+0.00 采集2.8s
iter  180 样本 11381 步 48/4ep pi -0.0199 v 0.3640 ent 0.28 kl +0.0098 clip 0.08 klref 0.290 vR² +0.188 dcorr +0.000 名次奖励均+0.00 采集2.8s
   [评估 200seed×4座位 vs v31n] 名次差 -0.431±0.075 (t=-5.7)  得分差 -1.266±0.240  用时40s
iter  181 样本 11238 步 44/4ep pi -0.0156 v 0.3473 ent 0.28 kl +0.0110 clip 0.07 klref 0.287 vR² +0.209 dcorr -0.000 名次奖励均+0.00 采集3.1s
iter  182 样本 11474 步 48/4ep pi -0.0181 v 0.3521 ent 0.28 kl +0.0117 clip 0.08 klref 0.281 vR² +0.193 dcorr -0.000 名次奖励均+0.00 采集2.8s
iter  183 样本 11465 步 48/4ep pi -0.0180 v 0.3588 ent 0.28 kl +0.0122 clip 0.08 klref 0.287 vR² +0.187 dcorr +0.000 名次奖励均+0.00 采集2.8s
iter  184 样本 11596 步 48/4ep pi -0.0181 v 0.3283 ent 0.28 kl +0.0119 clip 0.08 klref 0.294 vR² +0.240 dcorr +0.000 名次奖励均+0.00 采集2.9s
iter  185 样本 11371 步 48/4ep pi -0.0214 v 0.3345 ent 0.29 kl +0.0109 clip 0.08 klref 0.289 vR² +0.216 dcorr +0.000 名次奖励均+0.00 采集2.8s
iter  186 样本 11557 步 48/4ep pi -0.0158 v 0.3430 ent 0.28 kl +0.0112 clip 0.08 klref 0.289 vR² +0.215 dcorr -0.000 名次奖励均+0.00 采集2.8s
iter  187 样本 11537 步 48/4ep pi -0.0201 v 0.3597 ent 0.28 kl +0.0091 clip 0.08 klref 0.272 vR² +0.183 dcorr -0.000 名次奖励均+0.00 采集2.9s
iter  188 样本 11520 步 48/4ep pi -0.0164 v 0.3707 ent 0.28 kl +0.0102 clip 0.08 klref 0.292 vR² +0.155 dcorr +0.000 名次奖励均+0.00 采集2.9s
iter  189 样本 11369 步 48/4ep pi -0.0149 v 0.3436 ent 0.29 kl +0.0129 clip 0.08 klref 0.276 vR² +0.206 dcorr +0.000 名次奖励均+0.00 采集2.8s
iter  190 样本 11668 步 48/4ep pi -0.0215 v 0.3636 ent 0.28 kl +0.0126 clip 0.08 klref 0.291 vR² +0.181 dcorr +0.000 名次奖励均+0.00 采集2.9s
iter  191 样本 11341 步 48/4ep pi -0.0223 v 0.3551 ent 0.29 kl +0.0115 clip 0.08 klref 0.283 vR² +0.199 dcorr +0.000 名次奖励均+0.00 采集2.8s
iter  192 样本 11492 步 48/4ep pi -0.0168 v 0.3509 ent 0.28 kl +0.0122 clip 0.08 klref 0.290 vR² +0.198 dcorr -0.000 名次奖励均+0.00 采集2.9s
iter  193 样本 11525 步 48/4ep pi -0.0172 v 0.3405 ent 0.27 kl +0.0096 clip 0.07 klref 0.278 vR² +0.213 dcorr -0.000 名次奖励均+0.00 采集2.9s
iter  194 样本 11462 步 48/4ep pi -0.0183 v 0.3374 ent 0.29 kl +0.0125 clip 0.08 klref 0.286 vR² +0.203 dcorr -0.000 名次奖励均+0.00 采集2.9s
iter  195 样本 11639 步 48/4ep pi -0.0174 v 0.3415 ent 0.27 kl +0.0099 clip 0.08 klref 0.288 vR² +0.223 dcorr +0.000 名次奖励均+0.00 采集2.9s
iter  196 样本 11497 步 48/4ep pi -0.0160 v 0.3534 ent 0.28 kl +0.0112 clip 0.08 klref 0.281 vR² +0.192 dcorr +0.000 名次奖励均+0.00 采集2.9s
iter  197 样本 11344 步 48/4ep pi -0.0162 v 0.3449 ent 0.28 kl +0.0111 clip 0.08 klref 0.279 vR² +0.181 dcorr +0.000 名次奖励均+0.00 采集2.9s
iter  198 样本 11513 步 48/4ep pi -0.0175 v 0.3339 ent 0.28 kl +0.0130 clip 0.08 klref 0.286 vR² +0.236 dcorr +0.000 名次奖励均+0.00 采集2.8s
iter  199 样本 11409 步 48/4ep pi -0.0225 v 0.3451 ent 0.28 kl +0.0095 clip 0.08 klref 0.283 vR² +0.210 dcorr +0.000 名次奖励均+0.00 采集2.9s
iter  200 样本 11583 步 48/4ep pi -0.0175 v 0.3428 ent 0.28 kl +0.0103 clip 0.08 klref 0.295 vR² +0.193 dcorr +0.000 名次奖励均+0.00 采集2.9s
   [评估 200seed×4座位 vs v31n] 名次差 -0.439±0.079 (t=-5.6)  得分差 -1.376±0.252  用时41s
完成。最佳 名次差 -0.374 分/局 vs v31n, 模型 models/g_ep_best.pt
