[it 0] init baseline: 胜率 23.8%, 场均 -0.02
  [timing] inject=2.6s rollout=227.0s
[it 1] snaps=32 rollouts=128 spread=+3.782 pg=-0.2054 kl=0.00116 230s
  [timing] inject=2.0s rollout=195.1s
[it 2] snaps=32 rollouts=128 spread=+5.001 pg=-0.2466 kl=0.00637 197s
  [timing] inject=2.0s rollout=195.1s
[it 3] snaps=32 rollouts=128 spread=+4.492 pg=-0.1344 kl=0.00998 197s
  [timing] inject=1.8s rollout=212.8s
[it 4] snaps=30 rollouts=120 spread=+3.772 pg=-0.2092 kl=0.01459 215s
  [timing] inject=2.8s rollout=200.4s
[it 5] snaps=32 rollouts=128 spread=+3.394 pg=-0.3327 kl=0.01768 203s
  [timing] inject=2.0s rollout=202.9s
[it 6] snaps=32 rollouts=128 spread=+5.434 pg=-0.0688 kl=0.01869 205s
  [timing] inject=2.2s rollout=177.2s
[it 7] snaps=28 rollouts=112 spread=+3.728 pg=0.0497 kl=0.02266 179s
  [timing] inject=1.9s rollout=205.9s
[it 8] snaps=32 rollouts=128 spread=+4.277 pg=-0.1026 kl=0.02281 208s
  [timing] inject=1.9s rollout=195.4s
[it 9] snaps=32 rollouts=128 spread=+4.282 pg=0.1685 kl=0.02657 197s
  [timing] inject=2.8s rollout=197.5s
[it 10] snaps=32 rollouts=128 spread=+3.888 pg=0.0819 kl=0.02303 200s
[it 10] eval: 胜率 23.5%, 场均 -0.04
  [timing] inject=1.9s rollout=194.0s
[it 11] snaps=32 rollouts=128 spread=+3.205 pg=-0.1257 kl=0.03599 196s
  [timing] inject=1.6s rollout=174.3s
[it 12] snaps=28 rollouts=112 spread=+4.719 pg=-0.1124 kl=0.02536 176s
  [timing] inject=2.2s rollout=197.2s
[it 13] snaps=32 rollouts=128 spread=+3.323 pg=-0.0076 kl=0.03715 199s
  [timing] inject=2.5s rollout=178.4s
[it 14] snaps=30 rollouts=120 spread=+4.905 pg=-0.0909 kl=0.02634 181s
  [timing] inject=2.0s rollout=196.1s
[it 15] snaps=32 rollouts=128 spread=+3.078 pg=-0.1015 kl=0.02881 198s
  [timing] inject=1.7s rollout=210.9s
[it 16] snaps=29 rollouts=116 spread=+4.730 pg=0.0341 kl=0.03444 213s
  [timing] inject=2.9s rollout=187.2s
[it 17] snaps=30 rollouts=120 spread=+2.873 pg=0.0231 kl=0.02673 190s
  [timing] inject=2.2s rollout=183.4s
[it 18] snaps=30 rollouts=120 spread=+4.275 pg=-0.0941 kl=0.02910 186s
  [timing] inject=2.6s rollout=221.3s
[it 19] snaps=31 rollouts=124 spread=+4.145 pg=-0.0491 kl=0.02504 224s
  [timing] inject=2.1s rollout=186.5s
[it 20] snaps=30 rollouts=120 spread=+4.524 pg=0.0079 kl=0.03496 189s
[it 20] eval: 胜率 23.2%, 场均 -0.08
  [timing] inject=1.8s rollout=179.9s
[it 21] snaps=29 rollouts=116 spread=+5.157 pg=-0.1663 kl=0.03250 182s
  [timing] inject=2.3s rollout=202.8s
[it 22] snaps=32 rollouts=128 spread=+4.513 pg=0.0330 kl=0.05210 205s
  [timing] inject=1.9s rollout=192.1s
[it 23] snaps=31 rollouts=124 spread=+4.000 pg=0.0295 kl=0.04586 194s
  [timing] inject=1.8s rollout=187.9s
[it 24] snaps=31 rollouts=124 spread=+3.530 pg=-0.0690 kl=0.04621 190s
  [timing] inject=1.5s rollout=154.9s
[it 25] snaps=25 rollouts=100 spread=+4.034 pg=-0.0278 kl=0.05112 157s
  [timing] inject=2.3s rollout=185.4s
[it 26] snaps=31 rollouts=124 spread=+2.598 pg=-0.1997 kl=0.05430 188s
  [timing] inject=2.0s rollout=194.3s
[it 27] snaps=32 rollouts=128 spread=+2.882 pg=0.0878 kl=0.04850 196s
  [timing] inject=2.0s rollout=192.5s
[it 28] snaps=32 rollouts=128 spread=+3.164 pg=-0.1526 kl=0.02927 194s
  [timing] inject=1.7s rollout=178.1s
[it 29] snaps=29 rollouts=116 spread=+3.248 pg=-0.0633 kl=0.04614 180s
  [timing] inject=1.9s rollout=193.6s
[it 30] snaps=31 rollouts=124 spread=+2.777 pg=0.1021 kl=0.04681 196s
[it 30] eval: 胜率 24.5%, 场均 +0.07 ★
