初始化: models/dqn_shaped_100k_best.pt
[it 0] init baseline: 胜率 23.8%, 场均 -0.02
/home/zuofengrui.zfr/mahjong159/.venv-jax/lib/python3.10/site-packages/jax/_src/ops/scatter.py:108: FutureWarning: scatter inputs have incompatible types: cannot safely cast value from dtype=int32 to dtype=bool with jax_numpy_dtype_promotion='standard'. In future JAX releases this will result in an error.
  warnings.warn(
/home/zuofengrui.zfr/mahjong159/.venv-jax/lib/python3.10/site-packages/jax/_src/ops/scatter.py:108: FutureWarning: scatter inputs have incompatible types: cannot safely cast value from dtype=int32 to dtype=bool with jax_numpy_dtype_promotion='standard'. In future JAX releases this will result in an error.
  warnings.warn(
/home/zuofengrui.zfr/mahjong159/.venv-jax/lib/python3.10/site-packages/jax/_src/ops/scatter.py:108: FutureWarning: scatter inputs have incompatible types: cannot safely cast value from dtype=int32 to dtype=bool with jax_numpy_dtype_promotion='standard'. In future JAX releases this will result in an error.
  warnings.warn(
/home/zuofengrui.zfr/mahjong159/.venv-jax/lib/python3.10/site-packages/jax/_src/ops/scatter.py:108: FutureWarning: scatter inputs have incompatible types: cannot safely cast value from dtype=int32 to dtype=bool with jax_numpy_dtype_promotion='standard'. In future JAX releases this will result in an error.
  warnings.warn(
/home/zuofengrui.zfr/mahjong159/.venv-jax/lib/python3.10/site-packages/jax/_src/ops/scatter.py:108: FutureWarning: scatter inputs have incompatible types: cannot safely cast value from dtype=int32 to dtype=bool with jax_numpy_dtype_promotion='standard'. In future JAX releases this will result in an error.
  warnings.warn(
/home/zuofengrui.zfr/mahjong159/.venv-jax/lib/python3.10/site-packages/jax/_src/ops/scatter.py:108: FutureWarning: scatter inputs have incompatible types: cannot safely cast value from dtype=int32 to dtype=bool with jax_numpy_dtype_promotion='standard'. In future JAX releases this will result in an error.
  warnings.warn(
[it 1] snaps=32 rollouts=128 spread=+1.190 pg=-0.0538 kl=0.00000 1234s
/opt/conda/envs/python3.10/lib/python3.10/multiprocessing/popen_fork.py:66: RuntimeWarning: os.fork() was called. os.fork() is incompatible with multithreaded code, and JAX is multithreaded, so this will likely lead to a deadlock.
  self.pid = os.fork()
[it 2] snaps=32 rollouts=128 spread=+1.278 pg=-0.2228 kl=0.00899 195s
[it 3] snaps=32 rollouts=128 spread=+1.276 pg=-0.1255 kl=0.02679 164s
[it 4] snaps=30 rollouts=120 spread=+1.358 pg=-0.2240 kl=0.04025 29s
[it 5] snaps=32 rollouts=128 spread=+1.264 pg=-0.2455 kl=0.06403 33s
[it 6] snaps=32 rollouts=128 spread=+1.049 pg=-0.4000 kl=0.07216 30s
[it 7] snaps=28 rollouts=112 spread=+1.264 pg=-0.3181 kl=0.07314 30s
[it 8] snaps=32 rollouts=128 spread=+1.118 pg=-0.2457 kl=0.08989 34s
[it 9] snaps=32 rollouts=128 spread=+1.223 pg=-0.3263 kl=0.08412 34s
[it 10] snaps=32 rollouts=128 spread=+1.132 pg=-0.2331 kl=0.09090 33s
[it 10] eval: 胜率 21.8%, 场均 -0.23
[it 11] snaps=32 rollouts=128 spread=+1.164 pg=-0.2088 kl=0.10457 35s
[it 12] snaps=28 rollouts=112 spread=+0.818 pg=-0.3182 kl=0.08716 29s
[it 13] snaps=32 rollouts=128 spread=+1.060 pg=-0.1758 kl=0.14177 33s
[it 14] snaps=30 rollouts=120 spread=+1.195 pg=-0.3070 kl=0.06326 29s
[it 15] snaps=32 rollouts=128 spread=+1.253 pg=-0.4237 kl=0.13225 34s
[it 16] snaps=29 rollouts=116 spread=+0.978 pg=-0.1118 kl=0.13661 29s
[it 17] snaps=30 rollouts=120 spread=+1.214 pg=0.0648 kl=0.10014 30s
[it 18] snaps=30 rollouts=120 spread=+1.160 pg=-0.2138 kl=0.09378 29s
[it 19] snaps=31 rollouts=124 spread=+1.330 pg=-0.4318 kl=0.06590 34s
[it 20] snaps=30 rollouts=120 spread=+1.387 pg=-0.4114 kl=0.07921 29s
[it 20] eval: 胜率 25.2%, 场均 +0.15 ★
[it 21] snaps=29 rollouts=116 spread=+1.333 pg=-0.5812 kl=0.07349 29s
[it 22] snaps=32 rollouts=128 spread=+0.875 pg=-0.0926 kl=0.09946 35s
[it 23] snaps=31 rollouts=124 spread=+1.527 pg=-0.3639 kl=0.07397 34s
[it 24] snaps=31 rollouts=124 spread=+1.236 pg=-0.3822 kl=0.07284 31s
[it 25] snaps=25 rollouts=100 spread=+1.545 pg=-0.7529 kl=0.08529 28s
[it 26] snaps=31 rollouts=124 spread=+1.129 pg=-0.2176 kl=0.10144 34s
[it 27] snaps=32 rollouts=128 spread=+1.083 pg=-0.2269 kl=0.11710 33s
[it 28] snaps=32 rollouts=128 spread=+1.355 pg=-0.0477 kl=0.07133 35s
[it 29] snaps=29 rollouts=116 spread=+1.300 pg=-0.3123 kl=0.07571 30s
