[it 0] init baseline: 胜率 23.8%, 场均 -0.02
  [timing] inject=2.7s rollout=227.0s
[it 1] snaps=32 rollouts=128 spread=+3.782 pg=-0.2054 kl=0.00116 230s
  [timing] inject=2.1s rollout=195.3s
[it 2] snaps=32 rollouts=128 spread=+5.001 pg=-0.2467 kl=0.00611 197s
  [timing] inject=1.9s rollout=194.7s
[it 3] snaps=32 rollouts=128 spread=+4.492 pg=-0.1489 kl=0.00914 197s
  [timing] inject=1.8s rollout=212.4s
[it 4] snaps=30 rollouts=120 spread=+3.772 pg=-0.2091 kl=0.01257 214s
  [timing] inject=2.4s rollout=196.3s
[it 5] snaps=32 rollouts=128 spread=+3.613 pg=-0.3626 kl=0.01379 199s
  [timing] inject=2.0s rollout=201.5s
[it 6] snaps=32 rollouts=128 spread=+5.348 pg=-0.0517 kl=0.01342 204s
  [timing] inject=2.0s rollout=175.2s
[it 7] snaps=28 rollouts=112 spread=+3.881 pg=0.0686 kl=0.01475 177s
  [timing] inject=2.0s rollout=199.0s
[it 8] snaps=32 rollouts=128 spread=+3.866 pg=-0.0539 kl=0.01211 201s
  [timing] inject=1.9s rollout=199.6s
[it 9] snaps=32 rollouts=128 spread=+4.677 pg=0.1105 kl=0.01457 202s
  [timing] inject=3.3s rollout=197.4s
[it 10] snaps=32 rollouts=128 spread=+4.213 pg=0.0445 kl=0.01013 201s
[it 10] eval: 胜率 24.2%, 场均 +0.03 ★
  [timing] inject=1.9s rollout=193.0s
[it 11] snaps=32 rollouts=128 spread=+3.079 pg=-0.0817 kl=0.01226 195s
  [timing] inject=1.6s rollout=170.6s
[it 12] snaps=28 rollouts=112 spread=+5.138 pg=-0.1460 kl=0.00985 172s
  [timing] inject=2.2s rollout=202.2s
[it 13] snaps=32 rollouts=128 spread=+3.381 pg=-0.2556 kl=0.01634 204s
  [timing] inject=2.5s rollout=181.9s
[it 14] snaps=30 rollouts=120 spread=+4.212 pg=-0.1195 kl=0.01536 184s
  [timing] inject=2.0s rollout=194.6s
[it 15] snaps=32 rollouts=128 spread=+3.181 pg=-0.2610 kl=0.02618 197s
  [timing] inject=1.7s rollout=213.1s
[it 16] snaps=29 rollouts=116 spread=+4.930 pg=-0.0948 kl=0.03102 215s
  [timing] inject=1.9s rollout=183.6s
[it 17] snaps=30 rollouts=120 spread=+3.894 pg=-0.0496 kl=0.01790 186s
  [timing] inject=2.5s rollout=190.2s
[it 18] snaps=30 rollouts=120 spread=+5.579 pg=-0.0755 kl=0.01534 193s
  [timing] inject=2.4s rollout=220.6s
[it 19] snaps=31 rollouts=124 spread=+3.498 pg=-0.2343 kl=0.01265 223s
  [timing] inject=2.1s rollout=193.0s
[it 20] snaps=30 rollouts=120 spread=+3.943 pg=-0.0020 kl=0.01134 195s
[it 20] eval: 胜率 25.8%, 场均 +0.17 ★
  [timing] inject=1.7s rollout=178.9s
[it 21] snaps=29 rollouts=116 spread=+4.702 pg=-0.3966 kl=0.01442 181s
  [timing] inject=2.2s rollout=201.5s
[it 22] snaps=32 rollouts=128 spread=+4.204 pg=0.0905 kl=0.01730 204s
  [timing] inject=2.0s rollout=188.2s
[it 23] snaps=31 rollouts=124 spread=+3.806 pg=0.1134 kl=0.02246 190s
  [timing] inject=1.8s rollout=188.3s
[it 24] snaps=31 rollouts=124 spread=+3.560 pg=-0.1004 kl=0.01679 190s
  [timing] inject=1.7s rollout=159.1s
[it 25] snaps=25 rollouts=100 spread=+4.465 pg=-0.1141 kl=0.02769 161s
  [timing] inject=2.1s rollout=185.0s
[it 26] snaps=31 rollouts=124 spread=+3.985 pg=-0.2105 kl=0.02368 187s
  [timing] inject=2.0s rollout=194.4s
[it 27] snaps=32 rollouts=128 spread=+3.482 pg=0.0952 kl=0.02718 196s
  [timing] inject=2.0s rollout=192.5s
[it 28] snaps=32 rollouts=128 spread=+3.784 pg=-0.1689 kl=0.01781 195s
  [timing] inject=1.7s rollout=180.1s
[it 29] snaps=29 rollouts=116 spread=+3.666 pg=-0.0514 kl=0.02455 182s
  [timing] inject=1.9s rollout=194.9s
[it 30] snaps=31 rollouts=124 spread=+4.306 pg=0.0281 kl=0.03324 197s
[it 30] eval: 胜率 26.0%, 场均 +0.20 ★
