[it 0] init baseline: 胜率 23.8%, 场均 -0.02
[it 0] init baseline: 胜率 23.8%, 场均 -0.02
  [timing] inject=103.2s rollout=969.8s
[it 1] snaps=32 rollouts=128 spread=+0.209 pg=0.0074 kl=0.00000 1073s
  [timing] inject=4.8s rollout=393.4s
[it 2] snaps=32 rollouts=128 spread=+0.189 pg=-0.0330 kl=0.00855 398s
  [timing] inject=2.3s rollout=406.6s
[it 3] snaps=32 rollouts=128 spread=+0.260 pg=-0.0203 kl=0.01905 409s
  [timing] inject=2.2s rollout=678.5s
[it 4] snaps=30 rollouts=120 spread=+0.302 pg=-0.0642 kl=0.01848 681s
  [timing] inject=3.0s rollout=392.5s
[it 5] snaps=32 rollouts=128 spread=+0.126 pg=0.0157 kl=0.01836 395s
  [timing] inject=2.5s rollout=396.8s
[it 6] snaps=32 rollouts=128 spread=+0.297 pg=-0.0452 kl=0.01336 399s
  [timing] inject=2.6s rollout=640.8s
[it 7] snaps=28 rollouts=112 spread=+0.213 pg=-0.0058 kl=0.02078 643s
  [timing] inject=2.3s rollout=403.1s
[it 8] snaps=32 rollouts=128 spread=+0.196 pg=0.0143 kl=0.01674 405s
  [timing] inject=2.3s rollout=399.2s
[it 9] snaps=32 rollouts=128 spread=+0.207 pg=0.0262 kl=0.01475 402s
  [timing] inject=2.8s rollout=399.9s
[it 10] snaps=32 rollouts=128 spread=+0.284 pg=-0.0166 kl=0.01649 403s
[it 10] eval: 胜率 22.8%, 场均 -0.14
  [timing] inject=2.4s rollout=392.0s
[it 11] snaps=32 rollouts=128 spread=+0.205 pg=-0.0264 kl=0.01630 394s
  [timing] inject=2.0s rollout=353.5s
[it 12] snaps=28 rollouts=112 spread=+0.239 pg=-0.0298 kl=0.01231 356s
  [timing] inject=2.5s rollout=387.8s
[it 13] snaps=32 rollouts=128 spread=+0.249 pg=-0.0002 kl=0.01622 390s
  [timing] inject=2.8s rollout=372.2s
[it 14] snaps=30 rollouts=120 spread=+0.176 pg=-0.0041 kl=0.00840 375s
  [timing] inject=2.4s rollout=381.5s
[it 15] snaps=32 rollouts=128 spread=+0.282 pg=-0.0186 kl=0.00851 384s
  [timing] inject=2.1s rollout=727.0s
[it 16] snaps=29 rollouts=116 spread=+0.185 pg=-0.0038 kl=0.01190 729s
  [timing] inject=3.1s rollout=370.1s
[it 17] snaps=30 rollouts=120 spread=+0.230 pg=0.0120 kl=0.00903 373s
  [timing] inject=2.6s rollout=362.5s
[it 18] snaps=30 rollouts=120 spread=+0.245 pg=0.0140 kl=0.00745 365s
  [timing] inject=3.2s rollout=601.3s
[it 19] snaps=31 rollouts=124 spread=+0.174 pg=-0.0417 kl=0.00831 605s
  [timing] inject=2.5s rollout=368.8s
[it 20] snaps=30 rollouts=120 spread=+0.228 pg=-0.0485 kl=0.00872 371s
[it 20] eval: 胜率 27.0%, 场均 +0.33 ★
  [timing] inject=2.1s rollout=346.9s
[it 21] snaps=29 rollouts=116 spread=+0.259 pg=-0.1209 kl=0.01149 349s
  [timing] inject=2.9s rollout=401.0s
[it 22] snaps=32 rollouts=128 spread=+0.224 pg=-0.0010 kl=0.01630 404s
  [timing] inject=2.4s rollout=384.0s
[it 23] snaps=31 rollouts=124 spread=+0.254 pg=-0.0051 kl=0.01766 386s
  [timing] inject=2.2s rollout=377.9s
[it 24] snaps=31 rollouts=124 spread=+0.172 pg=-0.0173 kl=0.01617 380s
  [timing] inject=1.9s rollout=582.4s
[it 25] snaps=25 rollouts=100 spread=+0.294 pg=-0.0159 kl=0.01979 584s
  [timing] inject=2.5s rollout=385.6s
[it 26] snaps=31 rollouts=124 spread=+0.181 pg=-0.0170 kl=0.02491 388s
  [timing] inject=2.4s rollout=392.8s
[it 27] snaps=32 rollouts=128 spread=+0.235 pg=0.0022 kl=0.01680 395s
  [timing] inject=2.4s rollout=379.4s
[it 28] snaps=32 rollouts=128 spread=+0.199 pg=-0.0079 kl=0.01286 382s
  [timing] inject=2.1s rollout=357.0s
[it 29] snaps=29 rollouts=116 spread=+0.274 pg=-0.0620 kl=0.01412 359s
  [timing] inject=2.3s rollout=394.6s
[it 30] snaps=31 rollouts=124 spread=+0.326 pg=-0.0599 kl=0.01838 397s
[it 30] eval: 胜率 26.8%, 场均 +0.36 ★
