[it 0] init baseline: 胜率 23.8%, 场均 -0.02
  [timing] inject=3.0s rollout=227.3s
[it 1] snaps=32 rollouts=128 spread=+0.907 pg=-0.1088 kl=0.00976 230s
  [timing] inject=2.0s rollout=196.1s
[it 2] snaps=32 rollouts=128 spread=+0.845 pg=-0.1901 kl=0.04644 198s
  [timing] inject=1.8s rollout=201.8s
[it 3] snaps=32 rollouts=128 spread=+0.763 pg=-0.1297 kl=0.09023 204s
  [timing] inject=1.8s rollout=215.1s
[it 4] snaps=30 rollouts=120 spread=+0.924 pg=-0.2475 kl=0.07634 217s
  [timing] inject=2.3s rollout=206.3s
[it 5] snaps=32 rollouts=128 spread=+0.879 pg=-0.2914 kl=0.07957 209s
  [timing] inject=2.0s rollout=196.4s
[it 6] snaps=32 rollouts=128 spread=+0.906 pg=-0.2228 kl=0.04770 198s
  [timing] inject=2.1s rollout=176.2s
[it 7] snaps=28 rollouts=112 spread=+0.753 pg=-0.0874 kl=0.06223 178s
  [timing] inject=1.9s rollout=199.2s
[it 8] snaps=32 rollouts=128 spread=+0.896 pg=-0.2056 kl=0.07113 201s
  [timing] inject=1.9s rollout=198.2s
[it 9] snaps=32 rollouts=128 spread=+1.006 pg=-0.1993 kl=0.05414 200s
  [timing] inject=2.3s rollout=193.0s
[it 10] snaps=32 rollouts=128 spread=+0.753 pg=-0.1026 kl=0.08178 195s
[it 10] eval: 胜率 24.0%, 场均 -0.07
  [timing] inject=1.8s rollout=198.0s
[it 11] snaps=32 rollouts=128 spread=+0.843 pg=-0.1490 kl=0.12301 200s
  [timing] inject=1.6s rollout=172.0s
[it 12] snaps=28 rollouts=112 spread=+1.037 pg=-0.3003 kl=0.06409 174s
  [timing] inject=2.1s rollout=200.0s
[it 13] snaps=32 rollouts=128 spread=+0.939 pg=-0.1086 kl=0.07665 202s
  [timing] inject=2.9s rollout=184.8s
[it 14] snaps=30 rollouts=120 spread=+0.921 pg=-0.2140 kl=0.07370 188s
  [timing] inject=2.0s rollout=201.2s
[it 15] snaps=32 rollouts=128 spread=+0.943 pg=-0.3214 kl=0.09021 203s
  [timing] inject=1.6s rollout=213.6s
[it 16] snaps=29 rollouts=116 spread=+0.717 pg=-0.0220 kl=0.10158 215s
  [timing] inject=1.9s rollout=184.7s
[it 17] snaps=30 rollouts=120 spread=+0.865 pg=-0.0295 kl=0.07673 187s
  [timing] inject=2.1s rollout=190.7s
[it 18] snaps=30 rollouts=120 spread=+1.041 pg=-0.1329 kl=0.05104 193s
  [timing] inject=2.6s rollout=220.1s
[it 19] snaps=31 rollouts=124 spread=+1.225 pg=-0.3785 kl=0.05546 223s
  [timing] inject=2.1s rollout=186.4s
[it 20] snaps=30 rollouts=120 spread=+0.842 pg=-0.1984 kl=0.04120 189s
[it 20] eval: 胜率 24.5%, 场均 +0.18 ★
  [timing] inject=1.7s rollout=180.5s
[it 21] snaps=29 rollouts=116 spread=+0.979 pg=-0.4860 kl=0.04148 182s
  [timing] inject=2.1s rollout=197.7s
[it 22] snaps=32 rollouts=128 spread=+0.843 pg=-0.0097 kl=0.04035 200s
  [timing] inject=2.0s rollout=195.1s
[it 23] snaps=31 rollouts=124 spread=+1.033 pg=-0.1866 kl=0.04161 197s
  [timing] inject=1.8s rollout=189.2s
[it 24] snaps=31 rollouts=124 spread=+0.691 pg=-0.2648 kl=0.05031 191s
  [timing] inject=1.5s rollout=156.7s
[it 25] snaps=25 rollouts=100 spread=+1.223 pg=-0.5380 kl=0.07981 158s
  [timing] inject=2.0s rollout=186.0s
[it 26] snaps=31 rollouts=124 spread=+0.775 pg=-0.0544 kl=0.07337 188s
  [timing] inject=1.9s rollout=199.7s
[it 27] snaps=32 rollouts=128 spread=+0.954 pg=-0.0738 kl=0.07270 202s
  [timing] inject=2.0s rollout=192.6s
[it 28] snaps=32 rollouts=128 spread=+0.893 pg=-0.0840 kl=0.04225 195s
  [timing] inject=1.7s rollout=174.0s
[it 29] snaps=29 rollouts=116 spread=+0.903 pg=-0.2954 kl=0.05127 176s
  [timing] inject=1.9s rollout=194.6s
[it 30] snaps=31 rollouts=124 spread=+0.897 pg=-0.2089 kl=0.03776 197s
[it 30] eval: 胜率 23.5%, 场均 -0.03
