[it 0] init baseline: 胜率 23.8%, 场均 -0.02
[it 0] init baseline: 胜率 23.8%, 场均 -0.02
  [timing] inject=119.2s rollout=1359.4s
[it 1] snaps=32 rollouts=128 spread=+0.242 pg=-0.0211 kl=0.00000 1479s
  [timing] inject=7.4s rollout=793.6s
[it 2] snaps=32 rollouts=128 spread=+0.177 pg=-0.0245 kl=0.00563 801s
  [timing] inject=3.1s rollout=792.8s
[it 3] snaps=32 rollouts=128 spread=+0.245 pg=-0.0080 kl=0.01384 796s
  [timing] inject=3.0s rollout=925.2s
[it 4] snaps=30 rollouts=120 spread=+0.205 pg=0.0073 kl=0.02833 928s
  [timing] inject=3.6s rollout=790.6s
[it 5] snaps=32 rollouts=128 spread=+0.205 pg=-0.0123 kl=0.02748 794s
  [timing] inject=3.2s rollout=788.9s
[it 6] snaps=32 rollouts=128 spread=+0.215 pg=0.0022 kl=0.02075 792s
  [timing] inject=3.2s rollout=887.1s
[it 7] snaps=28 rollouts=112 spread=+0.208 pg=-0.0170 kl=0.02184 890s
  [timing] inject=3.2s rollout=804.6s
[it 8] snaps=32 rollouts=128 spread=+0.199 pg=-0.0007 kl=0.01796 808s
  [timing] inject=3.2s rollout=794.8s
[it 9] snaps=32 rollouts=128 spread=+0.251 pg=0.0387 kl=0.01507 798s
  [timing] inject=3.8s rollout=778.7s
[it 10] snaps=32 rollouts=128 spread=+0.150 pg=-0.0300 kl=0.01104 783s
[it 0] init baseline: 胜率 23.8%, 场均 -0.02
  [timing] inject=104.6s rollout=1209.8s
[it 1] snaps=32 rollouts=128 spread=+0.242 pg=-0.0211 kl=0.00000 1315s
  [timing] inject=6.2s rollout=792.5s
[it 2] snaps=32 rollouts=128 spread=+0.177 pg=-0.0245 kl=0.00563 799s
  [timing] inject=3.1s rollout=791.4s
[it 3] snaps=32 rollouts=128 spread=+0.245 pg=-0.0080 kl=0.01384 795s
  [timing] inject=3.0s rollout=908.4s
[it 4] snaps=30 rollouts=120 spread=+0.205 pg=0.0073 kl=0.02833 911s
  [timing] inject=3.8s rollout=789.2s
[it 5] snaps=32 rollouts=128 spread=+0.205 pg=-0.0123 kl=0.02748 793s
  [timing] inject=3.2s rollout=787.3s
[it 6] snaps=32 rollouts=128 spread=+0.215 pg=0.0022 kl=0.02075 791s
  [timing] inject=3.2s rollout=1053.8s
[it 7] snaps=28 rollouts=112 spread=+0.208 pg=-0.0170 kl=0.02184 1057s
  [timing] inject=3.2s rollout=803.9s
[it 8] snaps=32 rollouts=128 spread=+0.199 pg=-0.0007 kl=0.01796 807s
  [timing] inject=3.1s rollout=793.5s
[it 9] snaps=32 rollouts=128 spread=+0.251 pg=0.0387 kl=0.01507 797s
  [timing] inject=3.6s rollout=777.4s
[it 10] snaps=32 rollouts=128 spread=+0.150 pg=-0.0300 kl=0.01104 781s
[it 10] eval: 胜率 26.0%, 场均 +0.30 ★
  [timing] inject=3.2s rollout=772.0s
[it 11] snaps=32 rollouts=128 spread=+0.136 pg=-0.0036 kl=0.01118 775s
  [timing] inject=2.7s rollout=679.8s
[it 12] snaps=28 rollouts=112 spread=+0.322 pg=0.0214 kl=0.01378 683s
  [timing] inject=3.5s rollout=784.5s
[it 13] snaps=32 rollouts=128 spread=+0.255 pg=-0.0198 kl=0.01337 788s
  [timing] inject=3.7s rollout=725.2s
[it 14] snaps=30 rollouts=120 spread=+0.221 pg=-0.0063 kl=0.01094 729s
  [timing] inject=3.3s rollout=789.7s
[it 15] snaps=32 rollouts=128 spread=+0.213 pg=-0.0183 kl=0.02787 793s
  [timing] inject=2.8s rollout=906.4s
[it 16] snaps=29 rollouts=116 spread=+0.253 pg=-0.0199 kl=0.02698 909s
  [timing] inject=4.2s rollout=727.6s
[it 17] snaps=30 rollouts=120 spread=+0.294 pg=-0.0387 kl=0.01791 732s
  [timing] inject=3.3s rollout=741.3s
[it 18] snaps=30 rollouts=120 spread=+0.310 pg=-0.0041 kl=0.01916 745s
  [timing] inject=3.9s rollout=982.4s
[it 19] snaps=31 rollouts=124 spread=+0.274 pg=-0.0467 kl=0.01982 986s
  [timing] inject=3.3s rollout=743.7s
[it 20] snaps=30 rollouts=120 spread=+0.313 pg=-0.0988 kl=0.01590 747s
[it 20] eval: 胜率 25.2%, 场均 +0.19
  [timing] inject=2.8s rollout=701.3s
[it 21] snaps=29 rollouts=116 spread=+0.195 pg=-0.0563 kl=0.01704 704s
  [timing] inject=3.8s rollout=805.0s
[it 22] snaps=32 rollouts=128 spread=+0.198 pg=-0.0065 kl=0.01904 809s
  [timing] inject=3.2s rollout=768.9s
[it 23] snaps=31 rollouts=124 spread=+0.221 pg=0.0062 kl=0.01719 772s
  [timing] inject=3.1s rollout=747.2s
[it 24] snaps=31 rollouts=124 spread=+0.251 pg=-0.0631 kl=0.01800 750s
  [timing] inject=2.5s rollout=890.6s
[it 25] snaps=25 rollouts=100 spread=+0.218 pg=-0.0329 kl=0.02741 893s
  [timing] inject=3.4s rollout=749.1s
[it 26] snaps=31 rollouts=124 spread=+0.239 pg=-0.0083 kl=0.01719 753s
  [timing] inject=3.2s rollout=762.5s
[it 27] snaps=32 rollouts=128 spread=+0.173 pg=-0.0068 kl=0.00919 766s
  [timing] inject=3.3s rollout=769.7s
[it 28] snaps=32 rollouts=128 spread=+0.191 pg=-0.0179 kl=0.00839 773s
  [timing] inject=2.9s rollout=708.2s
[it 29] snaps=29 rollouts=116 spread=+0.258 pg=-0.0168 kl=0.01045 711s
  [timing] inject=3.1s rollout=766.5s
[it 30] snaps=31 rollouts=124 spread=+0.237 pg=-0.0125 kl=0.01001 770s
[it 30] eval: 胜率 24.8%, 场均 +0.07
