[it 0] init baseline: 胜率 23.8%, 场均 -0.02
  [timing] inject=2.7s rollout=225.5s
[it 1 决策点#0 座1 墙剩56 手牌[2条 5条 7条 4饼 5饼 5饼 9饼 2万 2万 7万 8万 9万 9万 红中] 副露无]
    5饼: 回报-0.980 sd_eff=1.000 优势+0.005
    9万: 回报-0.980 sd_eff=1.000 优势+0.005
    4饼: 回报-0.980 sd_eff=1.000 优势+0.005
    9饼: 回报-1.000 sd_eff=1.000 优势-0.015
[it 1 决策点#1 座3 墙剩54 手牌[1条 3条 4条 5条 7条 8条 9条 2饼 2万 3万 4万 7万 7万 9万] 副露无]
    2饼: 回报+9.528 sd_eff=4.700 优势+1.244
    9万: 回报+7.069 sd_eff=4.700 优势+0.721
    7万: 回报-0.940 sd_eff=4.700 优势-0.983
    1条: 回报-0.940 sd_eff=4.700 优势-0.983
[it 1] snaps=32 rollouts=128 spread=+3.782 pg=-0.3370 kl=0.10372 228s
  [timing] inject=2.8s rollout=202.8s
[it 2 决策点#0 座1 墙剩58 手牌[5条 6条 7条 8条 5饼 5饼 6饼 8饼 4万 6万 8万 9万 9万 红中] 副露无]
    5条: 回报+9.137 sd_eff=5.079 优势+1.000
    8条: 回报+9.137 sd_eff=5.079 优势+1.000
    9万: 回报-1.020 sd_eff=5.079 优势-1.000
    5饼: 回报-1.020 sd_eff=5.079 优势-1.000
[it 2 决策点#1 座2 墙剩57 手牌[3条 4条 1饼 2饼 2饼 5饼 6饼 7饼 9饼 3万 4万 5万 7万 8万] 副露无]
    1饼: 回报+4.013 sd_eff=2.883 优势+1.732
    2饼: 回报-2.645 sd_eff=2.883 优势-0.577
    3条: 回报-2.645 sd_eff=2.883 优势-0.577
    9饼: 回报-2.645 sd_eff=2.883 优势-0.577
[it 2] snaps=32 rollouts=128 spread=+3.124 pg=-0.2104 kl=0.44879 206s
  [timing] inject=1.9s rollout=195.1s
[it 3 决策点#0 座3 墙剩57 手牌[3条 5条 7条 9条 8饼 8饼 3万 3万 8万 9万 红中] 副露[{'type': 'peng', 'tile': 10, 'wr': 57}]]
    8饼: 回报+11.711 sd_eff=5.507 优势+1.732
    5条: 回报-1.000 sd_eff=5.507 优势-0.576
    9条: 回报-1.000 sd_eff=5.507 优势-0.576
    3条: 回报-1.020 sd_eff=5.507 优势-0.580
[it 3 决策点#1 座1 墙剩55 手牌[2条 2条 3条 4条 7条 8条 9条 4饼 6饼 7饼 2万 4万 5万 5万] 副露无]
    4饼: 回报-3.707 sd_eff=1.000 优势+0.057
    7饼: 回报-3.707 sd_eff=1.000 优势+0.057
    2条: 回报-3.822 sd_eff=1.000 优势-0.057
    3条: 回报-3.822 sd_eff=1.000 优势-0.057
[it 3] snaps=32 rollouts=128 spread=+4.154 pg=-0.0572 kl=0.51686 197s
  [timing] inject=2.2s rollout=212.6s
[it 4 决策点#0 座2 墙剩57 手牌[1条 3条 7条 8条 6饼 7饼 7饼 1万 5万 7万 8万 9万 红中 红中] 副露无]
    7饼: 回报-1.000 sd_eff=1.000 优势+0.000
    1条: 回报-1.000 sd_eff=1.000 优势+0.000
    3条: 回报-1.000 sd_eff=1.000 优势+0.000
    1万: 回报-1.000 sd_eff=1.000 优势+0.000
[it 4 决策点#1 座0 墙剩55 手牌[4条 7条 9条 1饼 5饼 8饼 8饼 8饼 1万 4万 4万 7万 9万 9万] 副露无]
    1饼: 回报-3.660 sd_eff=1.000 优势+0.000
    1万: 回报-3.660 sd_eff=1.000 优势+0.000
    8饼: 回报-3.660 sd_eff=1.000 优势+0.000
    4条: 回报-3.660 sd_eff=1.000 优势+0.000
[it 4] snaps=30 rollouts=120 spread=+2.343 pg=0.0208 kl=0.59085 215s
  [timing] inject=2.7s rollout=195.1s
[it 5 决策点#0 座0 墙剩55 手牌[2条 3条 4条 4条 5条 6条 6条 1饼 2饼 3饼 5饼 4万 6万 7万] 副露无]
    2条: 回报-3.377 sd_eff=1.000 优势+0.000
    2饼: 回报-3.377 sd_eff=1.000 优势+0.000
    3条: 回报-3.377 sd_eff=1.000 优势+0.000
    5饼: 回报-3.377 sd_eff=1.000 优势+0.000
[it 5 决策点#1 座2 墙剩53 手牌[1条 2条 3条 4条 9条 5饼 6饼 1万 2万 5万 6万 7万 9万 9万] 副露无]
    1条: 回报+2.120 sd_eff=1.325 优势+0.577
    2条: 回报+2.120 sd_eff=1.325 优势+0.577
    9条: 回报+2.120 sd_eff=1.325 优势+0.577
    3条: 回报-0.940 sd_eff=1.325 优势-1.732
[it 5] snaps=32 rollouts=128 spread=+4.286 pg=0.0573 kl=0.55620 198s
  [timing] inject=2.0s rollout=198.8s
[it 6 决策点#0 座3 墙剩51 手牌[1条 8条 8条 1饼 4饼 9饼 1万 5万 6万 7万 8万 8万 8万 红中] 副露无]
    4饼: 回报-3.303 sd_eff=1.000 优势+0.000
    1饼: 回报-3.303 sd_eff=1.000 优势+0.000
    1条: 回报-3.303 sd_eff=1.000 优势+0.000
    8条: 回报-3.303 sd_eff=1.000 优势+0.000
[it 6 决策点#1 座0 墙剩50 手牌[2条 2条 5条 6条 8条 9条 4饼 5饼 6饼 3万 5万 7万 9万 9万] 副露无]
    2条: 回报-0.860 sd_eff=3.000 优势+1.000
    4饼: 回报-0.860 sd_eff=3.000 优势+1.000
    8条: 回报-6.860 sd_eff=3.000 优势-1.000
    5条: 回报-6.860 sd_eff=3.000 优势-1.000
[it 6] snaps=32 rollouts=128 spread=+4.848 pg=-0.1704 kl=0.85827 201s
  [timing] inject=2.0s rollout=178.3s
[it 7 决策点#0 座1 墙剩58 手牌[2条 4条 7条 2饼 3饼 3饼 6饼 7饼 1万 3万 3万 8万 9万 红中] 副露无]
    2饼: 回报+6.920 sd_eff=4.177 优势+0.631
    2条: 回报+6.920 sd_eff=4.177 优势+0.631
    7条: 回报+6.233 sd_eff=4.177 优势+0.466
    3饼: 回报-2.933 sd_eff=4.177 优势-1.728
[it 7 决策点#1 座2 墙剩57 手牌[1条 4条 8条 1饼 5饼 5饼 7饼 7饼 8饼 2万 3万 4万 5万 红中] 副露无]
    5饼: 回报-1.000 sd_eff=1.562 优势+0.586
    7饼: 回报-1.020 sd_eff=1.562 优势+0.573
    1饼: 回报-1.020 sd_eff=1.562 优势+0.573
    1条: 回报-4.620 sd_eff=1.562 优势-1.732
[it 7] snaps=28 rollouts=112 spread=+3.830 pg=0.0803 kl=0.73844 180s
  [timing] inject=1.9s rollout=210.8s
[it 8 决策点#0 座1 墙剩58 手牌[1条 3条 6条 7条 8条 9条 2饼 3饼 6饼 2万 7万 7万 9万 9万] 副露无]
    3饼: 回报-3.780 sd_eff=1.000 优势+0.135
    6饼: 回报-3.780 sd_eff=1.000 优势+0.135
    9条: 回报-3.860 sd_eff=1.000 优势+0.055
    2饼: 回报-4.240 sd_eff=1.000 优势-0.325
[it 8 决策点#1 座2 墙剩57 手牌[1条 6条 7条 3饼 4饼 5饼 5饼 6饼 7饼 8饼 2万 8万 9万 红中] 副露无]
    5饼: 回报+10.014 sd_eff=4.769 优势+1.732
    8饼: 回报-1.000 sd_eff=4.769 优势-0.577
    4饼: 回报-1.000 sd_eff=4.769 优势-0.577
    1条: 回报-1.000 sd_eff=4.769 优势-0.577
[it 8] snaps=32 rollouts=128 spread=+3.535 pg=-0.2081 kl=1.08724 213s
  [timing] inject=1.9s rollout=205.7s
[it 9 决策点#0 座3 墙剩56 手牌[3条 6条 8条 9条 3饼 4饼 6饼 9饼 1万 2万 3万 7万 8万 8万] 副露无]
    9饼: 回报-3.413 sd_eff=1.000 优势+0.524
    1万: 回报-4.111 sd_eff=1.000 优势-0.175
    4饼: 回报-4.111 sd_eff=1.000 优势-0.175
    9条: 回报-4.111 sd_eff=1.000 优势-0.175
[it 9 决策点#1 座0 墙剩55 手牌[1条 2条 1饼 2饼 4饼 5饼 7饼 7饼 3万 6万 7万 8万 9万 红中] 副露无]
    2饼: 回报-0.960 sd_eff=1.000 优势+0.000
    1饼: 回报-0.960 sd_eff=1.000 优势+0.000
    7饼: 回报-0.960 sd_eff=1.000 优势+0.000
    6万: 回报-0.960 sd_eff=1.000 优势+0.000
[it 9] snaps=32 rollouts=128 spread=+4.642 pg=0.1668 kl=1.46639 208s
  [timing] inject=2.7s rollout=193.8s
[it 10 决策点#0 座1 墙剩58 手牌[3条 3条 4条 5条 6条 8条 1饼 4饼 5饼 9饼 1万 2万 8万 红中] 副露无]
    1饼: 回报+9.363 sd_eff=7.005 优势+0.999
    1万: 回报+9.363 sd_eff=7.005 优势+0.999
    5饼: 回报-4.230 sd_eff=7.005 优势-0.941
    4饼: 回报-5.040 sd_eff=7.005 优势-1.057
[it 10 决策点#1 座3 墙剩56 手牌[1条 3条 5条 6条 7条 3饼 6饼 7饼 7饼 9饼 1万 4万 5万 9万] 副露无]
    1万: 回报-0.980 sd_eff=1.000 优势+0.005
    4万: 回报-0.980 sd_eff=1.000 优势+0.005
    3饼: 回报-0.980 sd_eff=1.000 优势+0.005
    7饼: 回报-1.000 sd_eff=1.000 优势-0.015
[it 10] snaps=32 rollouts=128 spread=+5.189 pg=-0.2545 kl=1.58954 197s
[it 10] eval: 胜率 16.8%, 场均 -0.80
  [timing] inject=1.9s rollout=203.1s
[it 11 决策点#0 座1 墙剩58 手牌[1条 2条 4条 6条 1饼 3饼 4饼 7饼 7饼 3万 3万 6万 8万 9万] 副露无]
    1饼: 回报-1.020 sd_eff=1.121 优势+0.577
    4饼: 回报-1.020 sd_eff=1.121 优势+0.577
    7饼: 回报-1.020 sd_eff=1.121 优势+0.577
    1条: 回报-3.609 sd_eff=1.121 优势-1.732
[it 11 决策点#1 座3 墙剩56 手牌[1条 2条 4条 4条 5条 5条 7条 9条 2饼 9饼 2万 4万 4万 红中] 副露无]
    2饼: 回报-4.200 sd_eff=1.000 优势+0.000
    4万: 回报-4.200 sd_eff=1.000 优势+0.000
    2万: 回报-4.200 sd_eff=1.000 优势+0.000
    9饼: 回报-4.200 sd_eff=1.000 优势+0.000
[it 11] snaps=32 rollouts=128 spread=+3.677 pg=-0.0775 kl=1.64705 205s
  [timing] inject=1.6s rollout=173.1s
[it 12 决策点#0 座3 墙剩56 手牌[2条 3条 7条 9条 2饼 5饼 8饼 3万 4万 4万 6万 6万 7万 8万] 副露无]
    4万: 回报-3.551 sd_eff=1.000 优势+0.000
    2饼: 回报-3.551 sd_eff=1.000 优势+0.000
    5饼: 回报-3.551 sd_eff=1.000 优势+0.000
    6万: 回报-3.551 sd_eff=1.000 优势+0.000
[it 12 决策点#1 座0 墙剩52 手牌[8条 4饼 4饼 6饼 6饼 4万 5万 5万 7万 7万 7万 8万 9万 红中] 副露无]
    4万: 回报-4.171 sd_eff=1.000 优势+0.000
    4饼: 回报-4.171 sd_eff=1.000 优势+0.000
    8万: 回报-4.171 sd_eff=1.000 优势+0.000
    8条: 回报-4.171 sd_eff=1.000 优势+0.000
[it 12] snaps=28 rollouts=112 spread=+4.756 pg=-0.1112 kl=1.82928 175s
  [timing] inject=2.2s rollout=200.9s
[it 13 决策点#0 座1 墙剩58 手牌[5条 5条 8条 8条 1饼 2饼 6饼 8饼 9饼 3万 4万 4万 5万 6万] 副露无]
    4万: 回报-1.020 sd_eff=1.000 优势+0.000
    1饼: 回报-1.020 sd_eff=1.000 优势+0.000
    2饼: 回报-1.020 sd_eff=1.000 优势+0.000
    9饼: 回报-1.020 sd_eff=1.000 优势+0.000
[it 13 决策点#1 座2 墙剩57 手牌[1条 3条 7条 1饼 5饼 5饼 7饼 8饼 1万 1万 5万 6万 8万 红中] 副露无]
    1饼: 回报-2.900 sd_eff=1.000 优势+0.454
    8万: 回报-3.245 sd_eff=1.000 优势+0.108
    1万: 回报-3.635 sd_eff=1.000 优势-0.281
    5饼: 回报-3.635 sd_eff=1.000 优势-0.281
[it 13] snaps=32 rollouts=128 spread=+3.431 pg=-0.2583 kl=1.94877 203s
