[it 0] init baseline: 胜率 23.8%, 场均 -0.02
  [timing] inject=2.9s rollout=172.9s
[it 1 决策点#0 座1 墙剩56 手牌[2条 5条 7条 4饼 5饼 5饼 9饼 2万 2万 7万 8万 9万 9万 红中] 副露无]
    5饼: 回报-0.980 sd_eff=1.000 优势+0.005
    9万: 回报-0.980 sd_eff=1.000 优势+0.005
    4饼: 回报-0.980 sd_eff=1.000 优势+0.005
    9饼: 回报-1.000 sd_eff=1.000 优势-0.015
[it 1 决策点#1 座3 墙剩54 手牌[1条 3条 4条 5条 7条 8条 9条 2饼 2万 3万 4万 7万 7万 9万] 副露无]
    7万: 回报-0.940 sd_eff=1.000 优势+0.000
    2饼: 回报-0.940 sd_eff=1.000 优势+0.000
    1条: 回报-0.940 sd_eff=1.000 优势+0.000
    9万: 回报-0.940 sd_eff=1.000 优势+0.000
[it 1] snaps=32 rollouts=128 spread=+0.060 pg=-0.0340 kl=0.09791 176s
  [timing] inject=2.1s rollout=135.8s
[it 2 决策点#0 座1 墙剩58 手牌[5条 6条 7条 8条 5饼 5饼 6饼 8饼 4万 6万 8万 9万 9万 红中] 副露无]
    5条: 回报-0.720 sd_eff=1.000 优势+0.000
    8条: 回报-0.720 sd_eff=1.000 优势+0.000
    5饼: 回报-0.720 sd_eff=1.000 优势+0.000
    9万: 回报-0.720 sd_eff=1.000 优势+0.000
[it 2 决策点#1 座2 墙剩57 手牌[3条 4条 1饼 2饼 2饼 5饼 6饼 7饼 9饼 3万 4万 5万 7万 8万] 副露无]
    2饼: 回报-0.160 sd_eff=1.000 优势+0.005
    4条: 回报-0.160 sd_eff=1.000 优势+0.005
    9饼: 回报-0.160 sd_eff=1.000 优势+0.005
    1饼: 回报-0.180 sd_eff=1.000 优势-0.015
[it 2] snaps=32 rollouts=128 spread=+0.079 pg=-0.0137 kl=0.22893 138s
  [timing] inject=1.9s rollout=135.3s
[it 3 决策点#0 座3 墙剩57 手牌[3条 5条 7条 9条 8饼 8饼 3万 3万 8万 9万 红中] 副露[{'type': 'peng', 'tile': 10, 'wr': 57}]]
    5条: 回报-0.260 sd_eff=1.000 优势+0.005
    3万: 回报-0.260 sd_eff=1.000 优势+0.005
    9条: 回报-0.260 sd_eff=1.000 优势+0.005
    3条: 回报-0.280 sd_eff=1.000 优势-0.015
[it 3 决策点#1 座1 墙剩55 手牌[2条 2条 3条 4条 7条 8条 9条 4饼 6饼 7饼 2万 4万 5万 5万] 副露无]
    2条: 回报-0.220 sd_eff=1.000 优势+0.030
    4饼: 回报-0.220 sd_eff=1.000 优势+0.030
    3条: 回报-0.280 sd_eff=1.000 优势-0.030
    4条: 回报-0.280 sd_eff=1.000 优势-0.030
[it 3] snaps=32 rollouts=128 spread=+0.130 pg=0.0074 kl=0.15415 137s
  [timing] inject=1.9s rollout=160.6s
[it 4 决策点#0 座2 墙剩57 手牌[1条 3条 7条 8条 6饼 7饼 7饼 1万 5万 7万 8万 9万 红中 红中] 副露无]
    1条: 回报-0.940 sd_eff=1.000 优势+0.015
    5万: 回报-0.940 sd_eff=1.000 优势+0.015
    1万: 回报-0.940 sd_eff=1.000 优势+0.015
    6饼: 回报-1.000 sd_eff=1.000 优势-0.045
[it 4 决策点#1 座0 墙剩55 手牌[4条 7条 9条 1饼 5饼 8饼 8饼 8饼 1万 4万 4万 7万 9万 9万] 副露无]
    5饼: 回报-0.760 sd_eff=1.000 优势+0.000
    1饼: 回报-0.760 sd_eff=1.000 优势+0.000
    1万: 回报-0.760 sd_eff=1.000 优势+0.000
    9条: 回报-0.760 sd_eff=1.000 优势+0.000
[it 4] snaps=30 rollouts=120 spread=+0.138 pg=-0.0391 kl=0.39252 163s
  [timing] inject=2.4s rollout=137.6s
[it 5 决策点#0 座0 墙剩55 手牌[2条 3条 4条 4条 5条 6条 6条 1饼 2饼 3饼 5饼 4万 6万 7万] 副露无]
    5饼: 回报-0.160 sd_eff=1.000 优势+0.000
    6条: 回报-0.160 sd_eff=1.000 优势+0.000
    4万: 回报-0.160 sd_eff=1.000 优势+0.000
    5条: 回报-0.160 sd_eff=1.000 优势+0.000
[it 5 决策点#1 座2 墙剩53 手牌[1条 2条 3条 4条 9条 5饼 6饼 1万 2万 5万 6万 7万 9万 9万] 副露无]
    9条: 回报-0.300 sd_eff=1.000 优势+0.075
    1条: 回报-0.300 sd_eff=1.000 优势+0.075
    5饼: 回报-0.300 sd_eff=1.000 优势+0.075
    2万: 回报-0.600 sd_eff=1.000 优势-0.225
[it 5] snaps=32 rollouts=128 spread=+0.123 pg=-0.0369 kl=0.44587 140s
  [timing] inject=2.0s rollout=137.2s
[it 6 决策点#0 座3 墙剩51 手牌[1条 8条 8条 1饼 4饼 9饼 1万 5万 6万 7万 8万 8万 8万 红中] 副露无]
    9饼: 回报-0.160 sd_eff=1.000 优势+0.000
    8条: 回报-0.160 sd_eff=1.000 优势+0.000
    1饼: 回报-0.160 sd_eff=1.000 优势+0.000
    1条: 回报-0.160 sd_eff=1.000 优势+0.000
[it 6 决策点#1 座0 墙剩50 手牌[2条 2条 5条 6条 8条 9条 4饼 5饼 6饼 3万 5万 7万 9万 9万] 副露无]
    5条: 回报-0.620 sd_eff=1.000 优势+0.125
    2条: 回报-0.780 sd_eff=1.000 优势-0.035
    8条: 回报-0.780 sd_eff=1.000 优势-0.035
    9条: 回报-0.800 sd_eff=1.000 优势-0.055
[it 6] snaps=32 rollouts=128 spread=+0.180 pg=-0.0498 kl=0.49831 139s
[it 6] eval: 胜率 19.8%, 场均 -0.69
