[it 0] init baseline: 胜率 23.8%, 场均 -0.02
  [timing] inject=90.8s rollout=419.2s
[it 1] snaps=32 rollouts=128 spread=+0.921 pg=-0.0246 kl=0.00000 510s
  [timing] inject=16.4s rollout=191.7s
[it 2] snaps=32 rollouts=128 spread=+0.939 pg=-0.2634 kl=0.00931 208s
  [timing] inject=2.8s rollout=38.6s
[it 3] snaps=32 rollouts=128 spread=+0.741 pg=0.0989 kl=0.03231 41s
  [timing] inject=2.6s rollout=206.1s
[it 4] snaps=30 rollouts=120 spread=+1.017 pg=-0.2891 kl=0.04468 209s
  [timing] inject=2.9s rollout=184.5s
[it 5] snaps=32 rollouts=128 spread=+0.825 pg=-0.1597 kl=0.09192 187s
  [timing] inject=2.8s rollout=39.2s
[it 6] snaps=32 rollouts=128 spread=+0.828 pg=-0.3511 kl=0.08328 42s
  [timing] inject=2.5s rollout=194.2s
[it 7] snaps=28 rollouts=112 spread=+0.750 pg=0.1550 kl=0.10177 197s
  [timing] inject=2.1s rollout=38.5s
[it 8] snaps=32 rollouts=128 spread=+0.985 pg=-0.3049 kl=0.11006 41s
  [timing] inject=2.0s rollout=38.0s
[it 9] snaps=32 rollouts=128 spread=+1.123 pg=-0.2345 kl=0.18136 40s
  [timing] inject=2.9s rollout=40.5s
[it 10] snaps=32 rollouts=128 spread=+0.765 pg=-0.0263 kl=0.22496 43s
[it 10] eval: 胜率 23.0%, 场均 -0.12
[it 0] init baseline: 胜率 23.8%, 场均 -0.02
  [timing] inject=75.2s rollout=356.8s
[it 1] snaps=32 rollouts=128 spread=+0.905 pg=-0.0770 kl=0.00000 432s
  [timing] inject=7.7s rollout=175.3s
[it 2] snaps=32 rollouts=128 spread=+0.915 pg=-0.1804 kl=0.00869 183s
  [timing] inject=2.1s rollout=170.5s
[it 3] snaps=32 rollouts=128 spread=+0.843 pg=-0.1555 kl=0.02700 173s
  [timing] inject=1.8s rollout=31.8s
[it 4] snaps=30 rollouts=120 spread=+1.002 pg=-0.3015 kl=0.03991 34s
  [timing] inject=2.0s rollout=37.7s
[it 5] snaps=32 rollouts=128 spread=+0.977 pg=-0.2382 kl=0.08038 40s
  [timing] inject=2.0s rollout=37.5s
[it 6] snaps=32 rollouts=128 spread=+0.919 pg=-0.3742 kl=0.07443 39s
  [timing] inject=1.8s rollout=33.0s
[it 7] snaps=28 rollouts=112 spread=+0.869 pg=-0.1473 kl=0.08532 35s
  [timing] inject=1.9s rollout=38.0s
[it 8] snaps=32 rollouts=128 spread=+0.830 pg=-0.2092 kl=0.10912 40s
  [timing] inject=2.3s rollout=38.6s
[it 9] snaps=32 rollouts=128 spread=+1.132 pg=-0.1681 kl=0.17055 41s
  [timing] inject=2.0s rollout=38.7s
[it 10] snaps=32 rollouts=128 spread=+0.835 pg=-0.1104 kl=0.22627 41s
[it 10] eval: 胜率 21.5%, 场均 -0.30
  [timing] inject=1.9s rollout=39.1s
[it 11] snaps=32 rollouts=128 spread=+0.946 pg=-0.1983 kl=0.20637 41s
  [timing] inject=1.7s rollout=34.0s
[it 12] snaps=28 rollouts=112 spread=+1.143 pg=-0.3221 kl=0.20433 36s
  [timing] inject=1.9s rollout=38.5s
[it 13] snaps=32 rollouts=128 spread=+0.977 pg=-0.2147 kl=0.29324 40s
  [timing] inject=1.8s rollout=32.0s
[it 14] snaps=30 rollouts=120 spread=+1.077 pg=-0.3270 kl=0.18332 34s
  [timing] inject=2.1s rollout=38.6s
[it 15] snaps=32 rollouts=128 spread=+1.086 pg=-0.4649 kl=0.36532 41s
  [timing] inject=1.7s rollout=31.6s
[it 16] snaps=29 rollouts=116 spread=+0.823 pg=-0.1096 kl=0.34474 33s
  [timing] inject=1.8s rollout=31.9s
[it 17] snaps=30 rollouts=120 spread=+0.912 pg=-0.1196 kl=0.22878 34s
  [timing] inject=1.9s rollout=32.7s
[it 18] snaps=30 rollouts=120 spread=+1.151 pg=-0.0166 kl=0.25593 35s
  [timing] inject=1.9s rollout=37.2s
[it 19] snaps=31 rollouts=124 spread=+1.330 pg=-0.4799 kl=0.19737 39s
  [timing] inject=1.8s rollout=32.6s
[it 20] snaps=30 rollouts=120 spread=+1.116 pg=-0.2373 kl=0.21590 34s
[it 20] eval: 胜率 25.8%, 场均 +0.18 ★
  [timing] inject=1.7s rollout=32.5s
[it 21] snaps=29 rollouts=116 spread=+1.113 pg=-0.5537 kl=0.21575 34s
  [timing] inject=1.9s rollout=37.8s
[it 22] snaps=32 rollouts=128 spread=+0.924 pg=-0.0541 kl=0.21622 40s
  [timing] inject=1.9s rollout=38.1s
[it 23] snaps=31 rollouts=124 spread=+0.941 pg=-0.2768 kl=0.17990 40s
  [timing] inject=1.8s rollout=34.4s
[it 24] snaps=31 rollouts=124 spread=+0.946 pg=-0.4630 kl=0.16393 36s
  [timing] inject=1.6s rollout=32.7s
[it 25] snaps=25 rollouts=100 spread=+1.285 pg=-0.5936 kl=0.20826 34s
  [timing] inject=1.9s rollout=36.2s
[it 26] snaps=31 rollouts=124 spread=+0.929 pg=-0.2064 kl=0.20828 38s
  [timing] inject=1.9s rollout=36.3s
[it 27] snaps=32 rollouts=128 spread=+0.913 pg=-0.1471 kl=0.18368 38s
  [timing] inject=1.9s rollout=37.5s
[it 28] snaps=32 rollouts=128 spread=+0.978 pg=-0.1466 kl=0.14612 39s
  [timing] inject=1.7s rollout=35.3s
[it 29] snaps=29 rollouts=116 spread=+0.937 pg=-0.3446 kl=0.12753 37s
  [timing] inject=1.9s rollout=36.6s
[it 30] snaps=31 rollouts=124 spread=+1.021 pg=-0.2465 kl=0.15425 39s
[it 30] eval: 胜率 24.5%, 场均 +0.09
