[it 0] init baseline: 胜率 23.8%, 场均 -0.02
  [timing] inject=869.3s rollout=365.1s
[it 1] snaps=32 rollouts=128 spread=+1.190 pg=-0.0538 kl=0.00000 1234s
  [timing] inject=31.0s rollout=163.5s
[it 2] snaps=32 rollouts=128 spread=+1.278 pg=-0.2228 kl=0.00899 195s
  [timing] inject=1.9s rollout=162.1s
[it 3] snaps=32 rollouts=128 spread=+1.276 pg=-0.1255 kl=0.02679 164s
  [timing] inject=1.8s rollout=26.7s
[it 4] snaps=30 rollouts=120 spread=+1.358 pg=-0.2240 kl=0.04025 29s
  [timing] inject=2.0s rollout=30.7s
[it 5] snaps=32 rollouts=128 spread=+1.264 pg=-0.2455 kl=0.06403 33s
  [timing] inject=1.9s rollout=28.4s
[it 6] snaps=32 rollouts=128 spread=+1.049 pg=-0.4000 kl=0.07216 30s
  [timing] inject=1.7s rollout=27.8s
[it 7] snaps=28 rollouts=112 spread=+1.264 pg=-0.3181 kl=0.07314 30s
  [timing] inject=1.9s rollout=32.2s
[it 8] snaps=32 rollouts=128 spread=+1.118 pg=-0.2457 kl=0.08989 34s
  [timing] inject=1.9s rollout=32.5s
[it 9] snaps=32 rollouts=128 spread=+1.223 pg=-0.3263 kl=0.08412 34s
  [timing] inject=1.9s rollout=31.2s
[it 10] snaps=32 rollouts=128 spread=+1.132 pg=-0.2331 kl=0.09090 33s
[it 10] eval: 胜率 21.8%, 场均 -0.23
  [timing] inject=1.9s rollout=33.1s
[it 11] snaps=32 rollouts=128 spread=+1.164 pg=-0.2088 kl=0.10457 35s
  [timing] inject=1.6s rollout=27.3s
[it 12] snaps=28 rollouts=112 spread=+0.818 pg=-0.3182 kl=0.08716 29s
  [timing] inject=1.9s rollout=31.2s
[it 13] snaps=32 rollouts=128 spread=+1.060 pg=-0.1758 kl=0.14177 33s
  [timing] inject=1.9s rollout=27.4s
[it 14] snaps=30 rollouts=120 spread=+1.195 pg=-0.3070 kl=0.06326 29s
  [timing] inject=2.1s rollout=32.1s
[it 15] snaps=32 rollouts=128 spread=+1.253 pg=-0.4237 kl=0.13225 34s
  [timing] inject=1.7s rollout=27.1s
[it 16] snaps=29 rollouts=116 spread=+0.978 pg=-0.1118 kl=0.13661 29s
  [timing] inject=1.7s rollout=28.2s
[it 17] snaps=30 rollouts=120 spread=+1.214 pg=0.0648 kl=0.10014 30s
  [timing] inject=1.7s rollout=27.3s
[it 18] snaps=30 rollouts=120 spread=+1.160 pg=-0.2138 kl=0.09378 29s
  [timing] inject=1.8s rollout=31.7s
[it 19] snaps=31 rollouts=124 spread=+1.330 pg=-0.4318 kl=0.06590 34s
  [timing] inject=1.7s rollout=27.2s
[it 20] snaps=30 rollouts=120 spread=+1.387 pg=-0.4114 kl=0.07921 29s
[it 20] eval: 胜率 25.2%, 场均 +0.15 ★
  [timing] inject=1.7s rollout=26.9s
[it 21] snaps=29 rollouts=116 spread=+1.333 pg=-0.5812 kl=0.07349 29s
  [timing] inject=1.9s rollout=32.8s
[it 22] snaps=32 rollouts=128 spread=+0.875 pg=-0.0926 kl=0.09946 35s
  [timing] inject=1.9s rollout=32.2s
[it 23] snaps=31 rollouts=124 spread=+1.527 pg=-0.3639 kl=0.07397 34s
  [timing] inject=1.8s rollout=29.1s
[it 24] snaps=31 rollouts=124 spread=+1.236 pg=-0.3822 kl=0.07284 31s
  [timing] inject=1.5s rollout=26.1s
[it 25] snaps=25 rollouts=100 spread=+1.545 pg=-0.7529 kl=0.08529 28s
  [timing] inject=1.9s rollout=31.7s
[it 26] snaps=31 rollouts=124 spread=+1.129 pg=-0.2176 kl=0.10144 34s
  [timing] inject=1.9s rollout=31.1s
[it 27] snaps=32 rollouts=128 spread=+1.083 pg=-0.2269 kl=0.11710 33s
  [timing] inject=1.9s rollout=32.7s
[it 28] snaps=32 rollouts=128 spread=+1.355 pg=-0.0477 kl=0.07133 35s
  [timing] inject=1.8s rollout=28.0s
[it 29] snaps=29 rollouts=116 spread=+1.300 pg=-0.3123 kl=0.07571 30s
  [timing] inject=1.8s rollout=30.2s
[it 30] snaps=31 rollouts=124 spread=+1.325 pg=-0.3078 kl=0.11437 32s
[it 30] eval: 胜率 22.8%, 场均 -0.23
