[it 0] init baseline: 胜率 23.8%, 场均 -0.02
  [timing] inject=2.6s rollout=226.5s
[it 1] snaps=32 rollouts=128 spread=+0.907 pg=-0.1757 kl=0.10365 229s
  [timing] inject=2.7s rollout=191.3s
[it 2] snaps=32 rollouts=128 spread=+0.901 pg=-0.1776 kl=0.12036 194s
  [timing] inject=1.9s rollout=193.5s
[it 3] snaps=32 rollouts=128 spread=+0.843 pg=-0.0909 kl=0.14185 195s
  [timing] inject=1.8s rollout=211.3s
[it 4] snaps=30 rollouts=120 spread=+0.950 pg=-0.2688 kl=0.11217 213s
  [timing] inject=2.7s rollout=197.7s
[it 5] snaps=32 rollouts=128 spread=+0.929 pg=-0.2806 kl=0.08821 200s
  [timing] inject=2.0s rollout=200.8s
[it 6] snaps=32 rollouts=128 spread=+0.902 pg=-0.1774 kl=0.13466 203s
  [timing] inject=2.1s rollout=171.8s
[it 7] snaps=28 rollouts=112 spread=+0.827 pg=-0.1338 kl=0.13751 174s
  [timing] inject=1.9s rollout=196.7s
[it 8] snaps=32 rollouts=128 spread=+0.806 pg=-0.2269 kl=0.13999 199s
  [timing] inject=1.9s rollout=200.3s
[it 9] snaps=32 rollouts=128 spread=+1.048 pg=-0.1587 kl=0.24602 202s
  [timing] inject=2.3s rollout=190.9s
[it 10] snaps=32 rollouts=128 spread=+0.698 pg=-0.0714 kl=0.19446 193s
[it 10] eval: 胜率 26.2%, 场均 +0.27 ★
  [timing] inject=1.9s rollout=193.6s
[it 11] snaps=32 rollouts=128 spread=+0.953 pg=-0.1841 kl=0.20309 196s
  [timing] inject=1.6s rollout=172.8s
[it 12] snaps=28 rollouts=112 spread=+0.977 pg=-0.3279 kl=0.10657 174s
  [timing] inject=2.2s rollout=202.4s
[it 13] snaps=32 rollouts=128 spread=+0.968 pg=-0.1294 kl=0.25095 205s
  [timing] inject=2.4s rollout=184.6s
[it 14] snaps=30 rollouts=120 spread=+0.970 pg=-0.1222 kl=0.16054 187s
  [timing] inject=2.0s rollout=192.9s
[it 15] snaps=32 rollouts=128 spread=+0.916 pg=-0.3422 kl=0.15129 195s
  [timing] inject=1.7s rollout=212.7s
[it 16] snaps=29 rollouts=116 spread=+0.703 pg=0.0026 kl=0.16355 214s
  [timing] inject=1.9s rollout=185.8s
[it 17] snaps=30 rollouts=120 spread=+0.844 pg=-0.0737 kl=0.07477 188s
  [timing] inject=2.3s rollout=187.6s
[it 18] snaps=30 rollouts=120 spread=+1.178 pg=-0.1541 kl=0.08814 190s
  [timing] inject=3.0s rollout=227.2s
[it 19] snaps=31 rollouts=124 spread=+1.089 pg=-0.4746 kl=0.11481 230s
  [timing] inject=2.0s rollout=183.7s
[it 20] snaps=30 rollouts=120 spread=+0.937 pg=-0.3006 kl=0.07981 186s
[it 20] eval: 胜率 21.5%, 场均 -0.19
  [timing] inject=1.7s rollout=178.0s
[it 21] snaps=29 rollouts=116 spread=+1.018 pg=-0.5243 kl=0.08699 180s
  [timing] inject=2.4s rollout=194.2s
[it 22] snaps=32 rollouts=128 spread=+0.836 pg=0.0126 kl=0.09179 197s
  [timing] inject=1.9s rollout=190.8s
[it 23] snaps=31 rollouts=124 spread=+0.970 pg=-0.1941 kl=0.07189 193s
  [timing] inject=1.8s rollout=184.3s
[it 24] snaps=31 rollouts=124 spread=+0.880 pg=-0.3291 kl=0.07673 186s
  [timing] inject=1.6s rollout=160.3s
[it 25] snaps=25 rollouts=100 spread=+1.207 pg=-0.6153 kl=0.11843 162s
  [timing] inject=2.1s rollout=191.5s
[it 26] snaps=31 rollouts=124 spread=+0.858 pg=-0.1223 kl=0.24030 194s
  [timing] inject=1.9s rollout=197.7s
[it 27] snaps=32 rollouts=128 spread=+0.857 pg=-0.0679 kl=0.14956 200s
  [timing] inject=2.0s rollout=195.3s
[it 28] snaps=32 rollouts=128 spread=+0.922 pg=-0.1718 kl=0.09109 197s
  [timing] inject=1.8s rollout=173.9s
[it 29] snaps=29 rollouts=116 spread=+0.901 pg=-0.2313 kl=0.11031 176s
  [timing] inject=1.9s rollout=196.4s
[it 30] snaps=31 rollouts=124 spread=+0.949 pg=-0.2296 kl=0.08798 198s
[it 30] eval: 胜率 26.5%, 场均 +0.12
