[it 0] init baseline: 胜率 23.8%, 场均 -0.02
  [timing] inject=2.6s rollout=226.8s
[it 1] snaps=32 rollouts=128 spread=+3.782 pg=-0.2353 kl=0.01021 229s
  [timing] inject=2.0s rollout=196.3s
[it 2] snaps=32 rollouts=128 spread=+4.604 pg=-0.0870 kl=0.05248 198s
  [timing] inject=1.9s rollout=199.3s
[it 3] snaps=32 rollouts=128 spread=+3.826 pg=-0.1474 kl=0.06805 201s
  [timing] inject=1.8s rollout=217.5s
[it 4] snaps=30 rollouts=120 spread=+3.748 pg=-0.1731 kl=0.10041 219s
  [timing] inject=3.4s rollout=200.5s
[it 5] snaps=32 rollouts=128 spread=+3.151 pg=-0.1392 kl=0.12889 204s
  [timing] inject=2.0s rollout=196.5s
[it 6] snaps=32 rollouts=128 spread=+4.889 pg=-0.0183 kl=0.11308 199s
  [timing] inject=2.0s rollout=182.6s
[it 7] snaps=28 rollouts=112 spread=+3.268 pg=0.2062 kl=0.12858 185s
  [timing] inject=1.9s rollout=199.0s
[it 8] snaps=32 rollouts=128 spread=+3.646 pg=-0.0632 kl=0.13839 201s
  [timing] inject=1.9s rollout=201.7s
[it 9] snaps=32 rollouts=128 spread=+3.620 pg=0.0666 kl=0.15255 204s
  [timing] inject=2.3s rollout=193.1s
[it 10] snaps=32 rollouts=128 spread=+3.963 pg=-0.1666 kl=0.15894 195s
[it 10] eval: 胜率 23.5%, 场均 -0.11
  [timing] inject=2.5s rollout=195.5s
[it 11] snaps=32 rollouts=128 spread=+4.228 pg=-0.0413 kl=0.23218 198s
  [timing] inject=1.6s rollout=176.1s
[it 12] snaps=28 rollouts=112 spread=+3.525 pg=-0.0395 kl=0.16097 178s
  [timing] inject=2.2s rollout=197.4s
[it 13] snaps=32 rollouts=128 spread=+3.766 pg=-0.0853 kl=0.17630 200s
  [timing] inject=2.5s rollout=178.9s
[it 14] snaps=30 rollouts=120 spread=+3.081 pg=-0.0020 kl=0.25383 181s
  [timing] inject=2.0s rollout=194.7s
[it 15] snaps=32 rollouts=128 spread=+3.394 pg=-0.1156 kl=0.16665 197s
  [timing] inject=1.6s rollout=213.7s
[it 16] snaps=29 rollouts=116 spread=+3.719 pg=0.0558 kl=0.20783 215s
  [timing] inject=1.9s rollout=183.8s
[it 17] snaps=30 rollouts=120 spread=+5.155 pg=-0.0112 kl=0.13694 186s
  [timing] inject=2.1s rollout=186.1s
[it 18] snaps=30 rollouts=120 spread=+3.276 pg=-0.1701 kl=0.09738 188s
  [timing] inject=2.5s rollout=223.6s
[it 19] snaps=31 rollouts=124 spread=+2.868 pg=-0.2621 kl=0.11509 226s
  [timing] inject=1.9s rollout=184.7s
[it 20] snaps=30 rollouts=120 spread=+4.882 pg=-0.0457 kl=0.08225 187s
[it 20] eval: 胜率 23.2%, 场均 -0.15
  [timing] inject=1.9s rollout=178.9s
[it 21] snaps=29 rollouts=116 spread=+4.943 pg=-0.0727 kl=0.09758 181s
  [timing] inject=2.7s rollout=203.1s
[it 22] snaps=32 rollouts=128 spread=+4.438 pg=0.1655 kl=0.08221 206s
  [timing] inject=1.9s rollout=190.3s
[it 23] snaps=31 rollouts=124 spread=+4.184 pg=0.0372 kl=0.06655 192s
  [timing] inject=1.8s rollout=183.3s
[it 24] snaps=31 rollouts=124 spread=+3.465 pg=0.1491 kl=0.07988 185s
  [timing] inject=1.5s rollout=160.9s
[it 25] snaps=25 rollouts=100 spread=+4.872 pg=-0.2505 kl=0.11890 163s
  [timing] inject=2.1s rollout=189.9s
[it 26] snaps=31 rollouts=124 spread=+2.593 pg=-0.0479 kl=0.14455 192s
  [timing] inject=1.9s rollout=198.3s
[it 27] snaps=32 rollouts=128 spread=+4.309 pg=-0.0443 kl=0.13567 200s
  [timing] inject=1.9s rollout=193.5s
[it 28] snaps=32 rollouts=128 spread=+3.929 pg=-0.0235 kl=0.08858 196s
  [timing] inject=1.7s rollout=178.8s
[it 29] snaps=29 rollouts=116 spread=+2.209 pg=-0.0440 kl=0.11073 181s
  [timing] inject=1.8s rollout=208.2s
[it 30] snaps=31 rollouts=124 spread=+3.053 pg=0.0019 kl=0.10322 210s
[it 30] eval: 胜率 24.0%, 场均 -0.01 ★
