初始化: models/dqn_shaped_100k_best.pt
[it 0] init baseline: 胜率 23.8%, 场均 -0.02
/home/zuofengrui.zfr/mahjong159/.venv-jax/lib/python3.10/site-packages/jax/_src/ops/scatter.py:108: FutureWarning: scatter inputs have incompatible types: cannot safely cast value from dtype=int32 to dtype=bool with jax_numpy_dtype_promotion='standard'. In future JAX releases this will result in an error.
  warnings.warn(
[it 1] snaps=32 rollouts=128 spread=+0.209 pg=0.0074 kl=0.00000 867s
/opt/conda/envs/python3.10/lib/python3.10/multiprocessing/popen_fork.py:66: RuntimeWarning: os.fork() was called. os.fork() is incompatible with multithreaded code, and JAX is multithreaded, so this will likely lead to a deadlock.
  self.pid = os.fork()
[it 2] snaps=32 rollouts=128 spread=+0.208 pg=-0.0361 kl=0.08391 394s
[it 3] snaps=32 rollouts=128 spread=+0.232 pg=0.0001 kl=0.22817 401s
[it 4] snaps=30 rollouts=120 spread=+0.280 pg=-0.0587 kl=0.19735 644s
[it 5] snaps=32 rollouts=128 spread=+0.127 pg=0.0022 kl=0.12563 390s
[it 6] snaps=32 rollouts=128 spread=+0.281 pg=-0.0293 kl=0.09346 401s
[it 7] snaps=28 rollouts=112 spread=+0.214 pg=-0.0066 kl=0.16157 508s
[it 8] snaps=32 rollouts=128 spread=+0.224 pg=-0.0276 kl=0.11597 396s
[it 9] snaps=32 rollouts=128 spread=+0.191 pg=0.0174 kl=0.09780 401s
[it 10] snaps=32 rollouts=128 spread=+0.242 pg=-0.0526 kl=0.10937 393s
[it 10] eval: 胜率 23.0%, 场均 -0.11
[it 11] snaps=32 rollouts=128 spread=+0.209 pg=-0.0234 kl=0.16430 395s
[it 12] snaps=28 rollouts=112 spread=+0.314 pg=-0.0773 kl=0.11935 351s
[it 13] snaps=32 rollouts=128 spread=+0.225 pg=-0.0099 kl=0.23555 396s
[it 14] snaps=30 rollouts=120 spread=+0.217 pg=-0.0340 kl=0.11284 367s
[it 15] snaps=32 rollouts=128 spread=+0.334 pg=-0.0467 kl=0.11300 389s
[it 16] snaps=29 rollouts=116 spread=+0.160 pg=0.0158 kl=0.12536 762s
[it 17] snaps=30 rollouts=120 spread=+0.283 pg=-0.0334 kl=0.09110 360s
[it 18] snaps=30 rollouts=120 spread=+0.243 pg=0.0016 kl=0.08289 373s
[it 19] snaps=31 rollouts=124 spread=+0.221 pg=-0.0264 kl=0.08629 702s
[it 20] snaps=30 rollouts=120 spread=+0.278 pg=-0.1014 kl=0.08594 370s
[it 20] eval: 胜率 23.2%, 场均 -0.18
[it 21] snaps=29 rollouts=116 spread=+0.225 pg=-0.1315 kl=0.08382 354s
[it 22] snaps=32 rollouts=128 spread=+0.252 pg=0.0086 kl=0.11497 410s
[it 23] snaps=31 rollouts=124 spread=+0.286 pg=-0.0368 kl=0.09323 386s
[it 24] snaps=31 rollouts=124 spread=+0.131 pg=-0.0231 kl=0.06015 377s
[it 25] snaps=25 rollouts=100 spread=+0.286 pg=0.0218 kl=0.09177 525s
[it 26] snaps=31 rollouts=124 spread=+0.188 pg=-0.0463 kl=0.09954 381s
[it 27] snaps=32 rollouts=128 spread=+0.192 pg=0.0102 kl=0.10373 401s
[it 28] snaps=32 rollouts=128 spread=+0.207 pg=-0.0138 kl=0.12118 393s
[it 29] snaps=29 rollouts=116 spread=+0.265 pg=-0.0629 kl=0.10230 345s
[it 30] snaps=31 rollouts=124 spread=+0.302 pg=-0.0385 kl=0.11976 397s
[it 30] eval: 胜率 25.5%, 场均 +0.21 ★
