初始化: models/dqn_shaped_100k_best.pt
[it 0] init baseline: 胜率 23.8%, 场均 -0.02
/home/zuofengrui.zfr/mahjong159/.venv-jax/lib/python3.10/site-packages/jax/_src/ops/scatter.py:108: FutureWarning: scatter inputs have incompatible types: cannot safely cast value from dtype=int32 to dtype=bool with jax_numpy_dtype_promotion='standard'. In future JAX releases this will result in an error.
  warnings.warn(
/home/zuofengrui.zfr/mahjong159/.venv-jax/lib/python3.10/site-packages/jax/_src/ops/scatter.py:108: FutureWarning: scatter inputs have incompatible types: cannot safely cast value from dtype=int32 to dtype=bool with jax_numpy_dtype_promotion='standard'. In future JAX releases this will result in an error.
  warnings.warn(
/home/zuofengrui.zfr/mahjong159/.venv-jax/lib/python3.10/site-packages/jax/_src/ops/scatter.py:108: FutureWarning: scatter inputs have incompatible types: cannot safely cast value from dtype=int32 to dtype=bool with jax_numpy_dtype_promotion='standard'. In future JAX releases this will result in an error.
  warnings.warn(
/home/zuofengrui.zfr/mahjong159/.venv-jax/lib/python3.10/site-packages/jax/_src/ops/scatter.py:108: FutureWarning: scatter inputs have incompatible types: cannot safely cast value from dtype=int32 to dtype=bool with jax_numpy_dtype_promotion='standard'. In future JAX releases this will result in an error.
  warnings.warn(
/home/zuofengrui.zfr/mahjong159/.venv-jax/lib/python3.10/site-packages/jax/_src/ops/scatter.py:108: FutureWarning: scatter inputs have incompatible types: cannot safely cast value from dtype=int32 to dtype=bool with jax_numpy_dtype_promotion='standard'. In future JAX releases this will result in an error.
  warnings.warn(
/home/zuofengrui.zfr/mahjong159/.venv-jax/lib/python3.10/site-packages/jax/_src/ops/scatter.py:108: FutureWarning: scatter inputs have incompatible types: cannot safely cast value from dtype=int32 to dtype=bool with jax_numpy_dtype_promotion='standard'. In future JAX releases this will result in an error.
  warnings.warn(
[it 1] snaps=32 rollouts=128 spread=+1.190 pg=-0.0746 kl=0.00000 969s
/opt/conda/envs/python3.10/lib/python3.10/multiprocessing/popen_fork.py:66: RuntimeWarning: os.fork() was called. os.fork() is incompatible with multithreaded code, and JAX is multithreaded, so this will likely lead to a deadlock.
  self.pid = os.fork()
[it 2] snaps=32 rollouts=128 spread=+1.307 pg=-0.1941 kl=0.01081 202s
[it 3] snaps=32 rollouts=128 spread=+1.269 pg=-0.1731 kl=0.03477 162s
[it 4] snaps=30 rollouts=120 spread=+1.318 pg=-0.3153 kl=0.04165 28s
[it 5] snaps=32 rollouts=128 spread=+1.241 pg=-0.2559 kl=0.07399 32s
[it 6] snaps=32 rollouts=128 spread=+1.096 pg=-0.2998 kl=0.06755 32s
[it 7] snaps=28 rollouts=112 spread=+1.310 pg=-0.2866 kl=0.07032 28s
[it 8] snaps=32 rollouts=128 spread=+1.135 pg=-0.2027 kl=0.06838 33s
[it 9] snaps=32 rollouts=128 spread=+1.154 pg=-0.2158 kl=0.08161 33s
[it 10] snaps=32 rollouts=128 spread=+1.043 pg=-0.1369 kl=0.08055 34s
[it 10] eval: 胜率 24.0%, 场均 +0.10 ★
[it 11] snaps=32 rollouts=128 spread=+1.114 pg=-0.1821 kl=0.07518 34s
[it 12] snaps=28 rollouts=112 spread=+0.939 pg=-0.3016 kl=0.06820 29s
[it 13] snaps=32 rollouts=128 spread=+1.224 pg=-0.1827 kl=0.07382 35s
[it 14] snaps=30 rollouts=120 spread=+1.240 pg=-0.1783 kl=0.03814 29s
[it 15] snaps=32 rollouts=128 spread=+1.267 pg=-0.3222 kl=0.09073 33s
[it 16] snaps=29 rollouts=116 spread=+1.031 pg=-0.0379 kl=0.07981 30s
[it 17] snaps=30 rollouts=120 spread=+1.170 pg=-0.0095 kl=0.05508 28s
[it 18] snaps=30 rollouts=120 spread=+1.113 pg=-0.1401 kl=0.04864 30s
[it 19] snaps=31 rollouts=124 spread=+1.322 pg=-0.4319 kl=0.03208 31s
[it 20] snaps=30 rollouts=120 spread=+1.353 pg=-0.3286 kl=0.03529 29s
[it 20] eval: 胜率 23.8%, 场均 +0.05
[it 21] snaps=29 rollouts=116 spread=+1.423 pg=-0.4991 kl=0.03551 29s
[it 22] snaps=32 rollouts=128 spread=+0.822 pg=-0.0640 kl=0.04358 35s
[it 23] snaps=31 rollouts=124 spread=+1.405 pg=-0.3486 kl=0.03720 34s
[it 24] snaps=31 rollouts=124 spread=+1.182 pg=-0.2553 kl=0.03721 32s
[it 25] snaps=25 rollouts=100 spread=+1.486 pg=-0.7219 kl=0.05236 28s
/opt/conda/envs/python3.10/lib/python3.10/multiprocessing/resource_tracker.py:224: UserWarning: resource_tracker: There appear to be 6 leaked semaphore objects to clean up at shutdown
  warnings.warn('resource_tracker: There appear to be %d '
