[it 0] init baseline: 胜率 23.8%, 场均 -0.02
  [timing] inject=2.6s rollout=227.5s
[it 1] snaps=32 rollouts=128 spread=+0.907 pg=-0.0894 kl=0.00108 230s
  [timing] inject=2.1s rollout=194.2s
[it 2] snaps=32 rollouts=128 spread=+0.919 pg=-0.1558 kl=0.00668 196s
  [timing] inject=1.9s rollout=199.8s
[it 3] snaps=32 rollouts=128 spread=+0.846 pg=-0.0937 kl=0.01839 202s
  [timing] inject=1.8s rollout=217.6s
[it 4] snaps=30 rollouts=120 spread=+0.984 pg=-0.2233 kl=0.02482 220s
  [timing] inject=2.4s rollout=196.3s
[it 5] snaps=32 rollouts=128 spread=+0.832 pg=-0.2511 kl=0.03717 199s
  [timing] inject=2.0s rollout=194.3s
[it 6] snaps=32 rollouts=128 spread=+0.934 pg=-0.2571 kl=0.02817 196s
  [timing] inject=2.1s rollout=179.1s
[it 7] snaps=28 rollouts=112 spread=+0.826 pg=-0.0153 kl=0.03587 181s
  [timing] inject=1.9s rollout=194.8s
[it 8] snaps=32 rollouts=128 spread=+0.949 pg=-0.2344 kl=0.04035 197s
  [timing] inject=1.9s rollout=198.4s
[it 9] snaps=32 rollouts=128 spread=+0.982 pg=-0.1749 kl=0.05006 200s
  [timing] inject=2.3s rollout=197.7s
[it 10] snaps=32 rollouts=128 spread=+0.797 pg=-0.0306 kl=0.05859 200s
[it 10] eval: 胜率 23.2%, 场均 -0.07
  [timing] inject=1.9s rollout=191.4s
[it 11] snaps=32 rollouts=128 spread=+0.845 pg=-0.1831 kl=0.04732 193s
  [timing] inject=1.6s rollout=183.1s
[it 12] snaps=28 rollouts=112 spread=+0.940 pg=-0.3334 kl=0.03315 185s
  [timing] inject=2.3s rollout=202.6s
[it 13] snaps=32 rollouts=128 spread=+0.961 pg=-0.1739 kl=0.04123 205s
  [timing] inject=2.4s rollout=188.9s
[it 14] snaps=30 rollouts=120 spread=+0.985 pg=-0.1387 kl=0.02580 191s
  [timing] inject=2.0s rollout=194.0s
[it 15] snaps=32 rollouts=128 spread=+0.873 pg=-0.3578 kl=0.04851 196s
  [timing] inject=1.7s rollout=214.3s
[it 16] snaps=29 rollouts=116 spread=+0.725 pg=0.0251 kl=0.04100 216s
  [timing] inject=1.9s rollout=183.8s
[it 17] snaps=30 rollouts=120 spread=+0.836 pg=0.0261 kl=0.03194 186s
  [timing] inject=2.2s rollout=185.8s
[it 18] snaps=30 rollouts=120 spread=+1.103 pg=-0.1251 kl=0.02291 188s
  [timing] inject=2.4s rollout=225.2s
[it 19] snaps=31 rollouts=124 spread=+1.233 pg=-0.3661 kl=0.03274 228s
  [timing] inject=2.0s rollout=186.1s
[it 20] snaps=30 rollouts=120 spread=+0.996 pg=-0.2964 kl=0.03441 188s
[it 20] eval: 胜率 23.2%, 场均 -0.04
  [timing] inject=1.7s rollout=185.4s
[it 21] snaps=29 rollouts=116 spread=+0.987 pg=-0.4387 kl=0.03232 187s
  [timing] inject=2.3s rollout=198.0s
[it 22] snaps=32 rollouts=128 spread=+0.883 pg=-0.0022 kl=0.03411 200s
  [timing] inject=2.0s rollout=190.7s
[it 23] snaps=31 rollouts=124 spread=+1.005 pg=-0.1556 kl=0.02926 193s
  [timing] inject=1.8s rollout=188.3s
[it 24] snaps=31 rollouts=124 spread=+0.825 pg=-0.2981 kl=0.02791 190s
  [timing] inject=1.5s rollout=157.8s
[it 25] snaps=25 rollouts=100 spread=+1.301 pg=-0.5367 kl=0.03712 159s
  [timing] inject=2.1s rollout=188.9s
[it 26] snaps=31 rollouts=124 spread=+0.716 pg=-0.1381 kl=0.03728 191s
  [timing] inject=2.0s rollout=194.3s
[it 27] snaps=32 rollouts=128 spread=+0.879 pg=-0.0971 kl=0.02960 196s
  [timing] inject=2.0s rollout=199.4s
[it 28] snaps=32 rollouts=128 spread=+0.924 pg=-0.1216 kl=0.02390 201s
  [timing] inject=1.7s rollout=182.3s
[it 29] snaps=29 rollouts=116 spread=+0.944 pg=-0.3070 kl=0.02455 184s
  [timing] inject=1.8s rollout=193.5s
[it 30] snaps=31 rollouts=124 spread=+0.922 pg=-0.2020 kl=0.03078 195s
[it 30] eval: 胜率 23.5%, 场均 -0.03
