起点/冻结版 = models/bc_k0_r2.pt (size=small)
iter    1 样本 4174 步 36/4ep pi -0.0335 ent 1.02 kl +0.0098 clip 0.15 klref 0.009 adv标准差 2.079 四座位比分差 -1.120±0.372 采集25.0s
iter    2 样本 4285 步 36/4ep pi -0.0309 ent 1.04 kl +0.0080 clip 0.09 klref 0.013 adv标准差 2.292 四座位比分差 -0.607±0.398 采集22.4s
iter    3 样本 4208 步 36/4ep pi -0.0238 ent 0.95 kl +0.0090 clip 0.10 klref 0.021 adv标准差 2.473 四座位比分差 -0.799±0.384 采集19.8s
iter    4 样本 4164 步 36/4ep pi -0.0215 ent 0.99 kl +0.0094 clip 0.10 klref 0.034 adv标准差 2.387 四座位比分差 -1.573±0.359 采集17.3s
iter    5 样本 4228 步 36/4ep pi -0.0257 ent 1.00 kl +0.0057 clip 0.10 klref 0.036 adv标准差 2.108 四座位比分差 -1.424±0.340 采集20.0s
iter    6 样本 4311 步 36/4ep pi -0.0233 ent 0.99 kl +0.0068 clip 0.11 klref 0.043 adv标准差 2.306 四座位比分差 -1.362±0.336 采集24.5s
iter    7 样本 4248 步 36/4ep pi -0.0245 ent 0.98 kl +0.0112 clip 0.13 klref 0.047 adv标准差 2.190 四座位比分差 -0.648±0.353 采集18.0s
iter    8 样本 4164 步 36/4ep pi -0.0289 ent 0.96 kl +0.0076 clip 0.10 klref 0.052 adv标准差 2.268 四座位比分差 -0.995±0.371 采集21.2s
iter    9 样本 4234 步 36/4ep pi -0.0299 ent 0.96 kl +0.0095 clip 0.12 klref 0.061 adv标准差 2.351 四座位比分差 -0.589±0.354 采集23.9s
iter   10 样本 3994 步 32/4ep pi -0.0245 ent 0.97 kl +0.0074 clip 0.12 klref 0.068 adv标准差 2.299 四座位比分差 -0.263±0.307 采集38.2s
iter   11 样本 4284 步 36/4ep pi -0.0268 ent 0.96 kl +0.0082 clip 0.11 klref 0.071 adv标准差 2.360 四座位比分差 -1.797±0.399 采集20.7s
iter   12 样本 4165 步 36/4ep pi -0.0211 ent 0.93 kl +0.0071 clip 0.12 klref 0.074 adv标准差 2.425 四座位比分差 -0.646±0.368 采集23.0s
iter   13 样本 4320 步 36/4ep pi -0.0262 ent 0.91 kl +0.0074 clip 0.11 klref 0.077 adv标准差 2.228 四座位比分差 -1.411±0.349 采集21.6s
iter   14 样本 4320 步 36/4ep pi -0.0266 ent 0.94 kl +0.0105 clip 0.10 klref 0.087 adv标准差 2.387 四座位比分差 -1.359±0.339 采集20.9s
iter   15 样本 4215 步 36/4ep pi -0.0219 ent 0.92 kl +0.0069 clip 0.11 klref 0.090 adv标准差 2.456 四座位比分差 -1.013±0.375 采集36.7s
   [评估 vs v31n] 名次差 -0.214±0.070 (t=-3.0)
iter   16 样本 4255 步 36/4ep pi -0.0198 ent 0.89 kl +0.0043 clip 0.11 klref 0.097 adv标准差 2.298 四座位比分差 -0.776±0.334 采集20.8s
iter   17 样本 4208 步 36/4ep pi -0.0149 ent 0.91 kl +0.0076 clip 0.12 klref 0.106 adv标准差 2.355 四座位比分差 -0.753±0.378 采集16.9s
iter   18 样本 4170 步 36/4ep pi -0.0210 ent 0.93 kl +0.0059 clip 0.10 klref 0.105 adv标准差 2.291 四座位比分差 -1.203±0.351 采集17.1s
iter   19 样本 4389 步 36/4ep pi -0.0209 ent 0.91 kl +0.0073 clip 0.09 klref 0.108 adv标准差 2.209 四座位比分差 -1.086±0.332 采集21.9s
iter   20 样本 4150 步 36/4ep pi -0.0326 ent 0.92 kl +0.0089 clip 0.11 klref 0.099 adv标准差 2.097 四座位比分差 -0.680±0.371 采集21.5s
iter   21 样本 4163 步 36/4ep pi -0.0013 ent 0.90 kl +0.0073 clip 0.10 klref 0.107 adv标准差 2.235 四座位比分差 -0.875±0.381 采集20.0s
iter   22 样本 4247 步 36/4ep pi -0.0222 ent 0.90 kl +0.0088 clip 0.10 klref 0.101 adv标准差 2.341 四座位比分差 -1.102±0.350 采集21.2s
iter   23 样本 4177 步 36/4ep pi -0.0220 ent 0.89 kl +0.0091 clip 0.11 klref 0.102 adv标准差 2.418 四座位比分差 -0.740±0.395 采集20.9s
iter   24 样本 4019 步 32/4ep pi -0.0211 ent 0.89 kl +0.0070 clip 0.11 klref 0.113 adv标准差 2.298 四座位比分差 -0.797±0.328 采集17.8s
iter   25 样本 4217 步 36/4ep pi -0.0160 ent 0.88 kl +0.0066 clip 0.11 klref 0.111 adv标准差 2.183 四座位比分差 -1.841±0.366 采集23.1s
iter   26 样本 4182 步 36/4ep pi -0.0183 ent 0.89 kl +0.0102 clip 0.11 klref 0.120 adv标准差 2.370 四座位比分差 -1.302±0.370 采集21.8s
iter   27 样本 4267 步 36/4ep pi -0.0251 ent 0.88 kl +0.0087 clip 0.11 klref 0.116 adv标准差 2.320 四座位比分差 -1.156±0.348 采集20.8s
iter   28 样本 4042 步 32/4ep pi -0.0201 ent 0.91 kl +0.0124 clip 0.12 klref 0.111 adv标准差 2.486 四座位比分差 -0.557±0.357 采集23.4s
iter   29 样本 4190 步 36/4ep pi -0.0258 ent 0.88 kl +0.0076 clip 0.11 klref 0.117 adv标准差 2.362 四座位比分差 -1.003±0.377 采集24.8s
iter   30 样本 3996 步 32/4ep pi -0.0194 ent 0.88 kl +0.0064 clip 0.11 klref 0.114 adv标准差 2.359 四座位比分差 -0.750±0.348 采集25.7s
   [评估 vs v31n] 名次差 -0.216±0.070 (t=-3.1)
iter   31 样本 4260 步 36/4ep pi -0.0222 ent 0.88 kl +0.0094 clip 0.12 klref 0.120 adv标准差 2.312 四座位比分差 -1.773±0.387 采集21.3s
iter   32 样本 4184 步 36/4ep pi -0.0293 ent 0.87 kl +0.0074 clip 0.11 klref 0.123 adv标准差 2.248 四座位比分差 -1.122±0.377 采集21.1s
iter   33 样本 4223 步 36/4ep pi -0.0195 ent 0.88 kl +0.0090 clip 0.11 klref 0.122 adv标准差 2.496 四座位比分差 -0.719±0.403 采集18.4s
iter   34 样本 4149 步 36/4ep pi -0.0160 ent 0.85 kl +0.0062 clip 0.11 klref 0.126 adv标准差 2.316 四座位比分差 -1.102±0.401 采集28.2s
iter   35 样本 4160 步 36/4ep pi -0.0271 ent 0.85 kl +0.0082 clip 0.10 klref 0.130 adv标准差 2.393 四座位比分差 -1.083±0.341 采集24.7s
iter   36 样本 4183 步 36/4ep pi -0.0227 ent 0.84 kl +0.0072 clip 0.11 klref 0.132 adv标准差 2.409 四座位比分差 -0.841±0.361 采集23.1s
iter   37 样本 4215 步 36/4ep pi -0.0204 ent 0.86 kl +0.0044 clip 0.09 klref 0.131 adv标准差 2.324 四座位比分差 -1.521±0.348 采集22.7s
iter   38 样本 4130 步 36/4ep pi -0.0184 ent 0.87 kl +0.0092 clip 0.12 klref 0.143 adv标准差 2.324 四座位比分差 -0.466±0.397 采集23.6s
iter   39 样本 4260 步 36/4ep pi -0.0177 ent 0.85 kl +0.0084 clip 0.11 klref 0.153 adv标准差 2.474 四座位比分差 -0.951±0.415 采集20.0s
iter   40 样本 4108 步 36/4ep pi -0.0123 ent 0.82 kl +0.0046 clip 0.10 klref 0.145 adv标准差 2.187 四座位比分差 -1.211±0.350 采集28.3s
iter   41 样本 4193 步 36/4ep pi -0.0201 ent 0.82 kl +0.0119 clip 0.12 klref 0.153 adv标准差 2.279 四座位比分差 -1.367±0.373 采集16.1s
iter   42 样本 4257 步 36/4ep pi -0.0191 ent 0.86 kl +0.0094 clip 0.12 klref 0.163 adv标准差 2.220 四座位比分差 -1.273±0.387 采集24.0s
iter   43 样本 4082 步 32/4ep pi -0.0171 ent 0.81 kl +0.0065 clip 0.09 klref 0.144 adv标准差 2.247 四座位比分差 -0.992±0.363 采集20.3s
iter   44 样本 4243 步 36/4ep pi -0.0219 ent 0.82 kl +0.0067 clip 0.11 klref 0.156 adv标准差 2.268 四座位比分差 -1.786±0.350 采集18.4s
iter   45 样本 4191 步 36/4ep pi -0.0213 ent 0.81 kl +0.0075 clip 0.11 klref 0.154 adv标准差 2.290 四座位比分差 -0.443±0.336 采集20.6s
   [评估 vs v31n] 名次差 -0.226±0.067 (t=-3.4)
iter   46 样本 4071 步 32/4ep pi -0.0180 ent 0.84 kl +0.0080 clip 0.10 klref 0.170 adv标准差 2.265 四座位比分差 -0.958±0.361 采集17.4s
iter   47 样本 4112 步 36/4ep pi -0.0244 ent 0.81 kl +0.0069 clip 0.10 klref 0.162 adv标准差 2.303 四座位比分差 -0.680±0.348 采集24.7s
iter   48 样本 4222 步 36/4ep pi -0.0144 ent 0.82 kl +0.0067 clip 0.09 klref 0.171 adv标准差 2.492 四座位比分差 -0.859±0.352 采集29.7s
iter   49 样本 4213 步 36/4ep pi -0.0160 ent 0.82 kl +0.0122 clip 0.12 klref 0.163 adv标准差 2.365 四座位比分差 -0.753±0.412 采集22.4s
iter   50 样本 4222 步 36/4ep pi -0.0166 ent 0.80 kl +0.0064 clip 0.11 klref 0.164 adv标准差 2.491 四座位比分差 -0.622±0.414 采集21.3s
iter   51 样本 3937 步 32/4ep pi -0.0172 ent 0.81 kl +0.0096 clip 0.10 klref 0.174 adv标准差 2.246 四座位比分差 -0.263±0.354 采集17.9s
iter   52 样本 4137 步 36/4ep pi -0.0150 ent 0.81 kl +0.0112 clip 0.12 klref 0.178 adv标准差 2.263 四座位比分差 -0.703±0.355 采集20.8s
iter   53 样本 4178 步 36/4ep pi -0.0162 ent 0.83 kl +0.0064 clip 0.11 klref 0.173 adv标准差 2.383 四座位比分差 -0.578±0.398 采集25.3s
iter   54 样本 4165 步 36/4ep pi -0.0278 ent 0.82 kl +0.0096 clip 0.11 klref 0.173 adv标准差 2.308 四座位比分差 -0.904±0.385 采集18.2s
iter   55 样本 4252 步 36/4ep pi -0.0138 ent 0.80 kl +0.0067 clip 0.12 klref 0.165 adv标准差 2.367 四座位比分差 -1.232±0.370 采集22.4s
iter   56 样本 4213 步 36/4ep pi -0.0160 ent 0.82 kl +0.0098 clip 0.12 klref 0.179 adv标准差 2.447 四座位比分差 -0.633±0.399 采集19.6s
iter   57 样本 4145 步 36/4ep pi -0.0192 ent 0.78 kl +0.0119 clip 0.11 klref 0.182 adv标准差 2.306 四座位比分差 -1.440±0.350 采集15.1s
iter   58 样本 4214 步 36/4ep pi -0.0123 ent 0.81 kl +0.0104 clip 0.11 klref 0.195 adv标准差 2.591 四座位比分差 -0.667±0.401 采集18.3s
iter   59 样本 4127 步 36/4ep pi -0.0267 ent 0.81 kl +0.0067 clip 0.12 klref 0.194 adv标准差 2.275 四座位比分差 -1.089±0.374 采集23.5s
iter   60 样本 4195 步 36/4ep pi -0.0145 ent 0.78 kl +0.0113 clip 0.12 klref 0.198 adv标准差 2.385 四座位比分差 -0.865±0.431 采集22.1s
   [评估 vs v31n] 名次差 -0.203±0.069 (t=-2.9)
iter   61 样本 4095 步 32/4ep pi -0.0143 ent 0.81 kl +0.0052 clip 0.11 klref 0.201 adv标准差 2.258 四座位比分差 -0.529±0.355 采集22.9s
iter   62 样本 4270 步 36/4ep pi -0.0099 ent 0.79 kl +0.0107 clip 0.11 klref 0.204 adv标准差 2.216 四座位比分差 -1.141±0.377 采集19.8s
iter   63 样本 4070 步 32/4ep pi -0.0157 ent 0.81 kl +0.0108 clip 0.10 klref 0.202 adv标准差 2.471 四座位比分差 -1.258±0.367 采集27.4s
iter   64 样本 4174 步 36/4ep pi -0.0093 ent 0.80 kl +0.0117 clip 0.12 klref 0.197 adv标准差 2.438 四座位比分差 -0.987±0.366 采集19.0s
iter   65 样本 4205 步 36/4ep pi -0.0127 ent 0.81 kl +0.0064 clip 0.11 klref 0.215 adv标准差 2.289 四座位比分差 -1.336±0.362 采集19.3s
iter   66 样本 4307 步 36/4ep pi -0.0172 ent 0.83 kl +0.0101 clip 0.11 klref 0.212 adv标准差 2.222 四座位比分差 -0.990±0.335 采集20.4s
iter   67 样本 4192 步 36/4ep pi -0.0191 ent 0.82 kl +0.0062 clip 0.11 klref 0.215 adv标准差 2.347 四座位比分差 -1.302±0.409 采集26.5s
iter   68 样本 4027 步 32/4ep pi -0.0154 ent 0.84 kl +0.0102 clip 0.11 klref 0.211 adv标准差 2.348 四座位比分差 -0.193±0.363 采集27.5s
iter   69 样本 3922 步 32/4ep pi -0.0111 ent 0.82 kl +0.0107 clip 0.12 klref 0.198 adv标准差 2.089 四座位比分差 +0.174±0.334 采集21.8s
iter   70 样本 4195 步 36/4ep pi -0.0267 ent 0.83 kl +0.0076 clip 0.13 klref 0.214 adv标准差 2.219 四座位比分差 -0.643±0.352 采集23.8s
iter   71 样本 4195 步 36/4ep pi -0.0219 ent 0.81 kl +0.0082 clip 0.11 klref 0.192 adv标准差 2.409 四座位比分差 -0.669±0.374 采集25.9s
iter   72 样本 4181 步 36/4ep pi -0.0272 ent 0.85 kl +0.0097 clip 0.13 klref 0.205 adv标准差 2.323 四座位比分差 -0.716±0.418 采集24.7s
iter   73 样本 4063 步 32/4ep pi -0.0153 ent 0.82 kl +0.0072 clip 0.10 klref 0.190 adv标准差 2.428 四座位比分差 -1.180±0.399 采集19.1s
iter   74 样本 4205 步 36/4ep pi -0.0221 ent 0.82 kl +0.0081 clip 0.11 klref 0.187 adv标准差 2.336 四座位比分差 -1.375±0.383 采集20.9s
iter   75 样本 4228 步 36/4ep pi -0.0177 ent 0.81 kl +0.0082 clip 0.11 klref 0.198 adv标准差 2.369 四座位比分差 -1.010±0.397 采集18.7s
   [评估 vs v31n] 名次差 -0.173±0.067 (t=-2.6)
iter   76 样本 4007 步 32/4ep pi -0.0163 ent 0.84 kl +0.0084 clip 0.11 klref 0.212 adv标准差 2.325 四座位比分差 -0.349±0.374 采集23.8s
iter   77 样本 4154 步 36/4ep pi -0.0154 ent 0.82 kl +0.0084 clip 0.14 klref 0.204 adv标准差 2.367 四座位比分差 -1.370±0.381 采集15.7s
iter   78 样本 4090 步 32/4ep pi -0.0147 ent 0.84 kl +0.0103 clip 0.11 klref 0.213 adv标准差 2.259 四座位比分差 -0.729±0.326 采集19.1s
iter   79 样本 4102 步 36/4ep pi -0.0220 ent 0.83 kl +0.0145 clip 0.11 klref 0.213 adv标准差 2.363 四座位比分差 -0.966±0.332 采集23.3s
iter   80 样本 4095 步 32/4ep pi -0.0137 ent 0.83 kl +0.0078 clip 0.11 klref 0.209 adv标准差 2.468 四座位比分差 -0.961±0.351 采集24.1s
iter   81 样本 4172 步 36/4ep pi -0.0142 ent 0.81 kl +0.0068 clip 0.11 klref 0.207 adv标准差 2.110 四座位比分差 -0.924±0.333 采集17.0s
iter   82 样本 4310 步 36/4ep pi -0.0159 ent 0.83 kl +0.0065 clip 0.11 klref 0.201 adv标准差 2.374 四座位比分差 -1.146±0.381 采集22.9s
iter   83 样本 4102 步 36/4ep pi +0.0285 ent 0.81 kl +0.0136 clip 0.13 klref 0.222 adv标准差 2.488 四座位比分差 -0.799±0.386 采集23.7s
iter   84 样本 4169 步 36/4ep pi -0.0163 ent 0.84 kl +0.0086 clip 0.11 klref 0.223 adv标准差 2.236 四座位比分差 -0.552±0.394 采集21.1s
iter   85 样本 4107 步 36/4ep pi +0.0164 ent 0.83 kl +0.0076 clip 0.13 klref 0.212 adv标准差 2.335 四座位比分差 -1.263±0.411 采集27.5s
iter   86 样本 4142 步 36/4ep pi -0.0240 ent 0.83 kl +0.0079 clip 0.12 klref 0.197 adv标准差 2.253 四座位比分差 -1.167±0.348 采集20.1s
iter   87 样本 4282 步 36/4ep pi -0.0145 ent 0.81 kl +0.0122 clip 0.13 klref 0.209 adv标准差 2.363 四座位比分差 -1.148±0.333 采集21.2s
iter   88 样本 4131 步 36/4ep pi -0.0188 ent 0.81 kl +0.0096 clip 0.11 klref 0.215 adv标准差 2.370 四座位比分差 -0.896±0.380 采集19.6s
iter   89 样本 4283 步 36/4ep pi -0.0214 ent 0.82 kl +0.0074 clip 0.11 klref 0.199 adv标准差 2.444 四座位比分差 -0.477±0.434 采集28.9s
iter   90 样本 4357 步 36/4ep pi -0.0170 ent 0.82 kl +0.0078 clip 0.10 klref 0.213 adv标准差 2.316 四座位比分差 -1.172±0.395 采集17.8s
   [评估 vs v31n] 名次差 -0.200±0.072 (t=-2.8)
完成。最佳 名次差 -0.173 分/局 vs v31n
