热启动预训练权重 (val MAE 0.897 巡)
iter    1  样本3152  loss +0.181 (pi -0.085 v 0.545 ent 0.35 vMAE 6.81分)  采集7s
iter    2  样本3401  loss +0.172 (pi -0.095 v 0.547 ent 0.34 vMAE 6.91分)  采集7s
iter    3  样本3343  loss +0.199 (pi -0.070 v 0.552 ent 0.33 vMAE 6.95分)  采集8s
iter    4  样本3073  loss +0.148 (pi -0.103 v 0.517 ent 0.34 vMAE 6.73分)  采集7s
iter    5  样本3222  loss +0.133 (pi -0.082 v 0.443 ent 0.33 vMAE 6.13分)  采集7s
iter    6  样本3381  loss +0.137 (pi -0.072 v 0.430 ent 0.33 vMAE 5.98分)  采集8s
iter    7  样本3258  loss +0.127 (pi -0.090 v 0.446 ent 0.34 vMAE 6.11分)  采集8s
iter    8  样本3357  loss +0.109 (pi -0.097 v 0.425 ent 0.33 vMAE 5.84分)  采集8s
iter    9  样本3191  loss +0.097 (pi -0.096 v 0.399 ent 0.33 vMAE 5.66分)  采集7s
iter   10  样本3438  loss +0.084 (pi -0.076 v 0.332 ent 0.32 vMAE 5.01分)  采集8s
iter   11  样本3763  loss +0.087 (pi -0.082 v 0.351 ent 0.32 vMAE 5.01分)  采集9s
iter   12  样本3473  loss +0.121 (pi -0.063 v 0.380 ent 0.31 vMAE 5.17分)  采集9s
iter   13  样本3391  loss +0.087 (pi -0.072 v 0.332 ent 0.32 vMAE 4.74分)  采集9s
iter   14  样本3141  loss +0.125 (pi -0.060 v 0.383 ent 0.33 vMAE 5.16分)  采集8s
iter   15  样本3443  loss +0.091 (pi -0.076 v 0.348 ent 0.32 vMAE 4.77分)  采集8s
iter   16  样本3514  loss +0.093 (pi -0.072 v 0.343 ent 0.31 vMAE 4.75分)  采集9s
iter   17  样本3399  loss +0.084 (pi -0.072 v 0.324 ent 0.32 vMAE 4.46分)  采集8s
iter   18  样本3252  loss +0.071 (pi -0.074 v 0.304 ent 0.33 vMAE 4.37分)  采集9s
iter   19  样本3321  loss +0.075 (pi -0.084 v 0.330 ent 0.31 vMAE 4.50分)  采集9s
iter   20  样本3492  loss +0.075 (pi -0.087 v 0.335 ent 0.31 vMAE 4.45分)  采集9s  | 评估 vs 3×v31n: 胜率 19.8% 场均 -0.29
iter   21  样本3458  loss +0.079 (pi -0.083 v 0.336 ent 0.32 vMAE 4.37分)  采集8s
iter   22  样本3357  loss +0.073 (pi -0.082 v 0.321 ent 0.30 vMAE 4.26分)  采集9s
iter   23  样本3214  loss +0.111 (pi -0.061 v 0.355 ent 0.31 vMAE 4.54分)  采集8s
iter   24  样本3487  loss +0.067 (pi -0.075 v 0.295 ent 0.29 vMAE 4.08分)  采集9s
iter   25  样本3427  loss +0.128 (pi -0.036 v 0.340 ent 0.30 vMAE 4.42分)  采集9s
iter   26  样本3490  loss +0.112 (pi -0.054 v 0.345 ent 0.30 vMAE 4.36分)  采集9s
iter   27  样本3517  loss +0.104 (pi -0.049 v 0.317 ent 0.30 vMAE 4.21分)  采集9s
iter   28  样本3418  loss +0.102 (pi -0.055 v 0.328 ent 0.31 vMAE 4.34分)  采集9s
iter   29  样本3421  loss +0.125 (pi -0.061 v 0.383 ent 0.30 vMAE 4.71分)  采集9s
iter   30  样本3500  loss +0.068 (pi -0.079 v 0.307 ent 0.30 vMAE 4.15分)  采集9s
iter   31  样本3557  loss +0.096 (pi -0.049 v 0.303 ent 0.30 vMAE 4.10分)  采集10s
iter   32  样本3562  loss +0.076 (pi -0.076 v 0.317 ent 0.29 vMAE 4.30分)  采集9s
iter   33  样本3666  loss +0.089 (pi -0.060 v 0.311 ent 0.30 vMAE 4.17分)  采集9s
iter   34  样本3663  loss +0.109 (pi -0.051 v 0.333 ent 0.30 vMAE 4.35分)  采集9s
iter   35  样本3656  loss +0.091 (pi -0.046 v 0.288 ent 0.31 vMAE 4.02分)  采集12s
iter   36  样本3293  loss +0.087 (pi -0.063 v 0.312 ent 0.30 vMAE 4.29分)  采集8s
iter   37  样本3479  loss +0.126 (pi -0.038 v 0.339 ent 0.29 vMAE 4.45分)  采集9s
iter   38  样本3550  loss +0.088 (pi -0.059 v 0.306 ent 0.29 vMAE 4.25分)  采集9s
iter   39  样本3365  loss +0.078 (pi -0.068 v 0.305 ent 0.31 vMAE 4.32分)  采集9s
iter   40  样本3351  loss +0.090 (pi -0.067 v 0.327 ent 0.31 vMAE 4.42分)  采集9s  | 评估 vs 3×v31n: 胜率 19.8% 场均 -0.55
iter   41  样本3550  loss +0.098 (pi -0.073 v 0.355 ent 0.31 vMAE 4.66分)  采集10s
iter   42  样本3522  loss +0.061 (pi -0.078 v 0.290 ent 0.29 vMAE 4.21分)  采集9s
iter   43  样本3471  loss +0.091 (pi -0.052 v 0.299 ent 0.31 vMAE 4.26分)  采集10s
iter   44  样本3764  loss +0.081 (pi -0.064 v 0.303 ent 0.30 vMAE 4.26分)  采集9s
iter   45  样本3609  loss +0.113 (pi -0.046 v 0.331 ent 0.30 vMAE 4.51分)  采集10s
iter   46  样本3638  loss +0.077 (pi -0.063 v 0.292 ent 0.31 vMAE 4.26分)  采集7s
iter   47  样本3524  loss +0.107 (pi -0.043 v 0.312 ent 0.30 vMAE 4.40分)  采集10s
iter   48  样本3255  loss +0.074 (pi -0.077 v 0.315 ent 0.32 vMAE 4.50分)  采集8s
iter   49  样本3475  loss +0.091 (pi -0.057 v 0.308 ent 0.31 vMAE 4.40分)  采集10s
iter   50  样本3364  loss +0.108 (pi -0.058 v 0.344 ent 0.31 vMAE 4.67分)  采集9s
iter   51  样本3621  loss +0.085 (pi -0.057 v 0.297 ent 0.31 vMAE 4.38分)  采集9s
iter   52  样本3526  loss +0.091 (pi -0.039 v 0.272 ent 0.32 vMAE 4.11分)  采集10s
iter   53  样本3646  loss +0.087 (pi -0.051 v 0.288 ent 0.30 vMAE 4.31分)  采集9s
iter   54  样本3645  loss +0.091 (pi -0.054 v 0.303 ent 0.31 vMAE 4.46分)  采集10s
iter   55  样本3352  loss +0.117 (pi -0.031 v 0.308 ent 0.31 vMAE 4.51分)  采集10s
iter   56  样本3892  loss +0.065 (pi -0.067 v 0.277 ent 0.32 vMAE 4.26分)  采集11s
iter   57  样本3306  loss +0.126 (pi -0.042 v 0.349 ent 0.32 vMAE 4.71分)  采集9s
iter   58  样本3440  loss +0.084 (pi -0.064 v 0.309 ent 0.31 vMAE 4.51分)  采集7s
iter   59  样本3608  loss +0.093 (pi -0.035 v 0.268 ent 0.31 vMAE 4.08分)  采集11s
iter   60  样本3572  loss +0.095 (pi -0.055 v 0.312 ent 0.31 vMAE 4.52分)  采集10s  | 评估 vs 3×v31n: 胜率 25.0% 场均 +0.24
iter   61  样本3484  loss +0.109 (pi -0.035 v 0.298 ent 0.30 vMAE 4.43分)  采集10s
iter   62  样本3510  loss +0.091 (pi -0.063 v 0.319 ent 0.30 vMAE 4.51分)  采集9s
iter   63  样本3528  loss +0.100 (pi -0.055 v 0.321 ent 0.32 vMAE 4.59分)  采集10s
iter   64  样本3685  loss +0.103 (pi -0.055 v 0.329 ent 0.32 vMAE 4.70分)  采集10s
iter   65  样本3195  loss +0.084 (pi -0.059 v 0.298 ent 0.31 vMAE 4.44分)  采集7s
iter   66  样本3348  loss +0.096 (pi -0.059 v 0.323 ent 0.32 vMAE 4.53分)  采集11s
iter   67  样本3389  loss +0.094 (pi -0.055 v 0.309 ent 0.30 vMAE 4.60分)  采集10s
iter   68  样本3211  loss +0.079 (pi -0.059 v 0.289 ent 0.32 vMAE 4.31分)  采集9s
iter   69  样本3542  loss +0.071 (pi -0.063 v 0.280 ent 0.31 vMAE 4.18分)  采集10s
iter   70  样本3548  loss +0.087 (pi -0.044 v 0.274 ent 0.31 vMAE 4.12分)  采集8s
iter   71  样本3449  loss +0.096 (pi -0.056 v 0.318 ent 0.32 vMAE 4.53分)  采集10s
iter   72  样本3733  loss +0.053 (pi -0.063 v 0.245 ent 0.32 vMAE 3.93分)  采集10s
iter   73  样本3676  loss +0.058 (pi -0.073 v 0.275 ent 0.33 vMAE 4.18分)  采集12s
iter   74  样本3428  loss +0.107 (pi -0.045 v 0.317 ent 0.31 vMAE 4.50分)  采集8s
iter   75  样本3489  loss +0.067 (pi -0.067 v 0.281 ent 0.32 vMAE 4.25分)  采集10s
iter   76  样本3657  loss +0.091 (pi -0.055 v 0.306 ent 0.31 vMAE 4.35分)  采集10s
iter   77  样本3436  loss +0.084 (pi -0.065 v 0.311 ent 0.31 vMAE 4.46分)  采集9s
iter   78  样本3402  loss +0.081 (pi -0.071 v 0.316 ent 0.33 vMAE 4.56分)  采集8s
iter   79  样本3413  loss +0.096 (pi -0.052 v 0.309 ent 0.33 vMAE 4.45分)  采集10s
iter   80  样本3390  loss +0.107 (pi -0.037 v 0.300 ent 0.32 vMAE 4.36分)  采集11s  | 评估 vs 3×v31n: 胜率 20.8% 场均 -0.72
iter   81  样本3484  loss +0.091 (pi -0.049 v 0.293 ent 0.31 vMAE 4.15分)  采集9s
iter   82  样本3457  loss +0.061 (pi -0.073 v 0.281 ent 0.32 vMAE 4.21分)  采集9s
iter   83  样本3484  loss +0.107 (pi -0.034 v 0.294 ent 0.31 vMAE 4.31分)  采集10s
iter   84  样本3315  loss +0.121 (pi -0.025 v 0.305 ent 0.32 vMAE 4.37分)  采集8s
iter   85  样本3427  loss +0.119 (pi -0.043 v 0.338 ent 0.32 vMAE 4.69分)  采集10s
iter   86  样本3461  loss +0.095 (pi -0.055 v 0.312 ent 0.31 vMAE 4.46分)  采集10s
iter   87  样本3749  loss +0.074 (pi -0.062 v 0.285 ent 0.31 vMAE 4.20分)  采集11s
iter   88  样本3471  loss +0.081 (pi -0.057 v 0.287 ent 0.31 vMAE 4.29分)  采集10s
iter   89  样本3537  loss +0.096 (pi -0.050 v 0.305 ent 0.32 vMAE 4.37分)  采集9s
iter   90  样本3625  loss +0.074 (pi -0.050 v 0.260 ent 0.32 vMAE 4.03分)  采集9s
iter   91  样本3571  loss +0.107 (pi -0.056 v 0.339 ent 0.32 vMAE 4.64分)  采集12s
iter   92  样本3578  loss +0.083 (pi -0.051 v 0.281 ent 0.31 vMAE 4.21分)  采集10s
iter   93  样本3498  loss +0.103 (pi -0.058 v 0.333 ent 0.31 vMAE 4.55分)  采集10s
iter   94  样本3374  loss +0.090 (pi -0.056 v 0.305 ent 0.32 vMAE 4.34分)  采集7s
iter   95  样本3521  loss +0.101 (pi -0.035 v 0.285 ent 0.32 vMAE 4.20分)  采集11s
iter   96  样本3243  loss +0.101 (pi -0.039 v 0.293 ent 0.31 vMAE 4.38分)  采集8s
iter   97  样本3483  loss +0.076 (pi -0.056 v 0.278 ent 0.31 vMAE 4.20分)  采集11s
iter   98  样本3653  loss +0.092 (pi -0.058 v 0.313 ent 0.31 vMAE 4.34分)  采集10s
iter   99  样本3252  loss +0.077 (pi -0.064 v 0.295 ent 0.33 vMAE 4.31分)  采集9s
iter  100  样本3383  loss +0.076 (pi -0.065 v 0.295 ent 0.32 vMAE 4.38分)  采集8s  | 评估 vs 3×v31n: 胜率 19.8% 场均 -0.93
iter  101  样本3420  loss +0.081 (pi -0.056 v 0.287 ent 0.31 vMAE 4.36分)  采集7s
iter  102  样本3408  loss +0.072 (pi -0.048 v 0.254 ent 0.32 vMAE 4.05分)  采集11s
iter  103  样本3416  loss +0.077 (pi -0.062 v 0.291 ent 0.31 vMAE 4.23分)  采集10s
iter  104  样本3456  loss +0.106 (pi -0.054 v 0.332 ent 0.31 vMAE 4.55分)  采集9s
iter  105  样本3599  loss +0.093 (pi -0.046 v 0.292 ent 0.32 vMAE 4.41分)  采集10s
iter  106  样本3478  loss +0.125 (pi -0.033 v 0.331 ent 0.33 vMAE 4.63分)  采集9s
iter  107  样本3557  loss +0.093 (pi -0.045 v 0.287 ent 0.32 vMAE 4.24分)  采集10s
iter  108  样本3445  loss +0.087 (pi -0.050 v 0.287 ent 0.32 vMAE 4.17分)  采集8s
iter  109  样本3537  loss +0.071 (pi -0.044 v 0.242 ent 0.32 vMAE 4.00分)  采集11s
iter  110  样本3583  loss +0.102 (pi -0.050 v 0.316 ent 0.33 vMAE 4.58分)  采集8s
iter  111  样本3374  loss +0.106 (pi -0.047 v 0.320 ent 0.33 vMAE 4.55分)  采集10s
iter  112  样本3506  loss +0.059 (pi -0.063 v 0.256 ent 0.32 vMAE 3.98分)  采集10s
iter  113  样本3344  loss +0.086 (pi -0.057 v 0.299 ent 0.33 vMAE 4.37分)  采集10s
iter  114  样本3621  loss +0.109 (pi -0.043 v 0.317 ent 0.33 vMAE 4.47分)  采集9s
iter  115  样本3208  loss +0.085 (pi -0.059 v 0.301 ent 0.34 vMAE 4.44分)  采集7s
iter  116  样本3500  loss +0.073 (pi -0.055 v 0.270 ent 0.33 vMAE 4.08分)  采集11s
iter  117  样本3554  loss +0.082 (pi -0.054 v 0.284 ent 0.33 vMAE 4.27分)  采集11s
iter  118  样本3421  loss +0.076 (pi -0.060 v 0.285 ent 0.32 vMAE 4.28分)  采集9s
iter  119  样本3388  loss +0.093 (pi -0.063 v 0.326 ent 0.33 vMAE 4.62分)  采集7s
iter  120  样本3637  loss +0.058 (pi -0.068 v 0.265 ent 0.32 vMAE 4.14分)  采集11s  | 评估 vs 3×v31n: 胜率 22.9% 场均 -0.32
iter  121  样本3357  loss +0.100 (pi -0.044 v 0.301 ent 0.32 vMAE 4.32分)  采集9s
iter  122  样本3455  loss +0.075 (pi -0.056 v 0.277 ent 0.34 vMAE 4.18分)  采集9s
iter  123  样本3480  loss +0.080 (pi -0.056 v 0.284 ent 0.33 vMAE 4.23分)  采集10s
iter  124  样本3582  loss +0.093 (pi -0.035 v 0.267 ent 0.31 vMAE 4.12分)  采集9s
iter  125  样本3595  loss +0.108 (pi -0.024 v 0.277 ent 0.32 vMAE 4.09分)  采集10s
iter  126  样本3664  loss +0.093 (pi -0.028 v 0.254 ent 0.31 vMAE 3.92分)  采集10s
iter  127  样本3376  loss +0.113 (pi -0.044 v 0.327 ent 0.31 vMAE 4.57分)  采集9s
iter  128  样本3579  loss +0.048 (pi -0.064 v 0.237 ent 0.31 vMAE 3.77分)  采集10s
iter  129  样本3569  loss +0.068 (pi -0.060 v 0.269 ent 0.31 vMAE 4.11分)  采集10s
iter  130  样本3406  loss +0.082 (pi -0.062 v 0.299 ent 0.30 vMAE 4.34分)  采集9s
iter  131  样本3590  loss +0.082 (pi -0.058 v 0.294 ent 0.31 vMAE 4.31分)  采集8s
iter  132  样本3554  loss +0.102 (pi -0.041 v 0.300 ent 0.31 vMAE 4.31分)  采集12s
iter  133  样本3730  loss +0.092 (pi -0.036 v 0.267 ent 0.30 vMAE 4.02分)  采集10s
iter  134  样本3573  loss +0.103 (pi -0.034 v 0.286 ent 0.32 vMAE 4.21分)  采集9s
iter  135  样本3279  loss +0.072 (pi -0.066 v 0.290 ent 0.31 vMAE 4.32分)  采集9s
iter  136  样本3476  loss +0.099 (pi -0.050 v 0.310 ent 0.31 vMAE 4.41分)  采集11s
iter  137  样本3296  loss +0.104 (pi -0.047 v 0.314 ent 0.34 vMAE 4.56分)  采集9s
iter  138  样本3451  loss +0.104 (pi -0.036 v 0.291 ent 0.32 vMAE 4.35分)  采集9s
iter  139  样本3710  loss +0.095 (pi -0.044 v 0.290 ent 0.31 vMAE 4.22分)  采集10s
iter  140  样本3559  loss +0.110 (pi -0.042 v 0.315 ent 0.32 vMAE 4.47分)  采集9s  | 评估 vs 3×v31n: 胜率 27.1% 场均 +0.14
iter  141  样本3411  loss +0.117 (pi -0.031 v 0.309 ent 0.31 vMAE 4.43分)  采集9s
iter  142  样本3565  loss +0.088 (pi -0.045 v 0.278 ent 0.31 vMAE 4.19分)  采集9s
iter  143  样本3510  loss +0.109 (pi -0.039 v 0.309 ent 0.31 vMAE 4.31分)  采集9s
iter  144  样本3574  loss +0.091 (pi -0.041 v 0.276 ent 0.31 vMAE 4.09分)  采集10s
iter  145  样本3413  loss +0.107 (pi -0.029 v 0.284 ent 0.32 vMAE 4.27分)  采集8s
iter  146  样本3447  loss +0.077 (pi -0.058 v 0.284 ent 0.32 vMAE 4.24分)  采集10s
iter  147  样本3514  loss +0.098 (pi -0.037 v 0.284 ent 0.31 vMAE 4.18分)  采集7s
iter  148  样本3452  loss +0.083 (pi -0.052 v 0.281 ent 0.30 vMAE 4.19分)  采集10s
iter  149  样本3544  loss +0.088 (pi -0.059 v 0.306 ent 0.31 vMAE 4.37分)  采集9s
iter  150  样本3639  loss +0.089 (pi -0.054 v 0.297 ent 0.30 vMAE 4.21分)  采集10s
iter  151  样本3636  loss +0.090 (pi -0.031 v 0.256 ent 0.31 vMAE 3.99分)  采集10s
iter  152  样本3409  loss +0.089 (pi -0.048 v 0.286 ent 0.31 vMAE 4.24分)  采集9s
iter  153  样本3438  loss +0.100 (pi -0.041 v 0.295 ent 0.31 vMAE 4.30分)  采集9s
iter  154  样本3578  loss +0.099 (pi -0.046 v 0.303 ent 0.32 vMAE 4.41分)  采集10s
iter  155  样本3589  loss +0.093 (pi -0.043 v 0.285 ent 0.32 vMAE 4.22分)  采集10s
iter  156  样本3643  loss +0.071 (pi -0.052 v 0.257 ent 0.30 vMAE 4.06分)  采集10s
iter  157  样本3287  loss +0.095 (pi -0.046 v 0.293 ent 0.30 vMAE 4.34分)  采集10s
iter  158  样本3636  loss +0.089 (pi -0.051 v 0.294 ent 0.32 vMAE 4.30分)  采集9s
iter  159  样本3486  loss +0.083 (pi -0.040 v 0.260 ent 0.31 vMAE 4.02分)  采集10s
iter  160  样本3400  loss +0.072 (pi -0.048 v 0.252 ent 0.30 vMAE 4.02分)  采集9s  | 评估 vs 3×v31n: 胜率 24.0% 场均 -0.15
iter  161  样本3398  loss +0.121 (pi -0.040 v 0.335 ent 0.31 vMAE 4.59分)  采集9s
iter  162  样本3395  loss +0.100 (pi -0.047 v 0.307 ent 0.31 vMAE 4.42分)  采集9s
iter  163  样本3296  loss +0.105 (pi -0.046 v 0.313 ent 0.29 vMAE 4.46分)  采集10s
iter  164  样本3585  loss +0.086 (pi -0.053 v 0.289 ent 0.30 vMAE 4.25分)  采集9s
iter  165  样本3480  loss +0.112 (pi -0.022 v 0.280 ent 0.31 vMAE 4.23分)  采集9s
iter  166  样本3537  loss +0.098 (pi -0.039 v 0.285 ent 0.30 vMAE 4.12分)  采集11s
iter  167  样本3462  loss +0.106 (pi -0.030 v 0.284 ent 0.31 vMAE 4.23分)  采集9s
iter  168  样本3357  loss +0.098 (pi -0.038 v 0.284 ent 0.31 vMAE 4.26分)  采集9s
iter  169  样本3401  loss +0.092 (pi -0.046 v 0.289 ent 0.30 vMAE 4.23分)  采集9s
iter  170  样本3781  loss +0.095 (pi -0.032 v 0.266 ent 0.31 vMAE 4.01分)  采集9s
iter  171  样本3468  loss +0.111 (pi -0.025 v 0.283 ent 0.30 vMAE 4.22分)  采集11s
iter  172  样本3664  loss +0.092 (pi -0.044 v 0.284 ent 0.30 vMAE 4.23分)  采集9s
iter  173  样本3567  loss +0.091 (pi -0.047 v 0.287 ent 0.29 vMAE 4.20分)  采集10s
iter  174  样本3675  loss +0.082 (pi -0.048 v 0.272 ent 0.30 vMAE 4.14分)  采集11s
iter  175  样本3695  loss +0.104 (pi -0.029 v 0.278 ent 0.31 vMAE 4.13分)  采集9s
iter  176  样本3307  loss +0.084 (pi -0.050 v 0.280 ent 0.30 vMAE 4.23分)  采集9s
iter  177  样本3416  loss +0.078 (pi -0.063 v 0.294 ent 0.31 vMAE 4.30分)  采集9s
iter  178  样本3339  loss +0.098 (pi -0.037 v 0.281 ent 0.30 vMAE 4.16分)  采集9s
iter  179  样本3643  loss +0.094 (pi -0.041 v 0.281 ent 0.29 vMAE 4.13分)  采集9s
iter  180  样本3405  loss +0.089 (pi -0.049 v 0.289 ent 0.31 vMAE 4.28分)  采集8s  | 评估 vs 3×v31n: 胜率 25.0% 场均 -0.29
iter  181  样本3575  loss +0.066 (pi -0.065 v 0.273 ent 0.30 vMAE 4.06分)  采集10s
iter  182  样本3567  loss +0.082 (pi -0.037 v 0.253 ent 0.32 vMAE 4.08分)  采集9s
iter  183  样本3345  loss +0.092 (pi -0.036 v 0.269 ent 0.31 vMAE 4.07分)  采集10s
iter  184  样本3567  loss +0.082 (pi -0.052 v 0.279 ent 0.31 vMAE 4.13分)  采集9s
iter  185  样本3435  loss +0.095 (pi -0.048 v 0.299 ent 0.31 vMAE 4.39分)  采集10s
iter  186  样本3560  loss +0.100 (pi -0.045 v 0.302 ent 0.31 vMAE 4.32分)  采集10s
iter  187  样本3479  loss +0.093 (pi -0.039 v 0.276 ent 0.32 vMAE 4.23分)  采集9s
iter  188  样本3527  loss +0.106 (pi -0.026 v 0.276 ent 0.30 vMAE 4.24分)  采集9s
iter  189  样本3369  loss +0.077 (pi -0.061 v 0.287 ent 0.30 vMAE 4.28分)  采集10s
iter  190  样本3548  loss +0.063 (pi -0.050 v 0.238 ent 0.32 vMAE 3.86分)  采集10s
iter  191  样本3503  loss +0.076 (pi -0.060 v 0.283 ent 0.32 vMAE 4.21分)  采集9s
iter  192  样本3481  loss +0.059 (pi -0.058 v 0.248 ent 0.32 vMAE 3.92分)  采集8s
iter  193  样本3395  loss +0.081 (pi -0.050 v 0.273 ent 0.31 vMAE 4.21分)  采集10s
iter  194  样本3316  loss +0.103 (pi -0.048 v 0.314 ent 0.30 vMAE 4.44分)  采集10s
iter  195  样本3495  loss +0.076 (pi -0.052 v 0.269 ent 0.32 vMAE 4.16分)  采集9s
iter  196  样本3368  loss +0.104 (pi -0.037 v 0.294 ent 0.31 vMAE 4.31分)  采集9s
iter  197  样本3512  loss +0.076 (pi -0.062 v 0.289 ent 0.31 vMAE 4.28分)  采集10s
iter  198  样本3528  loss +0.103 (pi -0.014 v 0.247 ent 0.30 vMAE 3.86分)  采集10s
iter  199  样本3600  loss +0.086 (pi -0.035 v 0.253 ent 0.30 vMAE 3.97分)  采集10s
iter  200  样本3492  loss +0.087 (pi -0.043 v 0.273 ent 0.31 vMAE 4.13分)  采集7s  | 评估 vs 3×v31n: 胜率 24.0% 场均 -0.15
完成。最佳评估胜率 27.1%, 模型在 models/acnn_v2.pt
