热启动预训练权重 (val MAE 0.777 巡)
iter    1  样本3367  loss +0.111 (pi -0.126 v 0.544 ent 0.44 vMAE 6.90分)  采集8s
iter    2  样本3655  loss +0.053 (pi -0.126 v 0.428 ent 0.44 vMAE 6.04分)  采集8s
iter    3  样本3529  loss +0.068 (pi -0.120 v 0.446 ent 0.43 vMAE 6.08分)  采集8s
iter    4  样本3640  loss +0.064 (pi -0.103 v 0.397 ent 0.40 vMAE 5.63分)  采集9s
iter    5  样本4058  loss +0.022 (pi -0.104 v 0.321 ent 0.43 vMAE 4.90分)  采集9s
iter    6  样本3596  loss +0.023 (pi -0.109 v 0.332 ent 0.43 vMAE 4.89分)  采集9s
iter    7  样本3970  loss +0.061 (pi -0.068 v 0.323 ent 0.41 vMAE 4.56分)  采集9s
iter    8  样本3852  loss +0.040 (pi -0.089 v 0.325 ent 0.42 vMAE 4.35分)  采集9s
iter    9  样本3735  loss +0.011 (pi -0.101 v 0.291 ent 0.42 vMAE 4.07分)  采集9s
iter   10  样本3785  loss +0.038 (pi -0.082 v 0.308 ent 0.42 vMAE 4.16分)  采集9s
iter   11  样本4153  loss +0.016 (pi -0.079 v 0.256 ent 0.42 vMAE 3.64分)  采集10s
iter   12  样本4099  loss +0.043 (pi -0.065 v 0.281 ent 0.41 vMAE 3.85分)  采集10s
iter   13  样本3672  loss +0.010 (pi -0.085 v 0.257 ent 0.42 vMAE 3.69分)  采集9s
iter   14  样本3754  loss +0.030 (pi -0.077 v 0.278 ent 0.40 vMAE 3.82分)  采集9s
iter   15  样本4011  loss +0.018 (pi -0.077 v 0.257 ent 0.41 vMAE 3.68分)  采集10s
iter   16  样本4129  loss +0.052 (pi -0.053 v 0.277 ent 0.42 vMAE 3.81分)  采集10s
iter   17  样本3956  loss +0.039 (pi -0.064 v 0.272 ent 0.42 vMAE 3.86分)  采集9s
iter   18  样本3945  loss +0.057 (pi -0.070 v 0.321 ent 0.42 vMAE 4.13分)  采集10s
iter   19  样本3951  loss +0.033 (pi -0.073 v 0.279 ent 0.42 vMAE 3.88分)  采集9s
iter   20  样本4095  loss +0.056 (pi -0.045 v 0.268 ent 0.42 vMAE 3.92分)  采集10s  | 评估 vs 3×v31n: 胜率 16.7% 场均 -0.79
iter   21  样本3990  loss +0.047 (pi -0.050 v 0.261 ent 0.41 vMAE 3.83分)  采集10s
iter   22  样本4073  loss +0.036 (pi -0.053 v 0.245 ent 0.43 vMAE 3.68分)  采集10s
iter   23  样本4019  loss +0.050 (pi -0.050 v 0.270 ent 0.43 vMAE 3.86分)  采集10s
iter   24  样本4211  loss +0.022 (pi -0.060 v 0.233 ent 0.43 vMAE 3.54分)  采集10s
iter   25  样本4524  loss +0.037 (pi -0.058 v 0.258 ent 0.43 vMAE 3.85分)  采集10s
iter   26  样本4385  loss +0.037 (pi -0.048 v 0.238 ent 0.43 vMAE 3.49分)  采集10s
iter   27  样本4210  loss +0.049 (pi -0.056 v 0.281 ent 0.45 vMAE 4.15分)  采集10s
iter   28  样本4138  loss +0.045 (pi -0.050 v 0.262 ent 0.45 vMAE 4.03分)  采集10s
iter   29  样本4152  loss +0.039 (pi -0.055 v 0.262 ent 0.46 vMAE 3.84分)  采集10s
iter   30  样本4683  loss +0.032 (pi -0.051 v 0.237 ent 0.44 vMAE 3.75分)  采集11s
iter   31  样本4378  loss +0.025 (pi -0.047 v 0.216 ent 0.45 vMAE 3.39分)  采集10s
iter   32  样本4129  loss +0.046 (pi -0.044 v 0.253 ent 0.46 vMAE 3.93分)  采集10s
iter   33  样本4472  loss +0.044 (pi -0.041 v 0.241 ent 0.44 vMAE 3.81分)  采集11s
iter   34  样本4213  loss +0.033 (pi -0.055 v 0.253 ent 0.48 vMAE 3.93分)  采集10s
iter   35  样本4129  loss +0.051 (pi -0.041 v 0.260 ent 0.47 vMAE 4.02分)  采集11s
iter   36  样本4083  loss +0.053 (pi -0.036 v 0.254 ent 0.47 vMAE 3.93分)  采集11s
iter   37  样本4169  loss +0.017 (pi -0.062 v 0.235 ent 0.48 vMAE 3.83分)  采集10s
iter   38  样本4330  loss +0.041 (pi -0.048 v 0.255 ent 0.48 vMAE 3.94分)  采集11s
iter   39  样本3916  loss +0.054 (pi -0.038 v 0.264 ent 0.50 vMAE 4.14分)  采集10s
iter   40  样本4104  loss +0.054 (pi -0.020 v 0.229 ent 0.50 vMAE 3.74分)  采集10s  | 评估 vs 3×v31n: 胜率 18.8% 场均 -0.65
iter   41  样本4006  loss +0.032 (pi -0.062 v 0.273 ent 0.53 vMAE 4.17分)  采集10s
iter   42  样本4476  loss +0.019 (pi -0.066 v 0.256 ent 0.54 vMAE 3.95分)  采集11s
iter   43  样本4496  loss +0.031 (pi -0.045 v 0.240 ent 0.55 vMAE 3.71分)  采集11s
iter   44  样本4443  loss +0.049 (pi -0.022 v 0.234 ent 0.57 vMAE 3.56分)  采集11s
iter   45  样本4320  loss +0.022 (pi -0.052 v 0.240 ent 0.58 vMAE 3.63分)  采集11s
iter   46  样本4466  loss +0.001 (pi -0.075 v 0.245 ent 0.58 vMAE 3.93分)  采集11s
iter   47  样本4444  loss +0.016 (pi -0.070 v 0.270 ent 0.61 vMAE 4.08分)  采集11s
iter   48  样本4211  loss -0.011 (pi -0.087 v 0.250 ent 0.61 vMAE 3.82分)  采集11s
iter   49  样本4449  loss +0.010 (pi -0.064 v 0.251 ent 0.64 vMAE 3.74分)  采集11s
iter   50  样本4371  loss +0.016 (pi -0.052 v 0.241 ent 0.65 vMAE 3.68分)  采集11s
iter   51  样本4458  loss +0.045 (pi -0.032 v 0.260 ent 0.66 vMAE 3.82分)  采集11s
iter   52  样本4705  loss +0.004 (pi -0.054 v 0.220 ent 0.66 vMAE 3.39分)  采集12s
iter   53  样本4314  loss +0.010 (pi -0.075 v 0.280 ent 0.69 vMAE 4.07分)  采集11s
iter   54  样本4505  loss +0.047 (pi -0.038 v 0.283 ent 0.70 vMAE 4.11分)  采集12s
iter   55  样本4222  loss -0.002 (pi -0.079 v 0.265 ent 0.70 vMAE 3.93分)  采集11s
iter   56  样本4437  loss +0.025 (pi -0.060 v 0.288 ent 0.73 vMAE 4.02分)  采集11s
iter   57  样本4194  loss -0.018 (pi -0.071 v 0.226 ent 0.75 vMAE 3.59分)  采集11s
iter   58  样本4739  loss -0.005 (pi -0.071 v 0.256 ent 0.77 vMAE 3.77分)  采集12s
iter   59  样本4486  loss -0.019 (pi -0.072 v 0.231 ent 0.78 vMAE 3.67分)  采集11s
iter   60  样本4415  loss +0.022 (pi -0.052 v 0.273 ent 0.79 vMAE 3.94分)  采集11s  | 评估 vs 3×v31n: 胜率 16.7% 场均 -0.78
iter   61  样本4307  loss -0.035 (pi -0.076 v 0.211 ent 0.80 vMAE 3.37分)  采集12s
iter   62  样本4832  loss -0.023 (pi -0.069 v 0.223 ent 0.82 vMAE 3.49分)  采集12s
iter   63  样本4322  loss -0.011 (pi -0.093 v 0.294 ent 0.81 vMAE 4.21分)  采集12s
iter   64  样本4739  loss -0.007 (pi -0.062 v 0.243 ent 0.83 vMAE 3.79分)  采集13s
iter   65  样本4365  loss -0.028 (pi -0.088 v 0.259 ent 0.87 vMAE 3.78分)  采集11s
iter   66  样本4545  loss -0.021 (pi -0.076 v 0.254 ent 0.91 vMAE 3.82分)  采集11s
iter   67  样本4213  loss -0.029 (pi -0.070 v 0.228 ent 0.91 vMAE 3.53分)  采集11s
iter   68  样本4449  loss -0.033 (pi -0.095 v 0.271 ent 0.92 vMAE 3.94分)  采集11s
iter   69  样本4557  loss -0.031 (pi -0.087 v 0.262 ent 0.94 vMAE 3.94分)  采集11s
iter   70  样本4387  loss -0.017 (pi -0.071 v 0.262 ent 0.96 vMAE 3.94分)  采集11s
iter   71  样本4652  loss -0.033 (pi -0.067 v 0.224 ent 0.98 vMAE 3.61分)  采集12s
iter   72  样本4505  loss -0.023 (pi -0.081 v 0.273 ent 0.99 vMAE 3.94分)  采集11s
iter   73  样本4601  loss -0.061 (pi -0.088 v 0.217 ent 1.02 vMAE 3.58分)  采集11s
iter   74  样本4474  loss -0.055 (pi -0.103 v 0.258 ent 1.01 vMAE 3.84分)  采集11s
iter   75  样本4426  loss -0.066 (pi -0.121 v 0.278 ent 1.04 vMAE 3.97分)  采集12s
iter   76  样本4556  loss -0.081 (pi -0.112 v 0.236 ent 1.09 vMAE 3.67分)  采集11s
iter   77  样本4457  loss -0.052 (pi -0.091 v 0.256 ent 1.11 vMAE 3.99分)  采集10s
iter   78  样本4392  loss -0.079 (pi -0.113 v 0.250 ent 1.13 vMAE 3.77分)  采集10s
iter   79  样本4439  loss -0.066 (pi -0.085 v 0.220 ent 1.13 vMAE 3.47分)  采集11s
iter   80  样本4552  loss -0.083 (pi -0.104 v 0.231 ent 1.18 vMAE 3.62分)  采集11s  | 评估 vs 3×v31n: 胜率 18.8% 场均 -0.86
iter   81  样本4554  loss -0.060 (pi -0.090 v 0.251 ent 1.20 vMAE 3.76分)  采集10s
iter   82  样本4577  loss -0.095 (pi -0.119 v 0.246 ent 1.25 vMAE 3.61分)  采集12s
iter   83  样本4410  loss -0.069 (pi -0.102 v 0.265 ent 1.25 vMAE 4.01分)  采集11s
iter   84  样本4382  loss -0.071 (pi -0.106 v 0.276 ent 1.28 vMAE 4.11分)  采集12s
iter   85  样本4398  loss -0.107 (pi -0.142 v 0.279 ent 1.31 vMAE 4.15分)  采集11s
iter   86  样本4386  loss -0.121 (pi -0.134 v 0.235 ent 1.32 vMAE 3.75分)  采集10s
iter   87  样本4723  loss -0.144 (pi -0.139 v 0.204 ent 1.34 vMAE 3.33分)  采集12s
iter   88  样本4624  loss -0.105 (pi -0.124 v 0.250 ent 1.34 vMAE 3.78分)  采集11s
iter   89  样本4585  loss -0.126 (pi -0.143 v 0.252 ent 1.36 vMAE 3.77分)  采集11s
iter   90  样本4731  loss -0.137 (pi -0.154 v 0.251 ent 1.36 vMAE 3.70分)  采集12s
iter   91  样本4474  loss -0.111 (pi -0.116 v 0.234 ent 1.39 vMAE 3.73分)  采集11s
iter   92  样本4618  loss -0.101 (pi -0.102 v 0.226 ent 1.40 vMAE 3.54分)  采集12s
iter   93  样本4374  loss -0.119 (pi -0.122 v 0.235 ent 1.43 vMAE 3.54分)  采集11s
iter   94  样本4776  loss -0.099 (pi -0.112 v 0.253 ent 1.41 vMAE 3.82分)  采集12s
iter   95  样本4510  loss -0.128 (pi -0.137 v 0.251 ent 1.45 vMAE 3.91分)  采集11s
iter   96  样本4383  loss -0.140 (pi -0.135 v 0.227 ent 1.47 vMAE 3.48分)  采集11s
iter   97  样本4873  loss -0.154 (pi -0.139 v 0.203 ent 1.46 vMAE 3.30分)  采集11s
iter   98  样本4511  loss -0.122 (pi -0.113 v 0.222 ent 1.51 vMAE 3.50分)  采集12s
iter   99  样本4422  loss -0.148 (pi -0.151 v 0.250 ent 1.53 vMAE 3.83分)  采集11s
iter  100  样本4411  loss -0.147 (pi -0.152 v 0.255 ent 1.54 vMAE 3.84分)  采集11s  | 评估 vs 3×v31n: 胜率 18.8% 场均 -0.49
iter  101  样本4806  loss -0.131 (pi -0.126 v 0.238 ent 1.54 vMAE 3.69分)  采集12s
iter  102  样本4815  loss -0.110 (pi -0.082 v 0.197 ent 1.58 vMAE 3.27分)  采集12s
iter  103  样本4762  loss -0.155 (pi -0.145 v 0.232 ent 1.57 vMAE 3.47分)  采集11s
iter  104  样本4872  loss -0.130 (pi -0.119 v 0.235 ent 1.60 vMAE 3.55分)  采集13s
iter  105  样本5086  loss -0.104 (pi -0.096 v 0.241 ent 1.61 vMAE 3.66分)  采集12s
iter  106  样本5124  loss -0.128 (pi -0.106 v 0.216 ent 1.63 vMAE 3.21分)  采集12s
iter  107  样本4928  loss -0.131 (pi -0.118 v 0.236 ent 1.64 vMAE 3.55分)  采集12s
iter  108  样本5002  loss -0.140 (pi -0.106 v 0.198 ent 1.67 vMAE 3.22分)  采集11s
iter  109  样本4852  loss -0.148 (pi -0.119 v 0.210 ent 1.67 vMAE 3.28分)  采集13s
iter  110  样本5362  loss -0.147 (pi -0.111 v 0.197 ent 1.69 vMAE 3.12分)  采集11s
iter  111  样本5294  loss -0.148 (pi -0.124 v 0.225 ent 1.71 vMAE 3.44分)  采集13s
iter  112  样本4706  loss -0.179 (pi -0.136 v 0.192 ent 1.74 vMAE 3.16分)  采集12s
iter  113  样本4801  loss -0.138 (pi -0.122 v 0.247 ent 1.75 vMAE 3.54分)  采集12s
iter  114  样本5368  loss -0.155 (pi -0.097 v 0.166 ent 1.76 vMAE 2.71分)  采集13s
iter  115  样本4885  loss -0.139 (pi -0.118 v 0.240 ent 1.76 vMAE 3.52分)  采集12s
iter  116  样本5204  loss -0.141 (pi -0.101 v 0.201 ent 1.76 vMAE 3.11分)  采集13s
iter  117  样本5348  loss -0.109 (pi -0.042 v 0.152 ent 1.79 vMAE 2.60分)  采集12s
iter  118  样本5165  loss -0.151 (pi -0.118 v 0.223 ent 1.81 vMAE 3.33分)  采集11s
iter  119  样本5364  loss -0.138 (pi -0.080 v 0.173 ent 1.81 vMAE 2.79分)  采集12s
iter  120  样本5281  loss -0.151 (pi -0.088 v 0.168 ent 1.84 vMAE 2.78分)  采集14s  | 评估 vs 3×v31n: 胜率 15.6% 场均 -1.07
iter  121  样本5289  loss -0.116 (pi -0.065 v 0.191 ent 1.83 vMAE 3.12分)  采集12s
iter  122  样本5382  loss -0.130 (pi -0.071 v 0.173 ent 1.82 vMAE 2.85分)  采集13s
iter  123  样本5369  loss -0.116 (pi -0.080 v 0.225 ent 1.86 vMAE 3.27分)  采集12s
iter  124  样本5367  loss -0.120 (pi -0.080 v 0.216 ent 1.84 vMAE 3.28分)  采集12s
iter  125  样本5327  loss -0.135 (pi -0.080 v 0.187 ent 1.86 vMAE 2.96分)  采集15s
iter  126  样本5238  loss -0.139 (pi -0.089 v 0.198 ent 1.87 vMAE 3.10分)  采集12s
iter  127  样本5236  loss -0.151 (pi -0.107 v 0.215 ent 1.88 vMAE 3.23分)  采集12s
iter  128  样本5511  loss -0.132 (pi -0.077 v 0.190 ent 1.87 vMAE 2.99分)  采集13s
iter  129  样本5469  loss -0.135 (pi -0.074 v 0.185 ent 1.92 vMAE 2.98分)  采集12s
iter  130  样本5071  loss -0.121 (pi -0.065 v 0.194 ent 1.90 vMAE 3.03分)  采集13s
iter  131  样本5309  loss -0.147 (pi -0.071 v 0.160 ent 1.95 vMAE 2.69分)  采集12s
iter  132  样本5640  loss -0.088 (pi -0.010 v 0.149 ent 1.90 vMAE 2.60分)  采集14s
iter  133  样本5131  loss -0.156 (pi -0.080 v 0.154 ent 1.91 vMAE 2.71分)  采集11s
iter  134  样本5406  loss -0.120 (pi -0.053 v 0.173 ent 1.91 vMAE 2.85分)  采集14s
iter  135  样本5345  loss -0.115 (pi -0.053 v 0.185 ent 1.92 vMAE 3.03分)  采集12s
iter  136  样本4942  loss -0.145 (pi -0.072 v 0.165 ent 1.94 vMAE 2.75分)  采集11s
iter  137  样本5260  loss -0.150 (pi -0.096 v 0.202 ent 1.93 vMAE 3.20分)  采集13s
iter  138  样本5276  loss -0.120 (pi -0.034 v 0.140 ent 1.95 vMAE 2.55分)  采集11s
iter  139  样本5658  loss -0.127 (pi -0.064 v 0.184 ent 1.93 vMAE 2.90分)  采集12s
iter  140  样本5233  loss -0.131 (pi -0.065 v 0.179 ent 1.95 vMAE 2.81分)  采集14s  | 评估 vs 3×v31n: 胜率 14.6% 场均 -1.27
iter  141  样本5008  loss -0.116 (pi -0.057 v 0.195 ent 1.96 vMAE 3.10分)  采集11s
iter  142  样本5372  loss -0.147 (pi -0.072 v 0.161 ent 1.94 vMAE 2.76分)  采集12s
iter  143  样本5401  loss -0.135 (pi -0.075 v 0.188 ent 1.92 vMAE 2.92分)  采集13s
iter  144  样本5573  loss -0.095 (pi -0.033 v 0.182 ent 1.92 vMAE 2.82分)  采集13s
iter  145  样本5376  loss -0.107 (pi -0.036 v 0.170 ent 1.94 vMAE 2.83分)  采集13s
iter  146  样本5522  loss -0.126 (pi -0.056 v 0.168 ent 1.92 vMAE 2.84分)  采集12s
iter  147  样本5335  loss -0.103 (pi -0.057 v 0.215 ent 1.93 vMAE 3.35分)  采集11s
iter  148  样本5257  loss -0.123 (pi -0.043 v 0.153 ent 1.95 vMAE 2.68分)  采集11s
iter  149  样本5155  loss -0.111 (pi -0.034 v 0.159 ent 1.94 vMAE 2.77分)  采集14s
iter  150  样本4902  loss -0.129 (pi -0.054 v 0.163 ent 1.95 vMAE 2.81分)  采集11s
iter  151  样本5326  loss -0.109 (pi -0.041 v 0.181 ent 1.98 vMAE 2.94分)  采集11s
iter  152  样本4998  loss -0.106 (pi -0.044 v 0.186 ent 1.94 vMAE 3.01分)  采集14s
iter  153  样本5239  loss -0.107 (pi -0.037 v 0.174 ent 1.96 vMAE 2.85分)  采集12s
iter  154  样本5334  loss -0.089 (pi -0.025 v 0.183 ent 1.95 vMAE 2.90分)  采集13s
iter  155  样本5242  loss -0.095 (pi -0.013 v 0.147 ent 1.94 vMAE 2.66分)  采集12s
iter  156  样本5307  loss -0.094 (pi -0.046 v 0.213 ent 1.93 vMAE 3.23分)  采集12s
iter  157  样本5182  loss -0.106 (pi -0.046 v 0.191 ent 1.94 vMAE 3.10分)  采集12s
iter  158  样本5375  loss -0.096 (pi -0.025 v 0.172 ent 1.96 vMAE 2.83分)  采集13s
iter  159  样本5363  loss -0.102 (pi -0.021 v 0.150 ent 1.95 vMAE 2.62分)  采集11s
iter  160  样本5048  loss -0.097 (pi -0.046 v 0.212 ent 1.97 vMAE 3.32分)  采集13s  | 评估 vs 3×v31n: 胜率 17.7% 场均 -1.03
iter  161  样本5144  loss -0.162 (pi -0.087 v 0.167 ent 1.98 vMAE 2.91分)  采集12s
iter  162  样本5216  loss -0.116 (pi -0.056 v 0.196 ent 1.98 vMAE 3.06分)  采集11s
iter  163  样本5519  loss -0.085 (pi -0.009 v 0.161 ent 1.96 vMAE 2.77分)  采集12s
iter  164  样本5133  loss -0.131 (pi -0.066 v 0.188 ent 1.99 vMAE 3.06分)  采集13s
iter  165  样本5569  loss -0.104 (pi -0.036 v 0.182 ent 1.98 vMAE 2.96分)  采集13s
iter  166  样本5340  loss -0.125 (pi -0.059 v 0.182 ent 1.96 vMAE 2.97分)  采集12s
iter  167  样本5049  loss -0.117 (pi -0.048 v 0.180 ent 1.99 vMAE 3.11分)  采集12s
iter  168  样本5196  loss -0.085 (pi -0.016 v 0.177 ent 1.96 vMAE 3.06分)  采集12s
iter  169  样本5123  loss -0.097 (pi -0.040 v 0.198 ent 1.96 vMAE 3.15分)  采集10s
iter  170  样本5504  loss -0.081 (pi -0.007 v 0.165 ent 1.96 vMAE 2.89分)  采集15s
iter  171  样本5330  loss -0.085 (pi -0.007 v 0.160 ent 1.97 vMAE 2.76分)  采集13s
iter  172  样本5220  loss -0.094 (pi -0.025 v 0.174 ent 1.95 vMAE 2.86分)  采集11s
iter  173  样本5592  loss -0.081 (pi -0.003 v 0.160 ent 1.97 vMAE 2.76分)  采集12s
iter  174  样本5365  loss -0.079 (pi -0.001 v 0.158 ent 1.97 vMAE 2.76分)  采集14s
iter  175  样本5610  loss -0.091 (pi -0.013 v 0.161 ent 1.98 vMAE 2.71分)  采集12s
iter  176  样本5251  loss -0.111 (pi -0.035 v 0.163 ent 1.97 vMAE 2.79分)  采集14s
iter  177  样本5089  loss -0.127 (pi -0.071 v 0.207 ent 1.99 vMAE 3.22分)  采集11s
iter  178  样本5241  loss -0.110 (pi -0.045 v 0.188 ent 1.99 vMAE 3.00分)  采集12s
iter  179  样本5223  loss -0.145 (pi -0.054 v 0.136 ent 1.99 vMAE 2.54分)  采集12s
iter  180  样本5408  loss -0.116 (pi -0.037 v 0.158 ent 1.97 vMAE 2.75分)  采集14s  | 评估 vs 3×v31n: 胜率 19.8% 场均 -0.84
iter  181  样本5273  loss -0.097 (pi -0.022 v 0.162 ent 1.95 vMAE 2.79分)  采集13s
iter  182  样本5161  loss -0.082 (pi -0.035 v 0.219 ent 1.96 vMAE 3.32分)  采集11s
iter  183  样本5419  loss -0.096 (pi -0.024 v 0.171 ent 1.97 vMAE 2.81分)  采集12s
iter  184  样本5318  loss -0.079 (pi -0.015 v 0.191 ent 1.98 vMAE 3.12分)  采集15s
iter  185  样本5279  loss -0.123 (pi -0.051 v 0.172 ent 1.98 vMAE 2.98分)  采集11s
iter  186  样本5387  loss -0.078 (pi -0.017 v 0.194 ent 1.97 vMAE 3.02分)  采集12s
iter  187  样本5372  loss -0.090 (pi -0.009 v 0.159 ent 2.00 vMAE 2.66分)  采集14s
iter  188  样本5137  loss -0.095 (pi -0.018 v 0.166 ent 1.99 vMAE 2.71分)  采集11s
iter  189  样本5229  loss -0.126 (pi -0.054 v 0.175 ent 2.00 vMAE 3.03分)  采集13s
iter  190  样本5184  loss -0.159 (pi -0.084 v 0.170 ent 2.00 vMAE 2.85分)  采集13s
iter  191  样本5203  loss -0.092 (pi -0.022 v 0.177 ent 1.99 vMAE 2.88分)  采集12s
iter  192  样本5165  loss -0.099 (pi -0.013 v 0.148 ent 2.00 vMAE 2.71分)  采集12s
iter  193  样本5142  loss -0.071 (pi +0.005 v 0.169 ent 2.00 vMAE 2.80分)  采集13s
iter  194  样本4839  loss -0.094 (pi -0.037 v 0.203 ent 1.99 vMAE 3.23分)  采集13s
iter  195  样本5306  loss -0.107 (pi -0.034 v 0.172 ent 1.99 vMAE 2.79分)  采集11s
iter  196  样本5222  loss -0.083 (pi -0.008 v 0.169 ent 1.99 vMAE 2.88分)  采集14s
iter  197  样本5201  loss -0.101 (pi -0.035 v 0.188 ent 2.00 vMAE 3.10分)  采集13s
iter  198  样本5478  loss -0.069 (pi +0.007 v 0.162 ent 1.96 vMAE 2.86分)  采集12s
iter  199  样本5573  loss -0.090 (pi -0.011 v 0.160 ent 1.99 vMAE 2.82分)  采集15s
iter  200  样本5206  loss -0.122 (pi -0.052 v 0.181 ent 2.01 vMAE 2.97分)  采集12s  | 评估 vs 3×v31n: 胜率 19.8% 场均 -0.78
iter  201  样本5160  loss -0.126 (pi -0.053 v 0.175 ent 2.00 vMAE 2.94分)  采集9s
iter  202  样本5340  loss -0.084 (pi -0.010 v 0.167 ent 1.97 vMAE 2.92分)  采集15s
iter  203  样本5289  loss -0.142 (pi -0.064 v 0.169 ent 2.03 vMAE 2.82分)  采集13s
iter  204  样本5264  loss -0.111 (pi -0.024 v 0.147 ent 2.01 vMAE 2.67分)  采集13s
iter  205  样本5326  loss -0.085 (pi -0.013 v 0.173 ent 1.98 vMAE 2.88分)  采集13s
iter  206  样本5446  loss -0.101 (pi -0.041 v 0.202 ent 2.01 vMAE 3.14分)  采集12s
iter  207  样本4996  loss -0.142 (pi -0.069 v 0.182 ent 2.05 vMAE 2.95分)  采集13s
iter  208  样本5637  loss -0.094 (pi -0.003 v 0.136 ent 2.00 vMAE 2.54分)  采集14s
iter  209  样本5278  loss -0.138 (pi -0.063 v 0.172 ent 2.01 vMAE 2.95分)  采集10s
iter  210  样本5405  loss -0.085 (pi -0.012 v 0.180 ent 2.04 vMAE 2.90分)  采集13s
iter  211  样本5360  loss -0.101 (pi -0.029 v 0.183 ent 2.03 vMAE 2.86分)  采集14s
iter  212  样本5398  loss -0.107 (pi -0.034 v 0.173 ent 1.99 vMAE 2.88分)  采集12s
iter  213  样本5499  loss -0.109 (pi -0.035 v 0.177 ent 2.03 vMAE 2.97分)  采集10s
iter  214  样本5378  loss -0.136 (pi -0.074 v 0.199 ent 2.02 vMAE 3.11分)  采集14s
iter  215  样本5387  loss -0.116 (pi -0.039 v 0.170 ent 2.01 vMAE 2.94分)  采集14s
iter  216  样本5313  loss -0.114 (pi -0.049 v 0.193 ent 2.02 vMAE 3.05分)  采集12s
iter  217  样本5323  loss -0.155 (pi -0.071 v 0.151 ent 2.00 vMAE 2.71分)  采集10s
iter  218  样本5322  loss -0.100 (pi -0.032 v 0.186 ent 2.01 vMAE 2.99分)  采集14s
iter  219  样本5390  loss -0.053 (pi +0.004 v 0.203 ent 1.98 vMAE 3.22分)  采集14s
iter  220  样本5228  loss -0.129 (pi -0.055 v 0.174 ent 2.00 vMAE 2.87分)  采集12s  | 评估 vs 3×v31n: 胜率 15.6% 场均 -1.17
iter  221  样本5355  loss -0.120 (pi -0.033 v 0.147 ent 2.01 vMAE 2.67分)  采集10s
iter  222  样本5390  loss -0.108 (pi -0.025 v 0.158 ent 2.01 vMAE 2.82分)  采集11s
iter  223  样本5230  loss -0.107 (pi -0.036 v 0.179 ent 2.00 vMAE 2.93分)  采集15s
iter  224  样本5391  loss -0.087 (pi -0.025 v 0.197 ent 2.01 vMAE 3.10分)  采集13s
iter  225  样本5349  loss -0.112 (pi -0.046 v 0.190 ent 2.01 vMAE 3.14分)  采集13s
iter  226  样本5275  loss -0.109 (pi -0.039 v 0.181 ent 2.01 vMAE 3.00分)  采集13s
iter  227  样本5270  loss -0.088 (pi -0.013 v 0.174 ent 2.02 vMAE 2.80分)  采集12s
iter  228  样本5035  loss -0.127 (pi -0.035 v 0.135 ent 1.99 vMAE 2.54分)  采集13s
iter  229  样本5137  loss -0.086 (pi -0.006 v 0.158 ent 2.00 vMAE 2.76分)  采集12s
iter  230  样本5192  loss -0.104 (pi -0.020 v 0.152 ent 2.00 vMAE 2.74分)  采集13s
iter  231  样本5095  loss -0.091 (pi -0.008 v 0.158 ent 2.02 vMAE 2.75分)  采集12s
iter  232  样本5220  loss -0.113 (pi -0.037 v 0.168 ent 2.00 vMAE 2.89分)  采集13s
iter  233  样本5141  loss -0.093 (pi -0.013 v 0.162 ent 2.01 vMAE 2.84分)  采集12s
iter  234  样本5408  loss -0.063 (pi +0.002 v 0.188 ent 1.98 vMAE 3.10分)  采集12s
iter  235  样本5490  loss -0.058 (pi +0.045 v 0.116 ent 2.02 vMAE 2.32分)  采集14s
iter  236  样本5362  loss -0.088 (pi -0.015 v 0.175 ent 2.01 vMAE 2.94分)  采集12s
iter  237  样本5432  loss -0.093 (pi -0.023 v 0.177 ent 1.98 vMAE 3.05分)  采集14s
iter  238  样本5286  loss -0.107 (pi -0.030 v 0.166 ent 2.00 vMAE 2.87分)  采集11s
iter  239  样本5296  loss -0.104 (pi -0.030 v 0.176 ent 2.03 vMAE 2.95分)  采集14s
iter  240  样本5370  loss -0.086 (pi -0.003 v 0.156 ent 2.02 vMAE 2.82分)  采集14s  | 评估 vs 3×v31n: 胜率 12.5% 场均 -1.53
iter  241  样本5266  loss -0.131 (pi -0.056 v 0.173 ent 2.01 vMAE 2.92分)  采集10s
iter  242  样本5010  loss -0.121 (pi -0.058 v 0.201 ent 2.03 vMAE 3.16分)  采集13s
iter  243  样本4904  loss -0.124 (pi -0.050 v 0.176 ent 2.03 vMAE 2.96分)  采集13s
iter  244  样本5491  loss -0.075 (pi -0.007 v 0.187 ent 2.02 vMAE 3.10分)  采集13s
iter  245  样本5213  loss -0.102 (pi -0.023 v 0.165 ent 2.02 vMAE 2.83分)  采集11s
iter  246  样本5378  loss -0.092 (pi -0.011 v 0.160 ent 2.02 vMAE 2.77分)  采集12s
iter  247  样本5454  loss -0.109 (pi -0.033 v 0.174 ent 2.03 vMAE 2.95分)  采集12s
iter  248  样本5138  loss -0.115 (pi -0.045 v 0.185 ent 2.02 vMAE 3.08分)  采集13s
iter  249  样本5045  loss -0.106 (pi -0.023 v 0.161 ent 2.04 vMAE 2.88分)  采集12s
iter  250  样本5083  loss -0.109 (pi -0.030 v 0.165 ent 2.02 vMAE 2.89分)  采集12s
iter  251  样本5192  loss -0.086 (pi -0.009 v 0.167 ent 2.00 vMAE 2.86分)  采集13s
iter  252  样本5047  loss -0.110 (pi -0.029 v 0.163 ent 2.03 vMAE 2.86分)  采集12s
iter  253  样本5208  loss -0.126 (pi -0.036 v 0.142 ent 2.02 vMAE 2.66分)  采集12s
iter  254  样本5314  loss -0.122 (pi -0.042 v 0.166 ent 2.05 vMAE 2.84分)  采集12s
iter  255  样本5311  loss -0.109 (pi -0.041 v 0.185 ent 2.00 vMAE 3.06分)  采集12s
iter  256  样本5192  loss -0.100 (pi -0.023 v 0.166 ent 2.01 vMAE 2.92分)  采集13s
iter  257  样本5274  loss -0.098 (pi -0.023 v 0.172 ent 2.01 vMAE 2.89分)  采集12s
iter  258  样本5292  loss -0.101 (pi -0.019 v 0.154 ent 1.99 vMAE 2.78分)  采集13s
iter  259  样本4972  loss -0.144 (pi -0.060 v 0.155 ent 2.02 vMAE 2.79分)  采集12s
iter  260  样本5006  loss -0.104 (pi -0.022 v 0.154 ent 1.99 vMAE 2.76分)  采集11s  | 评估 vs 3×v31n: 胜率 10.4% 场均 -1.69
iter  261  样本5275  loss -0.110 (pi -0.045 v 0.187 ent 1.98 vMAE 3.00分)  采集13s
iter  262  样本5137  loss -0.116 (pi -0.057 v 0.199 ent 1.98 vMAE 3.23分)  采集12s
iter  263  样本5402  loss -0.099 (pi -0.028 v 0.176 ent 1.98 vMAE 2.98分)  采集13s
iter  264  样本5614  loss -0.104 (pi -0.026 v 0.162 ent 1.98 vMAE 2.92分)  采集15s
iter  265  样本5091  loss -0.101 (pi -0.049 v 0.215 ent 1.99 vMAE 3.26分)  采集11s
iter  266  样本4992  loss -0.143 (pi -0.090 v 0.212 ent 1.99 vMAE 3.30分)  采集12s
iter  267  样本5251  loss -0.106 (pi -0.048 v 0.201 ent 1.98 vMAE 3.21分)  采集13s
iter  268  样本4956  loss -0.096 (pi -0.024 v 0.172 ent 1.98 vMAE 3.09分)  采集11s
iter  269  样本4870  loss -0.112 (pi -0.039 v 0.172 ent 1.99 vMAE 2.97分)  采集12s
iter  270  样本5270  loss -0.090 (pi -0.017 v 0.174 ent 1.99 vMAE 2.92分)  采集13s
iter  271  样本5080  loss -0.087 (pi -0.014 v 0.166 ent 1.95 vMAE 2.95分)  采集12s
iter  272  样本4817  loss -0.125 (pi -0.040 v 0.143 ent 1.95 vMAE 2.72分)  采集12s
iter  273  样本5013  loss -0.103 (pi -0.047 v 0.201 ent 1.97 vMAE 3.27分)  采集12s
iter  274  样本4824  loss -0.090 (pi -0.034 v 0.202 ent 1.96 vMAE 3.17分)  采集12s
iter  275  样本5222  loss -0.116 (pi -0.045 v 0.168 ent 1.95 vMAE 2.96分)  采集13s
iter  276  样本5112  loss -0.102 (pi -0.028 v 0.167 ent 1.97 vMAE 2.93分)  采集12s
iter  277  样本4969  loss -0.092 (pi -0.012 v 0.156 ent 1.97 vMAE 2.72分)  采集12s
iter  278  样本5015  loss -0.123 (pi -0.055 v 0.180 ent 1.97 vMAE 3.10分)  采集11s
iter  279  样本5035  loss -0.079 (pi -0.001 v 0.161 ent 1.98 vMAE 2.83分)  采集14s
iter  280  样本5082  loss -0.093 (pi -0.018 v 0.164 ent 1.96 vMAE 2.90分)  采集12s  | 评估 vs 3×v31n: 胜率 15.6% 场均 -1.24
iter  281  样本5039  loss -0.082 (pi -0.012 v 0.179 ent 1.99 vMAE 3.00分)  采集9s
iter  282  样本4878  loss -0.127 (pi -0.045 v 0.154 ent 1.99 vMAE 2.80分)  采集14s
iter  283  样本5055  loss -0.086 (pi -0.006 v 0.159 ent 1.99 vMAE 2.79分)  采集12s
iter  284  样本5197  loss -0.088 (pi -0.003 v 0.151 ent 2.00 vMAE 2.68分)  采集11s
iter  285  样本5334  loss -0.058 (pi +0.021 v 0.156 ent 1.96 vMAE 2.73分)  采集14s
iter  286  样本5116  loss -0.123 (pi -0.034 v 0.143 ent 2.00 vMAE 2.72分)  采集13s
iter  287  样本5108  loss -0.105 (pi -0.036 v 0.184 ent 2.01 vMAE 3.13分)  采集10s
iter  288  样本4945  loss -0.087 (pi -0.011 v 0.169 ent 2.02 vMAE 3.00分)  采集13s
iter  289  样本5380  loss -0.075 (pi -0.005 v 0.178 ent 1.99 vMAE 3.07分)  采集14s
iter  290  样本5201  loss -0.068 (pi +0.011 v 0.161 ent 2.00 vMAE 2.82分)  采集11s
iter  291  样本5175  loss -0.082 (pi -0.017 v 0.191 ent 2.00 vMAE 3.20分)  采集12s
iter  292  样本5103  loss -0.112 (pi -0.054 v 0.207 ent 2.03 vMAE 3.28分)  采集12s
iter  293  样本4543  loss -0.121 (pi -0.046 v 0.175 ent 2.03 vMAE 3.00分)  采集11s
iter  294  样本5201  loss -0.099 (pi -0.013 v 0.151 ent 2.02 vMAE 2.74分)  采集12s
iter  295  样本4992  loss -0.112 (pi -0.027 v 0.157 ent 2.05 vMAE 2.76分)  采集13s
iter  296  样本5301  loss -0.125 (pi -0.046 v 0.164 ent 2.01 vMAE 2.87分)  采集12s
iter  297  样本5329  loss -0.106 (pi -0.031 v 0.176 ent 2.04 vMAE 2.96分)  采集12s
iter  298  样本5177  loss -0.125 (pi -0.042 v 0.158 ent 2.03 vMAE 2.81分)  采集14s
iter  299  样本5529  loss -0.113 (pi -0.025 v 0.147 ent 2.01 vMAE 2.62分)  采集12s
iter  300  样本5108  loss -0.087 (pi -0.006 v 0.161 ent 2.02 vMAE 2.83分)  采集12s  | 评估 vs 3×v31n: 胜率 9.4% 场均 -1.97
完成。最佳评估胜率 19.8%, 模型在 models/acnn_latest.pt
