采到 8827 个状态 (3333 局, 38s)
  ...状态 150/8827  重放 3600 局
  ...状态 300/8827  重放 3600 局
  ...状态 450/8827  重放 3600 局
  ...状态 600/8827  重放 3600 局
  ...状态 750/8827  重放 3600 局
  ...状态 900/8827  重放 3600 局
  ...状态 1050/8827  重放 3600 局
  ...状态 1200/8827  重放 3600 局
  ...状态 1350/8827  重放 3600 局
  ...状态 1500/8827  重放 3600 局
  ...状态 1650/8827  重放 3600 局
  ...状态 1800/8827  重放 3600 局
  ...状态 1950/8827  重放 3600 局
  ...状态 2100/8827  重放 3600 局
  ...状态 2250/8827  重放 3600 局
  ...状态 2400/8827  重放 3600 局
  ...状态 2550/8827  重放 3600 局
  ...状态 2700/8827  重放 3600 局
  ...状态 2850/8827  重放 3600 局
  ...状态 3000/8827  重放 3600 局
  ...状态 3150/8827  重放 3600 局
  ...状态 3300/8827  重放 3600 局
  ...状态 3450/8827  重放 3600 局
  ...状态 3600/8827  重放 3600 局
  ...状态 3750/8827  重放 3600 局
  ...状态 3900/8827  重放 3600 局
  ...状态 4050/8827  重放 3592 局
  ...状态 4200/8827  重放 3600 局
  ...状态 4350/8827  重放 3600 局
  ...状态 4500/8827  重放 3600 局
  ...状态 4650/8827  重放 3600 局
  ...状态 4800/8827  重放 3600 局
  ...状态 4950/8827  重放 3600 局
  ...状态 5100/8827  重放 3600 局
  ...状态 5250/8827  重放 3600 局
  ...状态 5400/8827  重放 3600 局
  ...状态 5550/8827  重放 3600 局
  ...状态 5700/8827  重放 3600 局
  ...状态 5850/8827  重放 3600 局
  ...状态 6000/8827  重放 3600 局
  ...状态 6150/8827  重放 3600 局
  ...状态 6300/8827  重放 3600 局
  ...状态 6450/8827  重放 3600 局
  ...状态 6600/8827  重放 3600 局
  ...状态 6750/8827  重放 3600 局
  ...状态 6900/8827  重放 3600 局
  ...状态 7050/8827  重放 3600 局
  ...状态 7200/8827  重放 3600 局
  ...状态 7350/8827  重放 3600 局
  ...状态 7500/8827  重放 3600 局
  ...状态 7650/8827  重放 3600 局
  ...状态 7800/8827  重放 3600 局
  ...状态 7950/8827  重放 3600 局
  ...状态 8100/8827  重放 3600 局
  ...状态 8250/8827  重放 3600 局
  ...状态 8400/8827  重放 3600 局
  ...状态 8550/8827  重放 3600 局
  ...状态 8700/8827  重放 3600 局
  ...状态 8827/8827  重放 3048 局
打分完成 1175s
已存 models/teach_6.npz  8827 条; 教师与当前策略分歧 50.2%
教师最优 vs 当前选择的奖励差: 均 +0.4078 (>0 表示教师找到更好的)
