采到 3341 个状态 (1259 局, 14s)
  ...状态 150/3341  重放 28800 局
  ...状态 300/3341  重放 28800 局
  ...状态 450/3341  重放 28800 局
  ...状态 600/3341  重放 28800 局
  ...状态 750/3341  重放 28800 局
  ...状态 900/3341  重放 28800 局
  ...状态 1050/3341  重放 28800 局
  ...状态 1200/3341  重放 28800 局
  ...状态 1350/3341  重放 28800 局
  ...状态 1500/3341  重放 28800 局
  ...状态 1650/3341  重放 28800 局
  ...状态 1800/3341  重放 28800 局
  ...状态 1950/3341  重放 28800 局
  ...状态 2100/3341  重放 28800 局
  ...状态 2250/3341  重放 28800 局
  ...状态 2400/3341  重放 28736 局
  ...状态 2550/3341  重放 28800 局
  ...状态 2700/3341  重放 28800 局
  ...状态 2850/3341  重放 28800 局
  ...状态 3000/3341  重放 28800 局
  ...状态 3150/3341  重放 28800 局
  ...状态 3300/3341  重放 28800 局
  ...状态 3341/3341  重放 7808 局
打分完成 3448s
已存 models/teach64b_3.npz  3341 条; 教师与当前策略分歧 55.4%
教师最优 vs 当前选择的奖励差: 均 +0.2677 (>0 表示教师找到更好的)
