采到 8857 个状态 (3333 局, 38s)
  ...状态 150/8857  重放 3600 局
  ...状态 300/8857  重放 3600 局
  ...状态 450/8857  重放 3600 局
  ...状态 600/8857  重放 3600 局
  ...状态 750/8857  重放 3600 局
  ...状态 900/8857  重放 3600 局
  ...状态 1050/8857  重放 3600 局
  ...状态 1200/8857  重放 3600 局
  ...状态 1350/8857  重放 3600 局
  ...状态 1500/8857  重放 3600 局
  ...状态 1650/8857  重放 3600 局
  ...状态 1800/8857  重放 3600 局
  ...状态 1950/8857  重放 3600 局
  ...状态 2100/8857  重放 3600 局
  ...状态 2250/8857  重放 3600 局
  ...状态 2400/8857  重放 3600 局
  ...状态 2550/8857  重放 3600 局
  ...状态 2700/8857  重放 3600 局
  ...状态 2850/8857  重放 3600 局
  ...状态 3000/8857  重放 3600 局
  ...状态 3150/8857  重放 3600 局
  ...状态 3300/8857  重放 3600 局
  ...状态 3450/8857  重放 3600 局
  ...状态 3600/8857  重放 3600 局
  ...状态 3750/8857  重放 3600 局
  ...状态 3900/8857  重放 3600 局
  ...状态 4050/8857  重放 3600 局
  ...状态 4200/8857  重放 3600 局
  ...状态 4350/8857  重放 3600 局
  ...状态 4500/8857  重放 3600 局
  ...状态 4650/8857  重放 3600 局
  ...状态 4800/8857  重放 3600 局
  ...状态 4950/8857  重放 3600 局
  ...状态 5100/8857  重放 3600 局
  ...状态 5250/8857  重放 3600 局
  ...状态 5400/8857  重放 3600 局
  ...状态 5550/8857  重放 3600 局
  ...状态 5700/8857  重放 3600 局
  ...状态 5850/8857  重放 3600 局
  ...状态 6000/8857  重放 3600 局
  ...状态 6150/8857  重放 3600 局
  ...状态 6300/8857  重放 3600 局
  ...状态 6450/8857  重放 3600 局
  ...状态 6600/8857  重放 3600 局
  ...状态 6750/8857  重放 3600 局
  ...状态 6900/8857  重放 3600 局
  ...状态 7050/8857  重放 3600 局
  ...状态 7200/8857  重放 3592 局
  ...状态 7350/8857  重放 3600 局
  ...状态 7500/8857  重放 3600 局
  ...状态 7650/8857  重放 3600 局
  ...状态 7800/8857  重放 3600 局
  ...状态 7950/8857  重放 3600 局
  ...状态 8100/8857  重放 3600 局
  ...状态 8250/8857  重放 3600 局
  ...状态 8400/8857  重放 3600 局
  ...状态 8550/8857  重放 3600 局
  ...状态 8700/8857  重放 3592 局
  ...状态 8850/8857  重放 3600 局
  ...状态 8857/8857  重放 168 局
打分完成 1182s
已存 models/teach_5.npz  8857 条; 教师与当前策略分歧 50.5%
教师最优 vs 当前选择的奖励差: 均 +0.4182 (>0 表示教师找到更好的)
