采到 3310 个状态 (1259 局, 14s)
  ...状态 150/3310  重放 28800 局
  ...状态 300/3310  重放 28800 局
  ...状态 450/3310  重放 28800 局
  ...状态 600/3310  重放 28800 局
  ...状态 750/3310  重放 28800 局
  ...状态 900/3310  重放 28800 局
  ...状态 1050/3310  重放 28800 局
  ...状态 1200/3310  重放 28800 局
  ...状态 1350/3310  重放 28800 局
  ...状态 1500/3310  重放 28800 局
  ...状态 1650/3310  重放 28800 局
  ...状态 1800/3310  重放 28800 局
  ...状态 1950/3310  重放 28800 局
  ...状态 2100/3310  重放 28800 局
  ...状态 2250/3310  重放 28800 局
  ...状态 2400/3310  重放 28800 局
  ...状态 2550/3310  重放 28800 局
  ...状态 2700/3310  重放 28800 局
  ...状态 2850/3310  重放 28800 局
  ...状态 3000/3310  重放 28800 局
  ...状态 3150/3310  重放 28800 局
  ...状态 3300/3310  重放 28800 局
  ...状态 3310/3310  重放 1920 局
打分完成 3423s
已存 models/teach64b_5.npz  3310 条; 教师与当前策略分歧 54.3%
教师最优 vs 当前选择的奖励差: 均 +0.2435 (>0 表示教师找到更好的)
