采到 3350 个状态 (1259 局, 15s)
  ...状态 150/3350  重放 28800 局
  ...状态 300/3350  重放 28800 局
  ...状态 450/3350  重放 28800 局
  ...状态 600/3350  重放 28800 局
  ...状态 750/3350  重放 28800 局
  ...状态 900/3350  重放 28800 局
  ...状态 1050/3350  重放 28800 局
  ...状态 1200/3350  重放 28800 局
  ...状态 1350/3350  重放 28800 局
  ...状态 1500/3350  重放 28800 局
  ...状态 1650/3350  重放 28800 局
  ...状态 1800/3350  重放 28800 局
  ...状态 1950/3350  重放 28800 局
  ...状态 2100/3350  重放 28800 局
  ...状态 2250/3350  重放 28800 局
  ...状态 2400/3350  重放 28800 局
  ...状态 2550/3350  重放 28800 局
  ...状态 2700/3350  重放 28800 局
  ...状态 2850/3350  重放 28736 局
  ...状态 3000/3350  重放 28800 局
  ...状态 3150/3350  重放 28800 局
  ...状态 3300/3350  重放 28800 局
  ...状态 3350/3350  重放 9600 局
打分完成 3452s
已存 models/teach64b_2.npz  3350 条; 教师与当前策略分歧 54.3%
教师最优 vs 当前选择的奖励差: 均 +0.2708 (>0 表示教师找到更好的)
