采到 8886 个状态 (3333 局, 39s)
  ...状态 150/8886  重放 3600 局
  ...状态 300/8886  重放 3600 局
  ...状态 450/8886  重放 3600 局
  ...状态 600/8886  重放 3600 局
  ...状态 750/8886  重放 3600 局
  ...状态 900/8886  重放 3600 局
  ...状态 1050/8886  重放 3600 局
  ...状态 1200/8886  重放 3600 局
  ...状态 1350/8886  重放 3600 局
  ...状态 1500/8886  重放 3600 局
  ...状态 1650/8886  重放 3600 局
  ...状态 1800/8886  重放 3600 局
  ...状态 1950/8886  重放 3600 局
  ...状态 2100/8886  重放 3600 局
  ...状态 2250/8886  重放 3600 局
  ...状态 2400/8886  重放 3600 局
  ...状态 2550/8886  重放 3600 局
  ...状态 2700/8886  重放 3600 局
  ...状态 2850/8886  重放 3600 局
  ...状态 3000/8886  重放 3600 局
  ...状态 3150/8886  重放 3600 局
  ...状态 3300/8886  重放 3600 局
  ...状态 3450/8886  重放 3600 局
  ...状态 3600/8886  重放 3600 局
  ...状态 3750/8886  重放 3600 局
  ...状态 3900/8886  重放 3600 局
  ...状态 4050/8886  重放 3600 局
  ...状态 4200/8886  重放 3600 局
  ...状态 4350/8886  重放 3600 局
  ...状态 4500/8886  重放 3600 局
  ...状态 4650/8886  重放 3600 局
  ...状态 4800/8886  重放 3600 局
  ...状态 4950/8886  重放 3600 局
  ...状态 5100/8886  重放 3600 局
  ...状态 5250/8886  重放 3600 局
  ...状态 5400/8886  重放 3592 局
  ...状态 5550/8886  重放 3600 局
  ...状态 5700/8886  重放 3600 局
  ...状态 5850/8886  重放 3600 局
  ...状态 6000/8886  重放 3600 局
  ...状态 6150/8886  重放 3600 局
  ...状态 6300/8886  重放 3600 局
  ...状态 6450/8886  重放 3600 局
  ...状态 6600/8886  重放 3600 局
  ...状态 6750/8886  重放 3592 局
  ...状态 6900/8886  重放 3600 局
  ...状态 7050/8886  重放 3600 局
  ...状态 7200/8886  重放 3600 局
  ...状态 7350/8886  重放 3600 局
  ...状态 7500/8886  重放 3600 局
  ...状态 7650/8886  重放 3600 局
  ...状态 7800/8886  重放 3600 局
  ...状态 7950/8886  重放 3592 局
  ...状态 8100/8886  重放 3592 局
  ...状态 8250/8886  重放 3600 局
  ...状态 8400/8886  重放 3600 局
  ...状态 8550/8886  重放 3600 局
  ...状态 8700/8886  重放 3600 局
  ...状态 8850/8886  重放 3600 局
  ...状态 8886/8886  重放 856 局
打分完成 1193s
已存 models/teach_3.npz  8886 条; 教师与当前策略分歧 50.0%
教师最优 vs 当前选择的奖励差: 均 +0.4047 (>0 表示教师找到更好的)
