采到 3326 个状态 (1259 局, 14s)
  ...状态 150/3326  重放 28800 局
  ...状态 300/3326  重放 28800 局
  ...状态 450/3326  重放 28800 局
  ...状态 600/3326  重放 28800 局
  ...状态 750/3326  重放 28800 局
  ...状态 900/3326  重放 28800 局
  ...状态 1050/3326  重放 28800 局
  ...状态 1200/3326  重放 28800 局
  ...状态 1350/3326  重放 28800 局
  ...状态 1500/3326  重放 28800 局
  ...状态 1650/3326  重放 28800 局
  ...状态 1800/3326  重放 28800 局
  ...状态 1950/3326  重放 28800 局
  ...状态 2100/3326  重放 28800 局
  ...状态 2250/3326  重放 28800 局
  ...状态 2400/3326  重放 28800 局
  ...状态 2550/3326  重放 28800 局
  ...状态 2700/3326  重放 28800 局
  ...状态 2850/3326  重放 28800 局
  ...状态 3000/3326  重放 28800 局
  ...状态 3150/3326  重放 28800 局
  ...状态 3300/3326  重放 28800 局
  ...状态 3326/3326  重放 4992 局
打分完成 3467s
已存 models/teach64b_4.npz  3326 条; 教师与当前策略分歧 52.0%
教师最优 vs 当前选择的奖励差: 均 +0.2465 (>0 表示教师找到更好的)
