采到 3337 个状态 (1259 局, 14s)
  ...状态 150/3337  重放 28800 局
  ...状态 300/3337  重放 28800 局
  ...状态 450/3337  重放 28800 局
  ...状态 600/3337  重放 28800 局
  ...状态 750/3337  重放 28800 局
  ...状态 900/3337  重放 28800 局
  ...状态 1050/3337  重放 28800 局
  ...状态 1200/3337  重放 28800 局
  ...状态 1350/3337  重放 28800 局
  ...状态 1500/3337  重放 28800 局
  ...状态 1650/3337  重放 28800 局
  ...状态 1800/3337  重放 28800 局
  ...状态 1950/3337  重放 28800 局
  ...状态 2100/3337  重放 28800 局
  ...状态 2250/3337  重放 28800 局
  ...状态 2400/3337  重放 28800 局
  ...状态 2550/3337  重放 28800 局
  ...状态 2700/3337  重放 28800 局
  ...状态 2850/3337  重放 28800 局
  ...状态 3000/3337  重放 28800 局
  ...状态 3150/3337  重放 28800 局
  ...状态 3300/3337  重放 28800 局
  ...状态 3337/3337  重放 7104 局
打分完成 3431s
已存 models/teach64b_0.npz  3337 条; 教师与当前策略分歧 54.2%
教师最优 vs 当前选择的奖励差: 均 +0.2494 (>0 表示教师找到更好的)
