/opt/conda/envs/python3.10/lib/python3.10/site-packages/torch/cuda/__init__.py:61: FutureWarning: The pynvml package is deprecated. Please install nvidia-ml-py instead. If you did not install pynvml directly, please report this to the maintainers of the package that installed pynvml for you.
  import pynvml  # type: ignore[import]
models/k0_nn_fix_fw.npz: 73988 条 (验证 3699) 软标签; value有效=73988; split=ROW-ONLY legacy; strength requires fresh games
models/k0_nn.npz: 103934 条 (验证 5196) 软标签; value有效=103934; split=ROW-ONLY legacy; strength requires fresh games
models/k0_nn_r2.npz: 56180 条 (验证 2809) 软标签; value有效=56180; split=ROW-ONLY legacy; strength requires fresh games
models/k0_nn_fw.npz: 42416 条 (验证 2120) 软标签; value有效=42416; split=ROW-ONLY legacy; strength requires fresh games
训练样本(加权后) 473561   权重 [4.0, 1.0, 1.0, 1.0]
热启动 models/bc_r2_s3.pt
epoch  1 loss 1.3703 | k0_nn_fix_fw.npz 命中 0.5539 | k0_nn.npz 命中 0.6851 | k0_nn_r2.npz 命中 0.7038 | k0_nn_fw.npz 命中 0.6269 
epoch  2 loss 1.2676 | k0_nn_fix_fw.npz 命中 0.5583 | k0_nn.npz 命中 0.6955 | k0_nn_r2.npz 命中 0.7024 | k0_nn_fw.npz 命中 0.6462 
epoch  3 loss 1.2480 | k0_nn_fix_fw.npz 命中 0.5602 | k0_nn.npz 命中 0.6971 | k0_nn_r2.npz 命中 0.7049 | k0_nn_fw.npz 命中 0.6500 
epoch  4 loss 1.2356 | k0_nn_fix_fw.npz 命中 0.5588 | k0_nn.npz 命中 0.6971 | k0_nn_r2.npz 命中 0.6995 | k0_nn_fw.npz 命中 0.6519 
epoch  5 loss 1.2263 | k0_nn_fix_fw.npz 命中 0.5656 | k0_nn.npz 命中 0.6971 | k0_nn_r2.npz 命中 0.6999 | k0_nn_fw.npz 命中 0.6538 
epoch  6 loss 1.2191 | k0_nn_fix_fw.npz 命中 0.5656 | k0_nn.npz 命中 0.7021 | k0_nn_r2.npz 命中 0.7010 | k0_nn_fw.npz 命中 0.6604 
epoch  7 loss 1.2135 | k0_nn_fix_fw.npz 命中 0.5642 | k0_nn.npz 命中 0.7005 | k0_nn_r2.npz 命中 0.7006 | k0_nn_fw.npz 命中 0.6566 
epoch  8 loss 1.2093 | k0_nn_fix_fw.npz 命中 0.5645 | k0_nn.npz 命中 0.6994 | k0_nn_r2.npz 命中 0.6978 | k0_nn_fw.npz 命中 0.6571 
epoch  9 loss 1.2061 | k0_nn_fix_fw.npz 命中 0.5637 | k0_nn.npz 命中 0.7005 | k0_nn_r2.npz 命中 0.6963 | k0_nn_fw.npz 命中 0.6566 
epoch 10 loss 1.2041 | k0_nn_fix_fw.npz 命中 0.5639 | k0_nn.npz 命中 0.7003 | k0_nn_r2.npz 命中 0.6978 | k0_nn_fw.npz 命中 0.6566 
epoch 11 loss 1.2028 | k0_nn_fix_fw.npz 命中 0.5647 | k0_nn.npz 命中 0.6998 | k0_nn_r2.npz 命中 0.6963 | k0_nn_fw.npz 命中 0.6547 
epoch 12 loss 1.2022 | k0_nn_fix_fw.npz 命中 0.5653 | k0_nn.npz 命中 0.6998 | k0_nn_r2.npz 命中 0.6970 | k0_nn_fw.npz 命中 0.6557 
固定训练预算终点: models/retrain_fix_20260905/fw_mix_s71_last.pt
已保存 models/retrain_fix_20260905/fw_mix_s71.pt  (自身分布命中 0.5656)
