/opt/conda/envs/python3.10/lib/python3.10/site-packages/torch/cuda/__init__.py:61: FutureWarning: The pynvml package is deprecated. Please install nvidia-ml-py instead. If you did not install pynvml directly, please report this to the maintainers of the package that installed pynvml for you.
  import pynvml  # type: ignore[import]
models/teach64_conf.npz: 1561 条 (验证 312) 教师标签; value有效=0; split=ROW-ONLY legacy; strength requires fresh games
models/k0_nn.npz: 103934 条 (验证 5196) 软标签; value有效=103934; split=ROW-ONLY legacy; strength requires fresh games
models/k0_nn_r2.npz: 56180 条 (验证 2809) 软标签; value有效=56180; split=ROW-ONLY legacy; strength requires fresh games
models/k0_nn_fw.npz: 42416 条 (验证 2120) 软标签; value有效=42416; split=ROW-ONLY legacy; strength requires fresh games
训练样本(加权后) 212389   权重 [16.0, 1.0, 1.0, 1.0]
热启动 models/bc_r2_s3.pt
epoch  1 loss 1.1153 | teach64_conf.npz 命中 0.4808 | k0_nn.npz 命中 0.6930 | k0_nn_r2.npz 命中 0.7010 | k0_nn_fw.npz 命中 0.6292 
epoch  2 loss 1.0148 | teach64_conf.npz 命中 0.4776 | k0_nn.npz 命中 0.7019 | k0_nn_r2.npz 命中 0.7010 | k0_nn_fw.npz 命中 0.6387 
epoch  3 loss 0.9978 | teach64_conf.npz 命中 0.4808 | k0_nn.npz 命中 0.7055 | k0_nn_r2.npz 命中 0.7074 | k0_nn_fw.npz 命中 0.6486 
epoch  4 loss 0.9894 | teach64_conf.npz 命中 0.4776 | k0_nn.npz 命中 0.7104 | k0_nn_r2.npz 命中 0.7177 | k0_nn_fw.npz 命中 0.6538 
epoch  5 loss 0.9842 | teach64_conf.npz 命中 0.4744 | k0_nn.npz 命中 0.7111 | k0_nn_r2.npz 命中 0.7127 | k0_nn_fw.npz 命中 0.6547 
epoch  6 loss 0.9805 | teach64_conf.npz 命中 0.4872 | k0_nn.npz 命中 0.7127 | k0_nn_r2.npz 命中 0.7091 | k0_nn_fw.npz 命中 0.6594 
epoch  7 loss 0.9778 | teach64_conf.npz 命中 0.4872 | k0_nn.npz 命中 0.7144 | k0_nn_r2.npz 命中 0.7074 | k0_nn_fw.npz 命中 0.6585 
epoch  8 loss 0.9758 | teach64_conf.npz 命中 0.4744 | k0_nn.npz 命中 0.7079 | k0_nn_r2.npz 命中 0.7095 | k0_nn_fw.npz 命中 0.6585 
epoch  9 loss 0.9743 | teach64_conf.npz 命中 0.4840 | k0_nn.npz 命中 0.7084 | k0_nn_r2.npz 命中 0.7084 | k0_nn_fw.npz 命中 0.6585 
epoch 10 loss 0.9732 | teach64_conf.npz 命中 0.4808 | k0_nn.npz 命中 0.7125 | k0_nn_r2.npz 命中 0.7088 | k0_nn_fw.npz 命中 0.6590 
epoch 11 loss 0.9725 | teach64_conf.npz 命中 0.4808 | k0_nn.npz 命中 0.7150 | k0_nn_r2.npz 命中 0.7091 | k0_nn_fw.npz 命中 0.6575 
epoch 12 loss 0.9722 | teach64_conf.npz 命中 0.4808 | k0_nn.npz 命中 0.7130 | k0_nn_r2.npz 命中 0.7081 | k0_nn_fw.npz 命中 0.6590 
固定训练预算终点: models/audit_recovery_20260905/anchor_s72_last.pt
已保存 models/audit_recovery_20260905/anchor_s72.pt  (自身分布命中 0.4872)
